=== RUN   TestBackpressureStatsQueueMetrics
--- PASS: TestBackpressureStatsQueueMetrics (0.01s)
=== RUN   TestStopBackpressureFlushesAndReturns
--- PASS: TestStopBackpressureFlushesAndReturns (0.01s)
=== RUN   TestFlushRemovesEmptyUnits
--- PASS: TestFlushRemovesEmptyUnits (0.01s)
=== RUN   TestBackpressureModeStatsLegacyVsAdaptive
--- PASS: TestBackpressureModeStatsLegacyVsAdaptive (0.02s)
=== RUN   TestWaitForStopWithConcurrentFlushTrigger
--- PASS: TestWaitForStopWithConcurrentFlushTrigger (0.00s)
=== RUN   TestCheckpointFlushStats
--- PASS: TestCheckpointFlushStats (0.01s)
=== RUN   TestAdaptiveBackpressureSelfHealsStaleBacklogStats
--- PASS: TestAdaptiveBackpressureSelfHealsStaleBacklogStats (0.00s)
=== RUN   TestBackpressureInvariantsAcrossWorkloads
=== RUN   TestBackpressureInvariantsAcrossWorkloads/sequential_sets
=== RUN   TestBackpressureInvariantsAcrossWorkloads/batch_writes
=== RUN   TestBackpressureInvariantsAcrossWorkloads/delete_overwrite_mix
=== RUN   TestBackpressureInvariantsAcrossWorkloads/manual_rotation
=== RUN   TestBackpressureInvariantsAcrossWorkloads/stop_backpressure_wait
=== RUN   TestBackpressureInvariantsAcrossWorkloads/concurrent_flush_trigger
--- PASS: TestBackpressureInvariantsAcrossWorkloads (0.04s)
    --- PASS: TestBackpressureInvariantsAcrossWorkloads/sequential_sets (0.01s)
    --- PASS: TestBackpressureInvariantsAcrossWorkloads/batch_writes (0.01s)
    --- PASS: TestBackpressureInvariantsAcrossWorkloads/delete_overwrite_mix (0.00s)
    --- PASS: TestBackpressureInvariantsAcrossWorkloads/manual_rotation (0.00s)
    --- PASS: TestBackpressureInvariantsAcrossWorkloads/stop_backpressure_wait (0.01s)
    --- PASS: TestBackpressureInvariantsAcrossWorkloads/concurrent_flush_trigger (0.00s)
=== RUN   TestComputeBackpressureThresholds_MaxBytesOnly
--- PASS: TestComputeBackpressureThresholds_MaxBytesOnly (0.00s)
=== RUN   TestComputeBackpressureThresholds_Seconds
--- PASS: TestComputeBackpressureThresholds_Seconds (0.00s)
=== RUN   TestComputeBackpressureThresholds_MaxBytesCapsSeconds
--- PASS: TestComputeBackpressureThresholds_MaxBytesCapsSeconds (0.00s)
=== RUN   TestComputeBackpressureThresholds_StopClampsSlowdown
--- PASS: TestComputeBackpressureThresholds_StopClampsSlowdown (0.00s)
=== RUN   TestWaitForStopSchedulesFlush
--- PASS: TestWaitForStopSchedulesFlush (0.01s)
=== RUN   TestCachingDB_CheckpointParallelBuildCompletes
--- PASS: TestCachingDB_CheckpointParallelBuildCompletes (0.03s)
=== RUN   TestCachingDB_Checkpoint_TrimsWAL
--- PASS: TestCachingDB_Checkpoint_TrimsWAL (0.05s)
=== RUN   TestCachingDB_AutoCheckpoint_TrimsWAL
--- PASS: TestCachingDB_AutoCheckpoint_TrimsWAL (0.26s)
=== RUN   TestCachingDB_AutoCheckpoint_IdleTrigger_TrimsWAL
--- PASS: TestCachingDB_AutoCheckpoint_IdleTrigger_TrimsWAL (0.14s)
=== RUN   TestCachingDB_AutoCheckpoint_IdleTrigger_SkipsTinyWrites
--- PASS: TestCachingDB_AutoCheckpoint_IdleTrigger_SkipsTinyWrites (0.21s)
=== RUN   TestCachingDB_AutoCheckpoint_SizeTrigger_TrimsWAL
--- PASS: TestCachingDB_AutoCheckpoint_SizeTrigger_TrimsWAL (0.04s)
=== RUN   TestCachingDB_AutoCheckpoint_SizeTrigger_SeedsExistingWAL
--- PASS: TestCachingDB_AutoCheckpoint_SizeTrigger_SeedsExistingWAL (0.03s)
=== RUN   TestCachingDB_AutoCheckpoint_SizeTrigger_DoesNotThrashWithRetainedValueLog
--- PASS: TestCachingDB_AutoCheckpoint_SizeTrigger_DoesNotThrashWithRetainedValueLog (0.43s)
=== RUN   TestCachingDB_CloseFlushesPendingMemtables
=== RUN   TestCachingDB_CloseFlushesPendingMemtables/wal_on_set
=== RUN   TestCachingDB_CloseFlushesPendingMemtables/wal_on_batch
=== RUN   TestCachingDB_CloseFlushesPendingMemtables/wal_off_set
=== RUN   TestCachingDB_CloseFlushesPendingMemtables/wal_off_batch
--- PASS: TestCachingDB_CloseFlushesPendingMemtables (0.09s)
    --- PASS: TestCachingDB_CloseFlushesPendingMemtables/wal_on_set (0.02s)
    --- PASS: TestCachingDB_CloseFlushesPendingMemtables/wal_on_batch (0.03s)
    --- PASS: TestCachingDB_CloseFlushesPendingMemtables/wal_off_set (0.02s)
    --- PASS: TestCachingDB_CloseFlushesPendingMemtables/wal_off_batch (0.02s)
=== RUN   TestCachingDB_CloseFlushesPendingMemtables_MultipleShards
--- PASS: TestCachingDB_CloseFlushesPendingMemtables_MultipleShards (0.03s)
=== RUN   TestCachingDB_CloseFlushesPendingMemtables_ValuePointers
=== RUN   TestCachingDB_CloseFlushesPendingMemtables_ValuePointers/set
=== RUN   TestCachingDB_CloseFlushesPendingMemtables_ValuePointers/batch
--- PASS: TestCachingDB_CloseFlushesPendingMemtables_ValuePointers (0.10s)
    --- PASS: TestCachingDB_CloseFlushesPendingMemtables_ValuePointers/set (0.05s)
    --- PASS: TestCachingDB_CloseFlushesPendingMemtables_ValuePointers/batch (0.05s)
=== RUN   TestCachingDB_CloseFlushesDeletesAndOverwrites
=== RUN   TestCachingDB_CloseFlushesDeletesAndOverwrites/wal_on
=== RUN   TestCachingDB_CloseFlushesDeletesAndOverwrites/wal_off
--- PASS: TestCachingDB_CloseFlushesDeletesAndOverwrites (0.03s)
    --- PASS: TestCachingDB_CloseFlushesDeletesAndOverwrites/wal_on (0.02s)
    --- PASS: TestCachingDB_CloseFlushesDeletesAndOverwrites/wal_off (0.01s)
=== RUN   TestCachingDB_CloseFlushesQueuedMemtable
--- PASS: TestCachingDB_CloseFlushesQueuedMemtable (0.02s)
=== RUN   TestCachingDB_WriteAndFlush
--- PASS: TestCachingDB_WriteAndFlush (0.06s)
=== RUN   TestCachingDB_FlushSyncsWhenWALDisabled
--- PASS: TestCachingDB_FlushSyncsWhenWALDisabled (0.01s)
=== RUN   TestCachingDB_FlushAllCombinesMemtables
--- PASS: TestCachingDB_FlushAllCombinesMemtables (0.02s)
=== RUN   TestCachingDB_DeleteRange_DisableWAL_CoversInMemoryDeletesBackend
--- PASS: TestCachingDB_DeleteRange_DisableWAL_CoversInMemoryDeletesBackend (0.01s)
=== RUN   TestCachingDB_DeleteRange_DisableWAL_PartialRangeUsesTombstones
--- PASS: TestCachingDB_DeleteRange_DisableWAL_PartialRangeUsesTombstones (0.01s)
=== RUN   TestCachingDB_FlushAllParallelBuildPreservesNewestWins
--- PASS: TestCachingDB_FlushAllParallelBuildPreservesNewestWins (0.02s)
=== RUN   TestCachingDB_IteratorIncludesBackendAfterStreamingBatch
--- PASS: TestCachingDB_IteratorIncludesBackendAfterStreamingBatch (0.02s)
=== RUN   TestCachingDB_NotifyErrorOnFlushFailure
--- PASS: TestCachingDB_NotifyErrorOnFlushFailure (0.02s)
=== RUN   TestCachingDB_IteratorDoesNotBlockOnWriteMu
--- PASS: TestCachingDB_IteratorDoesNotBlockOnWriteMu (0.02s)
=== RUN   TestCachingDB_SetDoesNotBlockOnWriteMuRLock
--- PASS: TestCachingDB_SetDoesNotBlockOnWriteMuRLock (0.02s)
=== RUN   TestCachingDB_FlushPersistsValueLogPointer
--- PASS: TestCachingDB_FlushPersistsValueLogPointer (0.03s)
=== RUN   TestCachingDB_CloseDeferredValueLogDoesNotFail
--- PASS: TestCachingDB_CloseDeferredValueLogDoesNotFail (0.02s)
=== RUN   TestCachingDB_ValueLogHardCapDisablesPointers
--- PASS: TestCachingDB_ValueLogHardCapDisablesPointers (0.03s)
=== RUN   TestCachingDB_PrunesRetainedValueLog
--- PASS: TestCachingDB_PrunesRetainedValueLog (0.05s)
=== RUN   TestCachingDB_DeleteRange_WALApplyFailurePoisonsWrites
--- PASS: TestCachingDB_DeleteRange_WALApplyFailurePoisonsWrites (0.02s)
=== RUN   TestValueLogDictCompressionReducesBytes
--- PASS: TestValueLogDictCompressionReducesBytes (0.10s)
=== RUN   TestFlushCapsBackendBatchSizeHint
--- PASS: TestFlushCapsBackendBatchSizeHint (0.04s)
=== RUN   TestWaitForStopSelfHealsStaleBacklogBytes
--- PASS: TestWaitForStopSelfHealsStaleBacklogBytes (0.01s)
=== RUN   TestCachingDB_ConcurrentFlushDoesNotPanic
--- PASS: TestCachingDB_ConcurrentFlushDoesNotPanic (0.26s)
=== RUN   TestCachingDB_FlushAllEmptyQueueCompletes
--- PASS: TestCachingDB_FlushAllEmptyQueueCompletes (0.02s)
=== RUN   TestCachingDB_MultiLaneFlushDrainsQueue
--- PASS: TestCachingDB_MultiLaneFlushDrainsQueue (0.02s)
=== RUN   TestCachingDB_FlushAllHandlesConcurrentCalls
--- PASS: TestCachingDB_FlushAllHandlesConcurrentCalls (0.01s)
=== RUN   TestCachingDB_TriggerFlushWakesLoop
--- PASS: TestCachingDB_TriggerFlushWakesLoop (0.02s)
=== RUN   TestFlushAllBlocksWhileFlushMuHeld
--- PASS: TestFlushAllBlocksWhileFlushMuHeld (0.04s)
=== RUN   TestFlushOneBlocksWhileFlushMuHeld
--- PASS: TestFlushOneBlocksWhileFlushMuHeld (0.04s)
=== RUN   TestAdaptiveChunkCapDefaultAllowsAdaptive
--- PASS: TestAdaptiveChunkCapDefaultAllowsAdaptive (0.01s)
=== RUN   TestCachingDB_FlushSomeAndFlushAllStress
--- PASS: TestCachingDB_FlushSomeAndFlushAllStress (0.72s)
=== RUN   TestFlushAllMemtablesForSyncCompletesWithConcurrentCheckpoint
--- PASS: TestFlushAllMemtablesForSyncCompletesWithConcurrentCheckpoint (0.04s)
=== RUN   TestCachingDB_FlushCombinedLargeMemtablesPersists
--- PASS: TestCachingDB_FlushCombinedLargeMemtablesPersists (0.02s)
=== RUN   TestCachingDB_FlushCombinedLargeMemtablesParallelBuildPreservesLastWrite
--- PASS: TestCachingDB_FlushCombinedLargeMemtablesParallelBuildPreservesLastWrite (0.02s)
=== RUN   TestLaneAwareFlush
--- PASS: TestLaneAwareFlush (0.05s)
=== RUN   TestLaneAwareFlushAll
--- PASS: TestLaneAwareFlushAll (0.05s)
=== RUN   TestAdaptiveMemtableMode_SwitchesAfterWarmupRotation
--- PASS: TestAdaptiveMemtableMode_SwitchesAfterWarmupRotation (0.02s)
=== RUN   TestAdaptiveMemtableMode_SequentialWritesStaySkiplist
    memtable_adaptive_test.go:107: expected sequential workload to keep skiplist mode, got "hash_sorted"
--- FAIL: TestAdaptiveMemtableMode_SequentialWritesStaySkiplist (0.01s)
=== RUN   TestBatch_WALOffStreamBypass_DisabledWithValueLog
--- PASS: TestBatch_WALOffStreamBypass_DisabledWithValueLog (0.02s)
=== RUN   TestBatch_WALOffStreamBypass_SkipsWhenOverlappingMemtables
--- PASS: TestBatch_WALOffStreamBypass_SkipsWhenOverlappingMemtables (0.02s)
=== RUN   TestPointReads_ConsultOnlyShardImmutableQueue
--- PASS: TestPointReads_ConsultOnlyShardImmutableQueue (0.00s)
=== RUN   TestRaceFlushRotate
--- PASS: TestRaceFlushRotate (6.48s)
=== RUN   TestDB_HasDoesNotBlockOnGlobalMu
--- PASS: TestDB_HasDoesNotBlockOnGlobalMu (0.01s)
=== RUN   TestDB_HasNoAllocsWithQueuedMemtables
--- PASS: TestDB_HasNoAllocsWithQueuedMemtables (0.02s)
=== RUN   TestDB_MemtableSnapshotUpdatesOnRotate
--- PASS: TestDB_MemtableSnapshotUpdatesOnRotate (0.01s)
=== RUN   TestDB_MemtableSnapshotUpdatesOnFlush
--- PASS: TestDB_MemtableSnapshotUpdatesOnFlush (0.01s)
=== RUN   TestDB_MemtableSnapshotImmutableAcrossInPlaceQueueCompaction
--- PASS: TestDB_MemtableSnapshotImmutableAcrossInPlaceQueueCompaction (0.01s)
=== RUN   TestDB_IteratorAllocsIndependentOfQueueLen
--- PASS: TestDB_IteratorAllocsIndependentOfQueueLen (0.01s)
=== RUN   TestDB_BatchWriteBypassAllocsIndependentOfQueueLen
--- PASS: TestDB_BatchWriteBypassAllocsIndependentOfQueueLen (0.01s)
=== RUN   TestIteratorSnapshotIsolation
--- PASS: TestIteratorSnapshotIsolation (0.05s)
=== RUN   TestAtomicStats
--- PASS: TestAtomicStats (0.00s)
=== RUN   TestNoteWriteKeyDeadlock
--- PASS: TestNoteWriteKeyDeadlock (2.00s)
=== RUN   TestChooseAdaptiveMode
--- PASS: TestChooseAdaptiveMode (0.00s)
=== RUN   TestUnifiedWAL_ValueLogFlow
    unified_wal_comprehensive_test.go:51: CommitLog Size: 0, ValueLog Size: 1048
--- PASS: TestUnifiedWAL_ValueLogFlow (0.05s)
=== RUN   TestUnifiedWAL_CrashRecoveryMissingCommit
--- PASS: TestUnifiedWAL_CrashRecoveryMissingCommit (0.02s)
=== RUN   TestUnifiedWAL_CrashRecoveryMissingPayload
--- PASS: TestUnifiedWAL_CrashRecoveryMissingPayload (0.01s)
=== RUN   TestUnifiedWAL_LargeBatch
--- PASS: TestUnifiedWAL_LargeBatch (0.08s)
=== RUN   TestUnifiedWAL_InterleavedWrites
--- PASS: TestUnifiedWAL_InterleavedWrites (0.08s)
=== RUN   TestDisableWAL_NoCommitLogFilesCreated
--- PASS: TestDisableWAL_NoCommitLogFilesCreated (0.01s)
=== RUN   TestRelaxedSync_Performance
    unsafe_options_test.go:116: Sync: 217.763875ms, Relaxed: 590.041µs
    unsafe_options_test.go:123: Speedup: 369.07x
--- PASS: TestRelaxedSync_Performance (0.25s)
=== RUN   TestUnsafeOptions_ConcurrentStress
--- PASS: TestUnsafeOptions_ConcurrentStress (0.40s)
=== RUN   TestVlogAutotuneMetricsVirtualTime
--- PASS: TestVlogAutotuneMetricsVirtualTime (0.00s)
=== RUN   TestValueLogAutotuneShouldSwitch_DwellAndGain
--- PASS: TestValueLogAutotuneShouldSwitch_DwellAndGain (0.00s)
=== RUN   TestApplyValueLogDictProfileUpdatesKForSameDict
2026/01/28 14:24:12 treedb: value-log dict updated k dict_id=3911686778847292814 k=16
--- PASS: TestApplyValueLogDictProfileUpdatesKForSameDict (0.02s)
=== RUN   TestValueLogDictPauseAndProbeResume
--- PASS: TestValueLogDictPauseAndProbeResume (0.10s)
FAIL
FAIL	github.com/snissn/gomap/TreeDB/caching	13.380s
FAIL
