	Command being timed: "/mnt/fast4tb/tmp/issue4001_exactinvariants_bench -dataset /mnt/fast4tb/tmp/treedb_m6_1m_safe_TEzTe1/fixture -out /mnt/fast4tb/tmp/issue4001_exactinvariants_matrix_out_QZBwWq -profiles /mnt/fast4tb/tmp/issue4001_exactinvariants_matrix_profiles_G3Feew -format json -mode production_multi_group -m8-variant-dbs /mnt/fast4tb/tmp/issue4001_fh_graph_disjoint_db_1wK4gE,/mnt/fast4tb/tmp/issue4001_exactinvariants_overlap_db_72Xw7b,/mnt/fast4tb/tmp/issue4001_fh_stable_db_dBMCDV -partitions 16 -top-k 10 -overlap 0.20 -raft-groups 4 -raft-nodes-per-group 3 -probes 16 -ef-search 4096 -concurrency 1 -warmup 0 -router-candidates 1024 -m8-max-rss-bytes 4294967296 -m8-max-persistent-asset-bytes 536870912"
	User time (seconds): 472.62
	System time (seconds): 32.21
	Percent of CPU this job got: 119%
	Elapsed (wall clock) time (h:mm:ss or m:ss): 7:03.85
	Average shared text size (kbytes): 0
	Average unshared data size (kbytes): 0
	Average stack size (kbytes): 0
	Average total size (kbytes): 0
	Maximum resident set size (kbytes): 2191836
	Average resident set size (kbytes): 0
	Major (requiring I/O) page faults: 14
	Minor (reclaiming a frame) page faults: 17608443
	Voluntary context switches: 1292626
	Involuntary context switches: 151844
	Swaps: 0
	File system inputs: 4330312
	File system outputs: 47472
	Socket messages sent: 0
	Socket messages received: 0
	Signals delivered: 0
	Page size (bytes): 4096
	Exit status: 0
