goos: linux
goarch: amd64
pkg: github.com/snissn/gomap/TreeDB/mvcc
cpu: 11th Gen Intel(R) Core(TM) i5-11400F @ 2.60GHz
BenchmarkCOWIntegratedPublicMVCC/no_wal_fast/btree/point-12         	     256	      2002 ns/op	         0 enqueued_records/op	  20478792 heap_end_B	         1.000 output/op	      1306 p50_ns	      3474 p95_ns	     14746 p99_ns	     28789 process_alloc_B/op	         0 rotated_shards/op	         0 snapshot_rotations/op	   25289 B/op	       9 allocs/op
BenchmarkCOWIntegratedPublicMVCC/no_wal_fast/btree/point-12         	     256	      1861 ns/op	         0 enqueued_records/op	  20543816 heap_end_B	         1.000 output/op	      1294 p50_ns	      3862 p95_ns	      7249 p99_ns	     28790 process_alloc_B/op	         0 rotated_shards/op	         0 snapshot_rotations/op	   25290 B/op	       9 allocs/op
BenchmarkCOWIntegratedPublicMVCC/no_wal_fast/btree/point-12         	     256	      2792 ns/op	         0 enqueued_records/op	  20556680 heap_end_B	         1.000 output/op	      1273 p50_ns	      2661 p95_ns	      8785 p99_ns	     28790 process_alloc_B/op	         0 rotated_shards/op	         0 snapshot_rotations/op	   25289 B/op	       9 allocs/op
BenchmarkCOWIntegratedPublicMVCC/no_wal_fast/btree/point-12         	     256	      1803 ns/op	         0 enqueued_records/op	  20555024 heap_end_B	         1.000 output/op	      1273 p50_ns	      3565 p95_ns	      6411 p99_ns	     28763 process_alloc_B/op	         0 rotated_shards/op	         0 snapshot_rotations/op	   25262 B/op	       9 allocs/op
BenchmarkCOWIntegratedPublicMVCC/no_wal_fast/btree/point-12         	     256	      1776 ns/op	         0 enqueued_records/op	  20571760 heap_end_B	         1.000 output/op	      1267 p50_ns	      3762 p95_ns	      6759 p99_ns	     28790 process_alloc_B/op	         0 rotated_shards/op	         0 snapshot_rotations/op	   25289 B/op	       9 allocs/op
BenchmarkCOWIntegratedPublicMVCC/no_wal_fast/btree/point-12         	     256	      2264 ns/op	         0 enqueued_records/op	  20576032 heap_end_B	         1.000 output/op	      1279 p50_ns	      3617 p95_ns	      6488 p99_ns	     28763 process_alloc_B/op	         0 rotated_shards/op	         0 snapshot_rotations/op	   25262 B/op	       9 allocs/op
BenchmarkCOWIntegratedPublicMVCC/no_wal_fast/btree/point-12         	     256	      2122 ns/op	         0 enqueued_records/op	  20589928 heap_end_B	         1.000 output/op	      1249 p50_ns	      3511 p95_ns	      6503 p99_ns	     28790 process_alloc_B/op	         0 rotated_shards/op	         0 snapshot_rotations/op	   25289 B/op	       9 allocs/op
BenchmarkCOWIntegratedPublicMVCC/no_wal_fast/btree/point-12         	     256	      2492 ns/op	         0 enqueued_records/op	  20604136 heap_end_B	         1.000 output/op	      1388 p50_ns	      4411 p95_ns	      8138 p99_ns	     28790 process_alloc_B/op	         0 rotated_shards/op	         0 snapshot_rotations/op	   25289 B/op	       9 allocs/op
BenchmarkCOWIntegratedPublicMVCC/no_wal_fast/btree/point-12         	     256	      2080 ns/op	         0 enqueued_records/op	  20603840 heap_end_B	         1.000 output/op	      1246 p50_ns	      3365 p95_ns	      6684 p99_ns	     28790 process_alloc_B/op	         0 rotated_shards/op	         0 snapshot_rotations/op	   25289 B/op	       9 allocs/op
BenchmarkCOWIntegratedPublicMVCC/no_wal_fast/btree/point-12         	     256	      2155 ns/op	         0 enqueued_records/op	  20600056 heap_end_B	         1.000 output/op	      1251 p50_ns	      3367 p95_ns	      5843 p99_ns	     28790 process_alloc_B/op	         0 rotated_shards/op	         0 snapshot_rotations/op	   25289 B/op	       9 allocs/op
BenchmarkCOWIntegratedPublicMVCC/no_wal_fast/btree/point-12         	     256	      2053 ns/op	         0 enqueued_records/op	  20609808 heap_end_B	         1.000 output/op	      1250 p50_ns	      3163 p95_ns	      5200 p99_ns	     28790 process_alloc_B/op	         0 rotated_shards/op	         0 snapshot_rotations/op	   25289 B/op	       9 allocs/op
BenchmarkCOWIntegratedPublicMVCC/no_wal_fast/btree/point-12         	     256	      2158 ns/op	         0 enqueued_records/op	  20596088 heap_end_B	         1.000 output/op	      1245 p50_ns	      3470 p95_ns	      7656 p99_ns	     28790 process_alloc_B/op	         0 rotated_shards/op	         0 snapshot_rotations/op	   25289 B/op	       9 allocs/op
BenchmarkCOWIntegratedPublicMVCC/no_wal_fast/btree/point-12         	     256	      3092 ns/op	         0 enqueued_records/op	  20606360 heap_end_B	         1.000 output/op	      1245 p50_ns	      3515 p95_ns	      6754 p99_ns	     28790 process_alloc_B/op	         0 rotated_shards/op	         0 snapshot_rotations/op	   25289 B/op	       9 allocs/op
BenchmarkCOWIntegratedPublicMVCC/no_wal_fast/btree/point-12         	     256	      1805 ns/op	         0 enqueued_records/op	  20620968 heap_end_B	         1.000 output/op	      1263 p50_ns	      3170 p95_ns	      9896 p99_ns	     28790 process_alloc_B/op	         0 rotated_shards/op	         0 snapshot_rotations/op	   25289 B/op	       9 allocs/op
BenchmarkCOWIntegratedPublicMVCC/no_wal_fast/btree/point-12         	     256	      2560 ns/op	         0 enqueued_records/op	  20635856 heap_end_B	         1.000 output/op	      1873 p50_ns	      5198 p95_ns	      9936 p99_ns	     28763 process_alloc_B/op	         0 rotated_shards/op	         0 snapshot_rotations/op	   25262 B/op	       9 allocs/op
BenchmarkCOWIntegratedPublicMVCC/no_wal_fast/btree/point-12         	     256	      1707 ns/op	         0 enqueued_records/op	  20641304 heap_end_B	         1.000 output/op	      1247 p50_ns	      3682 p95_ns	      6627 p99_ns	     28790 process_alloc_B/op	         0 rotated_shards/op	         0 snapshot_rotations/op	   25289 B/op	       9 allocs/op
PASS
