goos: linux
goarch: amd64
pkg: github.com/snissn/gomap/TreeDB/mvcc
cpu: 11th Gen Intel(R) Core(TM) i5-11400F @ 2.60GHz
BenchmarkCOWIntegratedPublicMVCC/no_wal_fast/btree/point-12         	     256	      1894 ns/op	         0 enqueued_records/op	  20474736 heap_end_B	         1.000 output/op	      1207 p50_ns	      3670 p95_ns	      7568 p99_ns	     28789 process_alloc_B/op	         0 rotated_shards/op	         0 snapshot_rotations/op	   25289 B/op	       9 allocs/op
BenchmarkCOWIntegratedPublicMVCC/no_wal_fast/btree/point-12         	     256	      1711 ns/op	         0 enqueued_records/op	  20535656 heap_end_B	         1.000 output/op	      1202 p50_ns	      2875 p95_ns	      6597 p99_ns	     28790 process_alloc_B/op	         0 rotated_shards/op	         0 snapshot_rotations/op	   25290 B/op	       9 allocs/op
BenchmarkCOWIntegratedPublicMVCC/no_wal_fast/btree/point-12         	     256	      1671 ns/op	         0 enqueued_records/op	  20556400 heap_end_B	         1.000 output/op	      1189 p50_ns	      3185 p95_ns	      7008 p99_ns	     28790 process_alloc_B/op	         0 rotated_shards/op	         0 snapshot_rotations/op	   25289 B/op	       9 allocs/op
BenchmarkCOWIntegratedPublicMVCC/no_wal_fast/btree/point-12         	     256	      1669 ns/op	         0 enqueued_records/op	  20574616 heap_end_B	         1.000 output/op	      1183 p50_ns	      3341 p95_ns	      6687 p99_ns	     28790 process_alloc_B/op	         0 rotated_shards/op	         0 snapshot_rotations/op	   25289 B/op	       9 allocs/op
BenchmarkCOWIntegratedPublicMVCC/no_wal_fast/btree/point-12         	     256	      1763 ns/op	         0 enqueued_records/op	  20570784 heap_end_B	         1.000 output/op	      1194 p50_ns	      3635 p95_ns	      6684 p99_ns	     28763 process_alloc_B/op	         0 rotated_shards/op	         0 snapshot_rotations/op	   25262 B/op	       9 allocs/op
BenchmarkCOWIntegratedPublicMVCC/no_wal_fast/btree/point-12         	     256	      1793 ns/op	         0 enqueued_records/op	  20590472 heap_end_B	         1.000 output/op	      1190 p50_ns	      3944 p95_ns	      7269 p99_ns	     28763 process_alloc_B/op	         0 rotated_shards/op	         0 snapshot_rotations/op	   25262 B/op	       9 allocs/op
BenchmarkCOWIntegratedPublicMVCC/no_wal_fast/btree/point-12         	     256	      1650 ns/op	         0 enqueued_records/op	  20599824 heap_end_B	         1.000 output/op	      1175 p50_ns	      3455 p95_ns	      6520 p99_ns	     28790 process_alloc_B/op	         0 rotated_shards/op	         0 snapshot_rotations/op	   25289 B/op	       9 allocs/op
BenchmarkCOWIntegratedPublicMVCC/no_wal_fast/btree/point-12         	     256	      1686 ns/op	         0 enqueued_records/op	  20601384 heap_end_B	         1.000 output/op	      1169 p50_ns	      2246 p95_ns	      7290 p99_ns	     28790 process_alloc_B/op	         0 rotated_shards/op	         0 snapshot_rotations/op	   25289 B/op	       9 allocs/op
BenchmarkCOWIntegratedPublicMVCC/no_wal_fast/btree/point-12         	     256	      1600 ns/op	         0 enqueued_records/op	  20608248 heap_end_B	         1.000 output/op	      1171 p50_ns	      2383 p95_ns	      7412 p99_ns	     28790 process_alloc_B/op	         0 rotated_shards/op	         0 snapshot_rotations/op	   25289 B/op	       9 allocs/op
BenchmarkCOWIntegratedPublicMVCC/no_wal_fast/btree/point-12         	     256	      1547 ns/op	         0 enqueued_records/op	  20617104 heap_end_B	         1.000 output/op	      1163 p50_ns	      2212 p95_ns	      6937 p99_ns	     28790 process_alloc_B/op	         0 rotated_shards/op	         0 snapshot_rotations/op	   25289 B/op	       9 allocs/op
BenchmarkCOWIntegratedPublicMVCC/no_wal_fast/btree/point-12         	     256	      1740 ns/op	         0 enqueued_records/op	  20597208 heap_end_B	         1.000 output/op	      1256 p50_ns	      3588 p95_ns	      6517 p99_ns	     28763 process_alloc_B/op	         0 rotated_shards/op	         0 snapshot_rotations/op	   25262 B/op	       9 allocs/op
BenchmarkCOWIntegratedPublicMVCC/no_wal_fast/btree/point-12         	     256	      1748 ns/op	         0 enqueued_records/op	  20611840 heap_end_B	         1.000 output/op	      1253 p50_ns	      2469 p95_ns	      6495 p99_ns	     28790 process_alloc_B/op	         0 rotated_shards/op	         0 snapshot_rotations/op	   25289 B/op	       9 allocs/op
BenchmarkCOWIntegratedPublicMVCC/no_wal_fast/btree/point-12         	     256	      1688 ns/op	         0 enqueued_records/op	  20618192 heap_end_B	         1.000 output/op	      1170 p50_ns	      2207 p95_ns	      6976 p99_ns	     28790 process_alloc_B/op	         0 rotated_shards/op	         0 snapshot_rotations/op	   25289 B/op	       9 allocs/op
BenchmarkCOWIntegratedPublicMVCC/no_wal_fast/btree/point-12         	     256	      1643 ns/op	         0 enqueued_records/op	  20613072 heap_end_B	         1.000 output/op	      1228 p50_ns	      3019 p95_ns	      6303 p99_ns	     28763 process_alloc_B/op	         0 rotated_shards/op	         0 snapshot_rotations/op	   25262 B/op	       9 allocs/op
BenchmarkCOWIntegratedPublicMVCC/no_wal_fast/btree/point-12         	     256	      1657 ns/op	         0 enqueued_records/op	  20620616 heap_end_B	         1.000 output/op	      1141 p50_ns	      3419 p95_ns	      7132 p99_ns	     28790 process_alloc_B/op	         0 rotated_shards/op	         0 snapshot_rotations/op	   25289 B/op	       9 allocs/op
BenchmarkCOWIntegratedPublicMVCC/no_wal_fast/btree/point-12         	     256	      1623 ns/op	         0 enqueued_records/op	  20638224 heap_end_B	         1.000 output/op	      1158 p50_ns	      3538 p95_ns	      6633 p99_ns	     28790 process_alloc_B/op	         0 rotated_shards/op	         0 snapshot_rotations/op	   25289 B/op	       9 allocs/op
PASS
