{"Action":"start","Package":"github.com/snissn/gomap/cmd/collection_workload_bench"}
{"Action":"run","Package":"github.com/snissn/gomap/cmd/collection_workload_bench","Test":"TestR1SExposureFixtureShape5098"}
{"Action":"output","Package":"github.com/snissn/gomap/cmd/collection_workload_bench","Test":"TestR1SExposureFixtureShape5098","Output":"=== RUN   TestR1SExposureFixtureShape5098\n"}
{"Action":"output","Package":"github.com/snissn/gomap/cmd/collection_workload_bench","Test":"TestR1SExposureFixtureShape5098","Output":"--- PASS: TestR1SExposureFixtureShape5098 (0.22s)\n"}
{"Action":"pass","Package":"github.com/snissn/gomap/cmd/collection_workload_bench","Test":"TestR1SExposureFixtureShape5098"}
{"Action":"run","Package":"github.com/snissn/gomap/cmd/collection_workload_bench","Test":"TestR1SExposureScheduleCoverage5098"}
{"Action":"output","Package":"github.com/snissn/gomap/cmd/collection_workload_bench","Test":"TestR1SExposureScheduleCoverage5098","Output":"=== RUN   TestR1SExposureScheduleCoverage5098\n"}
{"Action":"output","Package":"github.com/snissn/gomap/cmd/collection_workload_bench","Test":"TestR1SExposureScheduleCoverage5098","Output":"--- PASS: TestR1SExposureScheduleCoverage5098 (0.00s)\n"}
{"Action":"pass","Package":"github.com/snissn/gomap/cmd/collection_workload_bench","Test":"TestR1SExposureScheduleCoverage5098"}
{"Action":"run","Package":"github.com/snissn/gomap/cmd/collection_workload_bench","Test":"TestR1SExposurePayloadDeterminismAndHeldAlias5098"}
{"Action":"output","Package":"github.com/snissn/gomap/cmd/collection_workload_bench","Test":"TestR1SExposurePayloadDeterminismAndHeldAlias5098","Output":"=== RUN   TestR1SExposurePayloadDeterminismAndHeldAlias5098\n"}
{"Action":"output","Package":"github.com/snissn/gomap/cmd/collection_workload_bench","Test":"TestR1SExposurePayloadDeterminismAndHeldAlias5098","Output":"--- PASS: TestR1SExposurePayloadDeterminismAndHeldAlias5098 (0.43s)\n"}
{"Action":"pass","Package":"github.com/snissn/gomap/cmd/collection_workload_bench","Test":"TestR1SExposurePayloadDeterminismAndHeldAlias5098"}
{"Action":"run","Package":"github.com/snissn/gomap/cmd/collection_workload_bench","Test":"TestR1SExposureTypedRetainedJSONAndOracle5098"}
{"Action":"output","Package":"github.com/snissn/gomap/cmd/collection_workload_bench","Test":"TestR1SExposureTypedRetainedJSONAndOracle5098","Output":"=== RUN   TestR1SExposureTypedRetainedJSONAndOracle5098\n"}
{"Action":"output","Package":"github.com/snissn/gomap/cmd/collection_workload_bench","Test":"TestR1SExposureTypedRetainedJSONAndOracle5098","Output":"--- PASS: TestR1SExposureTypedRetainedJSONAndOracle5098 (1.02s)\n"}
{"Action":"pass","Package":"github.com/snissn/gomap/cmd/collection_workload_bench","Test":"TestR1SExposureTypedRetainedJSONAndOracle5098"}
{"Action":"run","Package":"github.com/snissn/gomap/cmd/collection_workload_bench","Test":"TestR1SExposureInvalidInputNoMutation5098"}
{"Action":"output","Package":"github.com/snissn/gomap/cmd/collection_workload_bench","Test":"TestR1SExposureInvalidInputNoMutation5098","Output":"=== RUN   TestR1SExposureInvalidInputNoMutation5098\n"}
{"Action":"output","Package":"github.com/snissn/gomap/cmd/collection_workload_bench","Test":"TestR1SExposureInvalidInputNoMutation5098","Output":"--- PASS: TestR1SExposureInvalidInputNoMutation5098 (0.09s)\n"}
{"Action":"pass","Package":"github.com/snissn/gomap/cmd/collection_workload_bench","Test":"TestR1SExposureInvalidInputNoMutation5098"}
{"Action":"run","Package":"github.com/snissn/gomap/cmd/collection_workload_bench","Test":"TestS5098PhysicalEpochRequiresAllWritersAndFreshReopenBaseline"}
{"Action":"output","Package":"github.com/snissn/gomap/cmd/collection_workload_bench","Test":"TestS5098PhysicalEpochRequiresAllWritersAndFreshReopenBaseline","Output":"=== RUN   TestS5098PhysicalEpochRequiresAllWritersAndFreshReopenBaseline\n"}
{"Action":"output","Package":"github.com/snissn/gomap/cmd/collection_workload_bench","Test":"TestS5098PhysicalEpochRequiresAllWritersAndFreshReopenBaseline","Output":"--- PASS: TestS5098PhysicalEpochRequiresAllWritersAndFreshReopenBaseline (0.00s)\n"}
{"Action":"pass","Package":"github.com/snissn/gomap/cmd/collection_workload_bench","Test":"TestS5098PhysicalEpochRequiresAllWritersAndFreshReopenBaseline"}
{"Action":"run","Package":"github.com/snissn/gomap/cmd/collection_workload_bench","Test":"TestS5098PhysicalEpochRejectsMissingLateWorkerRegressionAndBadIdentity"}
{"Action":"output","Package":"github.com/snissn/gomap/cmd/collection_workload_bench","Test":"TestS5098PhysicalEpochRejectsMissingLateWorkerRegressionAndBadIdentity","Output":"=== RUN   TestS5098PhysicalEpochRejectsMissingLateWorkerRegressionAndBadIdentity\n"}
{"Action":"run","Package":"github.com/snissn/gomap/cmd/collection_workload_bench","Test":"TestS5098PhysicalEpochRejectsMissingLateWorkerRegressionAndBadIdentity/missing"}
{"Action":"output","Package":"github.com/snissn/gomap/cmd/collection_workload_bench","Test":"TestS5098PhysicalEpochRejectsMissingLateWorkerRegressionAndBadIdentity/missing","Output":"=== RUN   TestS5098PhysicalEpochRejectsMissingLateWorkerRegressionAndBadIdentity/missing\n"}
{"Action":"output","Package":"github.com/snissn/gomap/cmd/collection_workload_bench","Test":"TestS5098PhysicalEpochRejectsMissingLateWorkerRegressionAndBadIdentity/missing","Output":"--- PASS: TestS5098PhysicalEpochRejectsMissingLateWorkerRegressionAndBadIdentity/missing (0.00s)\n"}
{"Action":"pass","Package":"github.com/snissn/gomap/cmd/collection_workload_bench","Test":"TestS5098PhysicalEpochRejectsMissingLateWorkerRegressionAndBadIdentity/missing"}
{"Action":"run","Package":"github.com/snissn/gomap/cmd/collection_workload_bench","Test":"TestS5098PhysicalEpochRejectsMissingLateWorkerRegressionAndBadIdentity/threshold"}
{"Action":"output","Package":"github.com/snissn/gomap/cmd/collection_workload_bench","Test":"TestS5098PhysicalEpochRejectsMissingLateWorkerRegressionAndBadIdentity/threshold","Output":"=== RUN   TestS5098PhysicalEpochRejectsMissingLateWorkerRegressionAndBadIdentity/threshold\n"}
{"Action":"output","Package":"github.com/snissn/gomap/cmd/collection_workload_bench","Test":"TestS5098PhysicalEpochRejectsMissingLateWorkerRegressionAndBadIdentity/threshold","Output":"--- PASS: TestS5098PhysicalEpochRejectsMissingLateWorkerRegressionAndBadIdentity/threshold (0.00s)\n"}
{"Action":"pass","Package":"github.com/snissn/gomap/cmd/collection_workload_bench","Test":"TestS5098PhysicalEpochRejectsMissingLateWorkerRegressionAndBadIdentity/threshold"}
{"Action":"run","Package":"github.com/snissn/gomap/cmd/collection_workload_bench","Test":"TestS5098PhysicalEpochRejectsMissingLateWorkerRegressionAndBadIdentity/append"}
{"Action":"output","Package":"github.com/snissn/gomap/cmd/collection_workload_bench","Test":"TestS5098PhysicalEpochRejectsMissingLateWorkerRegressionAndBadIdentity/append","Output":"=== RUN   TestS5098PhysicalEpochRejectsMissingLateWorkerRegressionAndBadIdentity/append\n"}
{"Action":"output","Package":"github.com/snissn/gomap/cmd/collection_workload_bench","Test":"TestS5098PhysicalEpochRejectsMissingLateWorkerRegressionAndBadIdentity/append","Output":"--- PASS: TestS5098PhysicalEpochRejectsMissingLateWorkerRegressionAndBadIdentity/append (0.00s)\n"}
{"Action":"pass","Package":"github.com/snissn/gomap/cmd/collection_workload_bench","Test":"TestS5098PhysicalEpochRejectsMissingLateWorkerRegressionAndBadIdentity/append"}
{"Action":"run","Package":"github.com/snissn/gomap/cmd/collection_workload_bench","Test":"TestS5098PhysicalEpochRejectsMissingLateWorkerRegressionAndBadIdentity/handoff"}
{"Action":"output","Package":"github.com/snissn/gomap/cmd/collection_workload_bench","Test":"TestS5098PhysicalEpochRejectsMissingLateWorkerRegressionAndBadIdentity/handoff","Output":"=== RUN   TestS5098PhysicalEpochRejectsMissingLateWorkerRegressionAndBadIdentity/handoff\n"}
{"Action":"output","Package":"github.com/snissn/gomap/cmd/collection_workload_bench","Test":"TestS5098PhysicalEpochRejectsMissingLateWorkerRegressionAndBadIdentity/handoff","Output":"--- PASS: TestS5098PhysicalEpochRejectsMissingLateWorkerRegressionAndBadIdentity/handoff (0.00s)\n"}
{"Action":"pass","Package":"github.com/snissn/gomap/cmd/collection_workload_bench","Test":"TestS5098PhysicalEpochRejectsMissingLateWorkerRegressionAndBadIdentity/handoff"}
{"Action":"run","Package":"github.com/snissn/gomap/cmd/collection_workload_bench","Test":"TestS5098PhysicalEpochRejectsMissingLateWorkerRegressionAndBadIdentity/overflow"}
{"Action":"output","Package":"github.com/snissn/gomap/cmd/collection_workload_bench","Test":"TestS5098PhysicalEpochRejectsMissingLateWorkerRegressionAndBadIdentity/overflow","Output":"=== RUN   TestS5098PhysicalEpochRejectsMissingLateWorkerRegressionAndBadIdentity/overflow\n"}
{"Action":"output","Package":"github.com/snissn/gomap/cmd/collection_workload_bench","Test":"TestS5098PhysicalEpochRejectsMissingLateWorkerRegressionAndBadIdentity/overflow","Output":"--- PASS: TestS5098PhysicalEpochRejectsMissingLateWorkerRegressionAndBadIdentity/overflow (0.00s)\n"}
{"Action":"pass","Package":"github.com/snissn/gomap/cmd/collection_workload_bench","Test":"TestS5098PhysicalEpochRejectsMissingLateWorkerRegressionAndBadIdentity/overflow"}
{"Action":"run","Package":"github.com/snissn/gomap/cmd/collection_workload_bench","Test":"TestS5098PhysicalEpochRejectsMissingLateWorkerRegressionAndBadIdentity/identity"}
{"Action":"output","Package":"github.com/snissn/gomap/cmd/collection_workload_bench","Test":"TestS5098PhysicalEpochRejectsMissingLateWorkerRegressionAndBadIdentity/identity","Output":"=== RUN   TestS5098PhysicalEpochRejectsMissingLateWorkerRegressionAndBadIdentity/identity\n"}
{"Action":"output","Package":"github.com/snissn/gomap/cmd/collection_workload_bench","Test":"TestS5098PhysicalEpochRejectsMissingLateWorkerRegressionAndBadIdentity/identity","Output":"--- PASS: TestS5098PhysicalEpochRejectsMissingLateWorkerRegressionAndBadIdentity/identity (0.00s)\n"}
{"Action":"pass","Package":"github.com/snissn/gomap/cmd/collection_workload_bench","Test":"TestS5098PhysicalEpochRejectsMissingLateWorkerRegressionAndBadIdentity/identity"}
{"Action":"output","Package":"github.com/snissn/gomap/cmd/collection_workload_bench","Test":"TestS5098PhysicalEpochRejectsMissingLateWorkerRegressionAndBadIdentity","Output":"--- PASS: TestS5098PhysicalEpochRejectsMissingLateWorkerRegressionAndBadIdentity (0.00s)\n"}
{"Action":"pass","Package":"github.com/snissn/gomap/cmd/collection_workload_bench","Test":"TestS5098PhysicalEpochRejectsMissingLateWorkerRegressionAndBadIdentity"}
{"Action":"run","Package":"github.com/snissn/gomap/cmd/collection_workload_bench","Test":"TestS5098PhysicalEpochRejectsIncompleteDeclaredInventory"}
{"Action":"output","Package":"github.com/snissn/gomap/cmd/collection_workload_bench","Test":"TestS5098PhysicalEpochRejectsIncompleteDeclaredInventory","Output":"=== RUN   TestS5098PhysicalEpochRejectsIncompleteDeclaredInventory\n"}
{"Action":"run","Package":"github.com/snissn/gomap/cmd/collection_workload_bench","Test":"TestS5098PhysicalEpochRejectsIncompleteDeclaredInventory/missing-initial-writer"}
{"Action":"output","Package":"github.com/snissn/gomap/cmd/collection_workload_bench","Test":"TestS5098PhysicalEpochRejectsIncompleteDeclaredInventory/missing-initial-writer","Output":"=== RUN   TestS5098PhysicalEpochRejectsIncompleteDeclaredInventory/missing-initial-writer\n"}
{"Action":"output","Package":"github.com/snissn/gomap/cmd/collection_workload_bench","Test":"TestS5098PhysicalEpochRejectsIncompleteDeclaredInventory/missing-initial-writer","Output":"--- PASS: TestS5098PhysicalEpochRejectsIncompleteDeclaredInventory/missing-initial-writer (0.00s)\n"}
{"Action":"pass","Package":"github.com/snissn/gomap/cmd/collection_workload_bench","Test":"TestS5098PhysicalEpochRejectsIncompleteDeclaredInventory/missing-initial-writer"}
{"Action":"run","Package":"github.com/snissn/gomap/cmd/collection_workload_bench","Test":"TestS5098PhysicalEpochRejectsIncompleteDeclaredInventory/missing-initial-leaf"}
{"Action":"output","Package":"github.com/snissn/gomap/cmd/collection_workload_bench","Test":"TestS5098PhysicalEpochRejectsIncompleteDeclaredInventory/missing-initial-leaf","Output":"=== RUN   TestS5098PhysicalEpochRejectsIncompleteDeclaredInventory/missing-initial-leaf\n"}
{"Action":"output","Package":"github.com/snissn/gomap/cmd/collection_workload_bench","Test":"TestS5098PhysicalEpochRejectsIncompleteDeclaredInventory/missing-initial-leaf","Output":"--- PASS: TestS5098PhysicalEpochRejectsIncompleteDeclaredInventory/missing-initial-leaf (0.00s)\n"}
{"Action":"pass","Package":"github.com/snissn/gomap/cmd/collection_workload_bench","Test":"TestS5098PhysicalEpochRejectsIncompleteDeclaredInventory/missing-initial-leaf"}
{"Action":"run","Package":"github.com/snissn/gomap/cmd/collection_workload_bench","Test":"TestS5098PhysicalEpochRejectsIncompleteDeclaredInventory/missing-count"}
{"Action":"output","Package":"github.com/snissn/gomap/cmd/collection_workload_bench","Test":"TestS5098PhysicalEpochRejectsIncompleteDeclaredInventory/missing-count","Output":"=== RUN   TestS5098PhysicalEpochRejectsIncompleteDeclaredInventory/missing-count\n"}
{"Action":"output","Package":"github.com/snissn/gomap/cmd/collection_workload_bench","Test":"TestS5098PhysicalEpochRejectsIncompleteDeclaredInventory/missing-count","Output":"--- PASS: TestS5098PhysicalEpochRejectsIncompleteDeclaredInventory/missing-count (0.00s)\n"}
{"Action":"pass","Package":"github.com/snissn/gomap/cmd/collection_workload_bench","Test":"TestS5098PhysicalEpochRejectsIncompleteDeclaredInventory/missing-count"}
{"Action":"run","Package":"github.com/snissn/gomap/cmd/collection_workload_bench","Test":"TestS5098PhysicalEpochRejectsIncompleteDeclaredInventory/bad-count"}
{"Action":"output","Package":"github.com/snissn/gomap/cmd/collection_workload_bench","Test":"TestS5098PhysicalEpochRejectsIncompleteDeclaredInventory/bad-count","Output":"=== RUN   TestS5098PhysicalEpochRejectsIncompleteDeclaredInventory/bad-count\n"}
{"Action":"output","Package":"github.com/snissn/gomap/cmd/collection_workload_bench","Test":"TestS5098PhysicalEpochRejectsIncompleteDeclaredInventory/bad-count","Output":"--- PASS: TestS5098PhysicalEpochRejectsIncompleteDeclaredInventory/bad-count (0.00s)\n"}
{"Action":"pass","Package":"github.com/snissn/gomap/cmd/collection_workload_bench","Test":"TestS5098PhysicalEpochRejectsIncompleteDeclaredInventory/bad-count"}
{"Action":"run","Package":"github.com/snissn/gomap/cmd/collection_workload_bench","Test":"TestS5098PhysicalEpochRejectsIncompleteDeclaredInventory/overflow-count"}
{"Action":"output","Package":"github.com/snissn/gomap/cmd/collection_workload_bench","Test":"TestS5098PhysicalEpochRejectsIncompleteDeclaredInventory/overflow-count","Output":"=== RUN   TestS5098PhysicalEpochRejectsIncompleteDeclaredInventory/overflow-count\n"}
{"Action":"output","Package":"github.com/snissn/gomap/cmd/collection_workload_bench","Test":"TestS5098PhysicalEpochRejectsIncompleteDeclaredInventory/overflow-count","Output":"--- PASS: TestS5098PhysicalEpochRejectsIncompleteDeclaredInventory/overflow-count (0.00s)\n"}
{"Action":"pass","Package":"github.com/snissn/gomap/cmd/collection_workload_bench","Test":"TestS5098PhysicalEpochRejectsIncompleteDeclaredInventory/overflow-count"}
{"Action":"run","Package":"github.com/snissn/gomap/cmd/collection_workload_bench","Test":"TestS5098PhysicalEpochRejectsIncompleteDeclaredInventory/missing-field"}
{"Action":"output","Package":"github.com/snissn/gomap/cmd/collection_workload_bench","Test":"TestS5098PhysicalEpochRejectsIncompleteDeclaredInventory/missing-field","Output":"=== RUN   TestS5098PhysicalEpochRejectsIncompleteDeclaredInventory/missing-field\n"}
{"Action":"output","Package":"github.com/snissn/gomap/cmd/collection_workload_bench","Test":"TestS5098PhysicalEpochRejectsIncompleteDeclaredInventory/missing-field","Output":"--- PASS: TestS5098PhysicalEpochRejectsIncompleteDeclaredInventory/missing-field (0.00s)\n"}
{"Action":"pass","Package":"github.com/snissn/gomap/cmd/collection_workload_bench","Test":"TestS5098PhysicalEpochRejectsIncompleteDeclaredInventory/missing-field"}
{"Action":"run","Package":"github.com/snissn/gomap/cmd/collection_workload_bench","Test":"TestS5098PhysicalEpochRejectsIncompleteDeclaredInventory/bad-index"}
{"Action":"output","Package":"github.com/snissn/gomap/cmd/collection_workload_bench","Test":"TestS5098PhysicalEpochRejectsIncompleteDeclaredInventory/bad-index","Output":"=== RUN   TestS5098PhysicalEpochRejectsIncompleteDeclaredInventory/bad-index\n"}
{"Action":"output","Package":"github.com/snissn/gomap/cmd/collection_workload_bench","Test":"TestS5098PhysicalEpochRejectsIncompleteDeclaredInventory/bad-index","Output":"--- PASS: TestS5098PhysicalEpochRejectsIncompleteDeclaredInventory/bad-index (0.00s)\n"}
{"Action":"pass","Package":"github.com/snissn/gomap/cmd/collection_workload_bench","Test":"TestS5098PhysicalEpochRejectsIncompleteDeclaredInventory/bad-index"}
{"Action":"run","Package":"github.com/snissn/gomap/cmd/collection_workload_bench","Test":"TestS5098PhysicalEpochRejectsIncompleteDeclaredInventory/nil-slot-counters"}
{"Action":"output","Package":"github.com/snissn/gomap/cmd/collection_workload_bench","Test":"TestS5098PhysicalEpochRejectsIncompleteDeclaredInventory/nil-slot-counters","Output":"=== RUN   TestS5098PhysicalEpochRejectsIncompleteDeclaredInventory/nil-slot-counters\n"}
{"Action":"output","Package":"github.com/snissn/gomap/cmd/collection_workload_bench","Test":"TestS5098PhysicalEpochRejectsIncompleteDeclaredInventory/nil-slot-counters","Output":"--- PASS: TestS5098PhysicalEpochRejectsIncompleteDeclaredInventory/nil-slot-counters (0.00s)\n"}
{"Action":"pass","Package":"github.com/snissn/gomap/cmd/collection_workload_bench","Test":"TestS5098PhysicalEpochRejectsIncompleteDeclaredInventory/nil-slot-counters"}
{"Action":"output","Package":"github.com/snissn/gomap/cmd/collection_workload_bench","Test":"TestS5098PhysicalEpochRejectsIncompleteDeclaredInventory","Output":"--- PASS: TestS5098PhysicalEpochRejectsIncompleteDeclaredInventory (0.00s)\n"}
{"Action":"pass","Package":"github.com/snissn/gomap/cmd/collection_workload_bench","Test":"TestS5098PhysicalEpochRejectsIncompleteDeclaredInventory"}
{"Action":"output","Package":"github.com/snissn/gomap/cmd/collection_workload_bench","Output":"PASS\n"}
{"Action":"pass","Package":"github.com/snissn/gomap/cmd/collection_workload_bench"}
