goos: linux
goarch: amd64
pkg: github.com/snissn/gomap/TreeDB
cpu: 11th Gen Intel(R) Core(TM) i5-11400F @ 2.60GHz
BenchmarkNegativeLookup/compressible256/enabled=false/uniform/miss=0/Get-4     	   10000	      3403 ns/op	         1.000 descents/key	         1.000 keys/op	         0 rejects/key	     317 B/op	       1 allocs/op
BenchmarkNegativeLookup/compressible256/enabled=false/uniform/miss=0/GetAppend-4         	   10000	      3385 ns/op	         1.000 descents/key	         1.000 keys/op	         0 rejects/key	      59 B/op	       0 allocs/op
BenchmarkNegativeLookup/compressible256/enabled=false/uniform/miss=0/GetMany64-4         	   10000	    172375 ns/op	         1.000 descents/key	        64.00 keys/op	         0 rejects/key	   54986 B/op	       9 allocs/op
BenchmarkNegativeLookup/compressible256/enabled=false/uniform/miss=0/GetManyView64-4     	   10000	   1544904 ns/op	         1.000 descents/key	        64.00 keys/op	         0 rejects/key	  264749 B/op	     195 allocs/op
BenchmarkNegativeLookup/compressible256/enabled=false/uniform/miss=0/OldSnapshot-4       	   10000	      2867 ns/op	         1.000 descents/key	         1.000 keys/op	         0 rejects/key	     315 B/op	       1 allocs/op
BenchmarkNegativeLookup/compressible256/enabled=false/uniform/miss=50/Get-4              	   10000	      2257 ns/op	         1.000 descents/key	         1.000 keys/op	         0 rejects/key	     157 B/op	       0 allocs/op
BenchmarkNegativeLookup/compressible256/enabled=false/uniform/miss=50/GetAppend-4        	   10000	      2249 ns/op	         1.000 descents/key	         1.000 keys/op	         0 rejects/key	      29 B/op	       0 allocs/op
BenchmarkNegativeLookup/compressible256/enabled=false/uniform/miss=50/GetMany64-4        	   10000	    101321 ns/op	         1.000 descents/key	        64.00 keys/op	         0 rejects/key	   19998 B/op	       4 allocs/op
BenchmarkNegativeLookup/compressible256/enabled=false/uniform/miss=50/GetManyView64-4    	   10000	    794864 ns/op	         1.000 descents/key	        64.00 keys/op	         0 rejects/key	  132292 B/op	      99 allocs/op
BenchmarkNegativeLookup/compressible256/enabled=false/uniform/miss=50/OldSnapshot-4      	   10000	      1726 ns/op	         1.000 descents/key	         1.000 keys/op	         0 rejects/key	     157 B/op	       0 allocs/op
BenchmarkNegativeLookup/compressible256/enabled=false/uniform/miss=90/Get-4              	   10000	      1408 ns/op	         1.000 descents/key	         1.000 keys/op	         0 rejects/key	      33 B/op	       0 allocs/op
BenchmarkNegativeLookup/compressible256/enabled=false/uniform/miss=90/GetAppend-4        	   10000	      1371 ns/op	         1.000 descents/key	         1.000 keys/op	         0 rejects/key	       6 B/op	       0 allocs/op
BenchmarkNegativeLookup/compressible256/enabled=false/uniform/miss=90/GetMany64-4        	   10000	     51554 ns/op	         1.000 descents/key	        64.00 keys/op	         0 rejects/key	   10562 B/op	       3 allocs/op
BenchmarkNegativeLookup/compressible256/enabled=false/uniform/miss=90/GetManyView64-4    	   10000	    188117 ns/op	         1.000 descents/key	        64.00 keys/op	         0 rejects/key	   26998 B/op	      22 allocs/op
BenchmarkNegativeLookup/compressible256/enabled=false/uniform/miss=90/OldSnapshot-4      	   10000	       846.4 ns/op	         1.000 descents/key	         1.000 keys/op	         0 rejects/key	      31 B/op	       0 allocs/op
BenchmarkNegativeLookup/compressible256/enabled=false/uniform/miss=99/Get-4              	   10000	      1190 ns/op	         1.000 descents/key	         1.000 keys/op	         0 rejects/key	       3 B/op	       0 allocs/op
BenchmarkNegativeLookup/compressible256/enabled=false/uniform/miss=99/GetAppend-4        	   10000	      1171 ns/op	         1.000 descents/key	         1.000 keys/op	         0 rejects/key	       0 B/op	       0 allocs/op
BenchmarkNegativeLookup/compressible256/enabled=false/uniform/miss=99/GetMany64-4        	   10000	     38543 ns/op	         1.000 descents/key	        64.00 keys/op	         0 rejects/key	   10561 B/op	       3 allocs/op
BenchmarkNegativeLookup/compressible256/enabled=false/uniform/miss=99/GetManyView64-4    	   10000	     52193 ns/op	         1.000 descents/key	        64.00 keys/op	         0 rejects/key	    3337 B/op	       4 allocs/op
BenchmarkNegativeLookup/compressible256/enabled=false/uniform/miss=99/OldSnapshot-4      	   10000	       617.4 ns/op	         1.000 descents/key	         1.000 keys/op	         0 rejects/key	       3 B/op	       0 allocs/op
BenchmarkNegativeLookup/compressible256/enabled=false/zipf/miss=0/Get-4                  	   10000	      2754 ns/op	         1.000 descents/key	         1.000 keys/op	         0 rejects/key	     307 B/op	       1 allocs/op
BenchmarkNegativeLookup/compressible256/enabled=false/zipf/miss=0/GetAppend-4            	   10000	      2699 ns/op	         1.000 descents/key	         1.000 keys/op	         0 rejects/key	      51 B/op	       0 allocs/op
BenchmarkNegativeLookup/compressible256/enabled=false/zipf/miss=0/GetMany64-4            	   10000	    126916 ns/op	         1.000 descents/key	        64.00 keys/op	         0 rejects/key	   54983 B/op	       9 allocs/op
BenchmarkNegativeLookup/compressible256/enabled=false/zipf/miss=0/GetManyView64-4        	   10000	    506791 ns/op	         1.000 descents/key	        64.00 keys/op	         0 rejects/key	  132519 B/op	     195 allocs/op
BenchmarkNegativeLookup/compressible256/enabled=false/zipf/miss=0/OldSnapshot-4          	   10000	      2053 ns/op	         1.000 descents/key	         1.000 keys/op	         0 rejects/key	     307 B/op	       1 allocs/op
BenchmarkNegativeLookup/compressible256/enabled=false/zipf/miss=50/Get-4                 	   10000	      1923 ns/op	         1.000 descents/key	         1.000 keys/op	         0 rejects/key	     154 B/op	       0 allocs/op
BenchmarkNegativeLookup/compressible256/enabled=false/zipf/miss=50/GetAppend-4           	   10000	      1897 ns/op	         1.000 descents/key	         1.000 keys/op	         0 rejects/key	      26 B/op	       0 allocs/op
BenchmarkNegativeLookup/compressible256/enabled=false/zipf/miss=50/GetMany64-4           	   10000	     74045 ns/op	         1.000 descents/key	        64.00 keys/op	         0 rejects/key	   19994 B/op	       4 allocs/op
BenchmarkNegativeLookup/compressible256/enabled=false/zipf/miss=50/GetManyView64-4       	   10000	    261663 ns/op	         1.000 descents/key	        64.00 keys/op	         0 rejects/key	   66503 B/op	      99 allocs/op
BenchmarkNegativeLookup/compressible256/enabled=false/zipf/miss=50/OldSnapshot-4         	   10000	      1340 ns/op	         1.000 descents/key	         1.000 keys/op	         0 rejects/key	     153 B/op	       0 allocs/op
BenchmarkNegativeLookup/compressible256/enabled=false/zipf/miss=90/Get-4                 	   10000	      1214 ns/op	         1.000 descents/key	         1.000 keys/op	         0 rejects/key	      30 B/op	       0 allocs/op
BenchmarkNegativeLookup/compressible256/enabled=false/zipf/miss=90/GetAppend-4           	   10000	      1239 ns/op	         1.000 descents/key	         1.000 keys/op	         0 rejects/key	       5 B/op	       0 allocs/op
BenchmarkNegativeLookup/compressible256/enabled=false/zipf/miss=90/GetMany64-4           	   10000	     37877 ns/op	         1.000 descents/key	        64.00 keys/op	         0 rejects/key	   10562 B/op	       3 allocs/op
BenchmarkNegativeLookup/compressible256/enabled=false/zipf/miss=90/GetManyView64-4       	   10000	     72479 ns/op	         1.000 descents/key	        64.00 keys/op	         0 rejects/key	   13571 B/op	      22 allocs/op
BenchmarkNegativeLookup/compressible256/enabled=false/zipf/miss=90/OldSnapshot-4         	   10000	       651.2 ns/op	         1.000 descents/key	         1.000 keys/op	         0 rejects/key	      30 B/op	       0 allocs/op
BenchmarkNegativeLookup/compressible256/enabled=false/zipf/miss=99/Get-4                 	   10000	      1078 ns/op	         1.000 descents/key	         1.000 keys/op	         0 rejects/key	       3 B/op	       0 allocs/op
BenchmarkNegativeLookup/compressible256/enabled=false/zipf/miss=99/GetAppend-4           	   10000	      1089 ns/op	         1.000 descents/key	         1.000 keys/op	         0 rejects/key	       0 B/op	       0 allocs/op
BenchmarkNegativeLookup/compressible256/enabled=false/zipf/miss=99/GetMany64-4           	   10000	     26314 ns/op	         1.000 descents/key	        64.00 keys/op	         0 rejects/key	   10560 B/op	       3 allocs/op
BenchmarkNegativeLookup/compressible256/enabled=false/zipf/miss=99/GetManyView64-4       	   10000	     28668 ns/op	         1.000 descents/key	        64.00 keys/op	         0 rejects/key	    1957 B/op	       4 allocs/op
BenchmarkNegativeLookup/compressible256/enabled=false/zipf/miss=99/OldSnapshot-4         	   10000	       512.8 ns/op	         1.000 descents/key	         1.000 keys/op	         0 rejects/key	       3 B/op	       0 allocs/op
BenchmarkNegativeLookup/compressible256/enabled=true/uniform/miss=0/Get-4                	   10000	      3454 ns/op	         1.000 descents/key	     10240 filter-bytes	         1.000 keys/op	         0 rejects/key	     317 B/op	       1 allocs/op
BenchmarkNegativeLookup/compressible256/enabled=true/uniform/miss=0/GetAppend-4          	   10000	      3355 ns/op	         1.000 descents/key	     10240 filter-bytes	         1.000 keys/op	         0 rejects/key	      59 B/op	       0 allocs/op
BenchmarkNegativeLookup/compressible256/enabled=true/uniform/miss=0/GetMany64-4          	   10000	    168568 ns/op	         1.000 descents/key	     10240 filter-bytes	        64.00 keys/op	         0 rejects/key	   54984 B/op	       9 allocs/op
BenchmarkNegativeLookup/compressible256/enabled=true/uniform/miss=0/GetManyView64-4      	   10000	   1548662 ns/op	         1.000 descents/key	     10240 filter-bytes	        64.00 keys/op	         0 rejects/key	  264749 B/op	     195 allocs/op
BenchmarkNegativeLookup/compressible256/enabled=true/uniform/miss=0/OldSnapshot-4        	   10000	      3018 ns/op	         1.000 descents/key	     10240 filter-bytes	         1.000 keys/op	         0 rejects/key	     315 B/op	       1 allocs/op
BenchmarkNegativeLookup/compressible256/enabled=true/uniform/miss=50/Get-4               	   10000	      1999 ns/op	         0.5041 descents/key	     10240 filter-bytes	         1.000 keys/op	         0.4959 rejects/key	     157 B/op	       0 allocs/op
BenchmarkNegativeLookup/compressible256/enabled=true/uniform/miss=50/GetAppend-4         	   10000	      1982 ns/op	         0.5041 descents/key	     10240 filter-bytes	         1.000 keys/op	         0.4959 rejects/key	      29 B/op	       0 allocs/op
BenchmarkNegativeLookup/compressible256/enabled=true/uniform/miss=50/GetMany64-4         	   10000	     92792 ns/op	         0.5041 descents/key	     10240 filter-bytes	        64.00 keys/op	         0.4959 rejects/key	   19996 B/op	       4 allocs/op
BenchmarkNegativeLookup/compressible256/enabled=true/uniform/miss=50/GetManyView64-4     	   10000	    773394 ns/op	         0.5041 descents/key	     10240 filter-bytes	        64.00 keys/op	         0.4959 rejects/key	  132290 B/op	      99 allocs/op
BenchmarkNegativeLookup/compressible256/enabled=true/uniform/miss=50/OldSnapshot-4       	   10000	      1508 ns/op	         0.5041 descents/key	     10240 filter-bytes	         1.000 keys/op	         0.4959 rejects/key	     157 B/op	       0 allocs/op
BenchmarkNegativeLookup/compressible256/enabled=true/uniform/miss=90/Get-4               	   10000	       835.9 ns/op	         0.1066 descents/key	     10240 filter-bytes	         1.000 keys/op	         0.8934 rejects/key	      31 B/op	       0 allocs/op
BenchmarkNegativeLookup/compressible256/enabled=true/uniform/miss=90/GetAppend-4         	   10000	       844.2 ns/op	         0.1066 descents/key	     10240 filter-bytes	         1.000 keys/op	         0.8934 rejects/key	       6 B/op	       0 allocs/op
BenchmarkNegativeLookup/compressible256/enabled=true/uniform/miss=90/GetMany64-4         	   10000	     22917 ns/op	         0.1066 descents/key	     10240 filter-bytes	        64.00 keys/op	         0.8934 rejects/key	   10564 B/op	       3 allocs/op
BenchmarkNegativeLookup/compressible256/enabled=true/uniform/miss=90/GetManyView64-4     	   10000	    161787 ns/op	         0.1066 descents/key	     10240 filter-bytes	        64.00 keys/op	         0.8934 rejects/key	   26995 B/op	      22 allocs/op
BenchmarkNegativeLookup/compressible256/enabled=true/uniform/miss=90/OldSnapshot-4       	   10000	       369.8 ns/op	         0.1066 descents/key	     10240 filter-bytes	         1.000 keys/op	         0.8934 rejects/key	      31 B/op	       0 allocs/op
BenchmarkNegativeLookup/compressible256/enabled=true/uniform/miss=99/Get-4               	   10000	       605.0 ns/op	         0.01770 descents/key	     10240 filter-bytes	         1.000 keys/op	         0.9823 rejects/key	       3 B/op	       0 allocs/op
BenchmarkNegativeLookup/compressible256/enabled=true/uniform/miss=99/GetAppend-4         	   10000	       581.8 ns/op	         0.01770 descents/key	     10240 filter-bytes	         1.000 keys/op	         0.9823 rejects/key	       0 B/op	       0 allocs/op
BenchmarkNegativeLookup/compressible256/enabled=true/uniform/miss=99/GetMany64-4         	   10000	      8008 ns/op	         0.01770 descents/key	     10240 filter-bytes	        64.00 keys/op	         0.9823 rejects/key	   10560 B/op	       3 allocs/op
BenchmarkNegativeLookup/compressible256/enabled=true/uniform/miss=99/GetManyView64-4     	   10000	     23469 ns/op	         0.01770 descents/key	     10240 filter-bytes	        64.00 keys/op	         0.9823 rejects/key	    3336 B/op	       4 allocs/op
BenchmarkNegativeLookup/compressible256/enabled=true/uniform/miss=99/OldSnapshot-4       	   10000	       110.8 ns/op	         0.01770 descents/key	     10240 filter-bytes	         1.000 keys/op	         0.9823 rejects/key	       3 B/op	       0 allocs/op
BenchmarkNegativeLookup/compressible256/enabled=true/zipf/miss=0/Get-4                   	   10000	      2782 ns/op	         1.000 descents/key	     10240 filter-bytes	         1.000 keys/op	         0 rejects/key	     307 B/op	       1 allocs/op
BenchmarkNegativeLookup/compressible256/enabled=true/zipf/miss=0/GetAppend-4             	   10000	      2728 ns/op	         1.000 descents/key	     10240 filter-bytes	         1.000 keys/op	         0 rejects/key	      51 B/op	       0 allocs/op
BenchmarkNegativeLookup/compressible256/enabled=true/zipf/miss=0/GetMany64-4             	   10000	    123294 ns/op	         1.000 descents/key	     10240 filter-bytes	        64.00 keys/op	         0 rejects/key	   54983 B/op	       9 allocs/op
BenchmarkNegativeLookup/compressible256/enabled=true/zipf/miss=0/GetManyView64-4         	   10000	    515393 ns/op	         1.000 descents/key	     10240 filter-bytes	        64.00 keys/op	         0 rejects/key	  132515 B/op	     195 allocs/op
BenchmarkNegativeLookup/compressible256/enabled=true/zipf/miss=0/OldSnapshot-4           	   10000	      2097 ns/op	         1.000 descents/key	     10240 filter-bytes	         1.000 keys/op	         0 rejects/key	     307 B/op	       1 allocs/op
BenchmarkNegativeLookup/compressible256/enabled=true/zipf/miss=50/Get-4                  	   10000	      1712 ns/op	         0.5017 descents/key	     10240 filter-bytes	         1.000 keys/op	         0.4983 rejects/key	     154 B/op	       0 allocs/op
BenchmarkNegativeLookup/compressible256/enabled=true/zipf/miss=50/GetAppend-4            	   10000	      1658 ns/op	         0.5017 descents/key	     10240 filter-bytes	         1.000 keys/op	         0.4983 rejects/key	      26 B/op	       0 allocs/op
BenchmarkNegativeLookup/compressible256/enabled=true/zipf/miss=50/GetMany64-4            	   10000	     64594 ns/op	         0.5017 descents/key	     10240 filter-bytes	        64.00 keys/op	         0.4983 rejects/key	   19994 B/op	       4 allocs/op
BenchmarkNegativeLookup/compressible256/enabled=true/zipf/miss=50/GetManyView64-4        	   10000	    257374 ns/op	         0.5017 descents/key	     10240 filter-bytes	        64.00 keys/op	         0.4983 rejects/key	   66503 B/op	      99 allocs/op
BenchmarkNegativeLookup/compressible256/enabled=true/zipf/miss=50/OldSnapshot-4          	   10000	      1123 ns/op	         0.5017 descents/key	     10240 filter-bytes	         1.000 keys/op	         0.4983 rejects/key	     153 B/op	       0 allocs/op
BenchmarkNegativeLookup/compressible256/enabled=true/zipf/miss=90/Get-4                  	   10000	       801.5 ns/op	         0.1026 descents/key	     10240 filter-bytes	         1.000 keys/op	         0.8974 rejects/key	      30 B/op	       0 allocs/op
BenchmarkNegativeLookup/compressible256/enabled=true/zipf/miss=90/GetAppend-4            	   10000	       902.8 ns/op	         0.1026 descents/key	     10240 filter-bytes	         1.000 keys/op	         0.8974 rejects/key	       5 B/op	       0 allocs/op
BenchmarkNegativeLookup/compressible256/enabled=true/zipf/miss=90/GetMany64-4            	   10000	     21073 ns/op	         0.1026 descents/key	     10240 filter-bytes	        64.00 keys/op	         0.8974 rejects/key	   10560 B/op	       3 allocs/op
BenchmarkNegativeLookup/compressible256/enabled=true/zipf/miss=90/GetManyView64-4        	   10000	     53782 ns/op	         0.1026 descents/key	     10240 filter-bytes	        64.00 keys/op	         0.8974 rejects/key	   13571 B/op	      22 allocs/op
BenchmarkNegativeLookup/compressible256/enabled=true/zipf/miss=90/OldSnapshot-4          	   10000	       291.0 ns/op	         0.1026 descents/key	     10240 filter-bytes	         1.000 keys/op	         0.8974 rejects/key	      30 B/op	       0 allocs/op
BenchmarkNegativeLookup/compressible256/enabled=true/zipf/miss=99/Get-4                  	   10000	       585.3 ns/op	         0.01270 descents/key	     10240 filter-bytes	         1.000 keys/op	         0.9873 rejects/key	       3 B/op	       0 allocs/op
BenchmarkNegativeLookup/compressible256/enabled=true/zipf/miss=99/GetAppend-4            	   10000	       561.0 ns/op	         0.01270 descents/key	     10240 filter-bytes	         1.000 keys/op	         0.9873 rejects/key	       1 B/op	       0 allocs/op
BenchmarkNegativeLookup/compressible256/enabled=true/zipf/miss=99/GetMany64-4            	   10000	      7134 ns/op	         0.01270 descents/key	     10240 filter-bytes	        64.00 keys/op	         0.9873 rejects/key	   10561 B/op	       3 allocs/op
BenchmarkNegativeLookup/compressible256/enabled=true/zipf/miss=99/GetManyView64-4        	   10000	      8957 ns/op	         0.01270 descents/key	     10240 filter-bytes	        64.00 keys/op	         0.9873 rejects/key	    1955 B/op	       4 allocs/op
BenchmarkNegativeLookup/compressible256/enabled=true/zipf/miss=99/OldSnapshot-4          	   10000	        84.28 ns/op	         0.01270 descents/key	     10240 filter-bytes	         1.000 keys/op	         0.9873 rejects/key	       3 B/op	       0 allocs/op
BenchmarkNegativeLookup/random4096/enabled=false/uniform/miss=0/Get-4                    	   10000	      7606 ns/op	         1.000 descents/key	         1.000 keys/op	         0 rejects/key	    4155 B/op	       1 allocs/op
BenchmarkNegativeLookup/random4096/enabled=false/uniform/miss=0/GetAppend-4              	   10000	      6213 ns/op	         1.000 descents/key	         1.000 keys/op	         0 rejects/key	      59 B/op	       0 allocs/op
BenchmarkNegativeLookup/random4096/enabled=false/uniform/miss=0/GetMany64-4              	   10000	    453250 ns/op	         1.000 descents/key	        64.00 keys/op	         0 rejects/key	 1345150 B/op	      27 allocs/op
BenchmarkNegativeLookup/random4096/enabled=false/uniform/miss=0/GetManyView64-4          	   10000	    581188 ns/op	         1.000 descents/key	        64.00 keys/op	         0 rejects/key	 2967638 B/op	     131 allocs/op
BenchmarkNegativeLookup/random4096/enabled=false/uniform/miss=0/OldSnapshot-4            	   10000	      6902 ns/op	         1.000 descents/key	         1.000 keys/op	         0 rejects/key	    4155 B/op	       1 allocs/op
BenchmarkNegativeLookup/random4096/enabled=false/uniform/miss=50/Get-4                   	   10000	      4116 ns/op	         1.000 descents/key	         1.000 keys/op	         0 rejects/key	    2077 B/op	       0 allocs/op
BenchmarkNegativeLookup/random4096/enabled=false/uniform/miss=50/GetAppend-4             	   10000	      3766 ns/op	         1.000 descents/key	         1.000 keys/op	         0 rejects/key	      29 B/op	       0 allocs/op
BenchmarkNegativeLookup/random4096/enabled=false/uniform/miss=50/GetMany64-4             	   10000	    243843 ns/op	         1.000 descents/key	        64.00 keys/op	         0 rejects/key	  605538 B/op	      20 allocs/op
BenchmarkNegativeLookup/random4096/enabled=false/uniform/miss=50/GetManyView64-4         	   10000	    311198 ns/op	         1.000 descents/key	        64.00 keys/op	         0 rejects/key	 1517906 B/op	      67 allocs/op
BenchmarkNegativeLookup/random4096/enabled=false/uniform/miss=50/OldSnapshot-4           	   10000	      3631 ns/op	         1.000 descents/key	         1.000 keys/op	         0 rejects/key	    2077 B/op	       0 allocs/op
BenchmarkNegativeLookup/random4096/enabled=false/uniform/miss=90/Get-4                   	   10000	      1809 ns/op	         1.000 descents/key	         1.000 keys/op	         0 rejects/key	     415 B/op	       0 allocs/op
BenchmarkNegativeLookup/random4096/enabled=false/uniform/miss=90/GetAppend-4             	   10000	      1773 ns/op	         1.000 descents/key	         1.000 keys/op	         0 rejects/key	       6 B/op	       0 allocs/op
BenchmarkNegativeLookup/random4096/enabled=false/uniform/miss=90/GetMany64-4             	   10000	     80314 ns/op	         1.000 descents/key	        64.00 keys/op	         0 rejects/key	  108182 B/op	       9 allocs/op
BenchmarkNegativeLookup/random4096/enabled=false/uniform/miss=90/GetManyView64-4         	   10000	     99018 ns/op	         1.000 descents/key	        64.00 keys/op	         0 rejects/key	  312173 B/op	      15 allocs/op
BenchmarkNegativeLookup/random4096/enabled=false/uniform/miss=90/OldSnapshot-4           	   10000	      1892 ns/op	         1.000 descents/key	         1.000 keys/op	         0 rejects/key	     415 B/op	       0 allocs/op
BenchmarkNegativeLookup/random4096/enabled=false/uniform/miss=99/Get-4                   	   10000	      1885 ns/op	         1.000 descents/key	         1.000 keys/op	         0 rejects/key	      41 B/op	       0 allocs/op
BenchmarkNegativeLookup/random4096/enabled=false/uniform/miss=99/GetAppend-4             	   10000	      1270 ns/op	         1.000 descents/key	         1.000 keys/op	         0 rejects/key	       0 B/op	       0 allocs/op
BenchmarkNegativeLookup/random4096/enabled=false/uniform/miss=99/GetMany64-4             	   10000	     39625 ns/op	         1.000 descents/key	        64.00 keys/op	         0 rejects/key	   10565 B/op	       3 allocs/op
BenchmarkNegativeLookup/random4096/enabled=false/uniform/miss=99/GetManyView64-4         	   10000	     43485 ns/op	         1.000 descents/key	        64.00 keys/op	         0 rejects/key	   17242 B/op	       4 allocs/op
BenchmarkNegativeLookup/random4096/enabled=false/uniform/miss=99/OldSnapshot-4           	   10000	       833.5 ns/op	         1.000 descents/key	         1.000 keys/op	         0 rejects/key	      41 B/op	       0 allocs/op
BenchmarkNegativeLookup/random4096/enabled=false/zipf/miss=0/Get-4                       	   10000	     12226 ns/op	         1.000 descents/key	         1.000 keys/op	         0 rejects/key	    4147 B/op	       1 allocs/op
BenchmarkNegativeLookup/random4096/enabled=false/zipf/miss=0/GetAppend-4                 	   10000	     10096 ns/op	         1.000 descents/key	         1.000 keys/op	         0 rejects/key	      53 B/op	       0 allocs/op
BenchmarkNegativeLookup/random4096/enabled=false/zipf/miss=0/GetMany64-4                 	   10000	    712381 ns/op	         1.000 descents/key	        64.00 keys/op	         0 rejects/key	 1345139 B/op	      27 allocs/op
BenchmarkNegativeLookup/random4096/enabled=false/zipf/miss=0/GetManyView64-4             	   10000	   1180140 ns/op	         1.000 descents/key	        64.00 keys/op	         0 rejects/key	 7776184 B/op	     131 allocs/op
BenchmarkNegativeLookup/random4096/enabled=false/zipf/miss=0/OldSnapshot-4               	   10000	     30897 ns/op	         1.000 descents/key	         1.000 keys/op	         0 rejects/key	    4191 B/op	       1 allocs/op
BenchmarkNegativeLookup/random4096/enabled=false/zipf/miss=50/Get-4                      	   10000	      7309 ns/op	         1.000 descents/key	         1.000 keys/op	         0 rejects/key	    2074 B/op	       0 allocs/op
BenchmarkNegativeLookup/random4096/enabled=false/zipf/miss=50/GetAppend-4                	   10000	      5949 ns/op	         1.000 descents/key	         1.000 keys/op	         0 rejects/key	      26 B/op	       0 allocs/op
BenchmarkNegativeLookup/random4096/enabled=false/zipf/miss=50/GetMany64-4                	   10000	    368324 ns/op	         1.000 descents/key	        64.00 keys/op	         0 rejects/key	  605546 B/op	      20 allocs/op
BenchmarkNegativeLookup/random4096/enabled=false/zipf/miss=50/GetManyView64-4            	   10000	    662820 ns/op	         1.000 descents/key	        64.00 keys/op	         0 rejects/key	 3928934 B/op	      67 allocs/op
BenchmarkNegativeLookup/random4096/enabled=false/zipf/miss=50/OldSnapshot-4              	   10000	     16088 ns/op	         1.000 descents/key	         1.000 keys/op	         0 rejects/key	    2073 B/op	       0 allocs/op
BenchmarkNegativeLookup/random4096/enabled=false/zipf/miss=90/Get-4                      	   10000	      2281 ns/op	         1.000 descents/key	         1.000 keys/op	         0 rejects/key	     414 B/op	       0 allocs/op
BenchmarkNegativeLookup/random4096/enabled=false/zipf/miss=90/GetAppend-4                	   10000	      2256 ns/op	         1.000 descents/key	         1.000 keys/op	         0 rejects/key	       5 B/op	       0 allocs/op
BenchmarkNegativeLookup/random4096/enabled=false/zipf/miss=90/GetMany64-4                	   10000	    106824 ns/op	         1.000 descents/key	        64.00 keys/op	         0 rejects/key	  108190 B/op	       9 allocs/op
BenchmarkNegativeLookup/random4096/enabled=false/zipf/miss=90/GetManyView64-4            	   10000	    157431 ns/op	         1.000 descents/key	        64.00 keys/op	         0 rejects/key	  791674 B/op	      15 allocs/op
BenchmarkNegativeLookup/random4096/enabled=false/zipf/miss=90/OldSnapshot-4              	   10000	      3569 ns/op	         1.000 descents/key	         1.000 keys/op	         0 rejects/key	     414 B/op	       0 allocs/op
BenchmarkNegativeLookup/random4096/enabled=false/zipf/miss=99/Get-4                      	   10000	      1286 ns/op	         1.000 descents/key	         1.000 keys/op	         0 rejects/key	      41 B/op	       0 allocs/op
BenchmarkNegativeLookup/random4096/enabled=false/zipf/miss=99/GetAppend-4                	   10000	      1201 ns/op	         1.000 descents/key	         1.000 keys/op	         0 rejects/key	       0 B/op	       0 allocs/op
BenchmarkNegativeLookup/random4096/enabled=false/zipf/miss=99/GetMany64-4                	   10000	     34597 ns/op	         1.000 descents/key	        64.00 keys/op	         0 rejects/key	   10562 B/op	       3 allocs/op
BenchmarkNegativeLookup/random4096/enabled=false/zipf/miss=99/GetManyView64-4            	   10000	     37956 ns/op	         1.000 descents/key	        64.00 keys/op	         0 rejects/key	   64518 B/op	       4 allocs/op
BenchmarkNegativeLookup/random4096/enabled=false/zipf/miss=99/OldSnapshot-4              	   10000	       901.3 ns/op	         1.000 descents/key	         1.000 keys/op	         0 rejects/key	      41 B/op	       0 allocs/op
BenchmarkNegativeLookup/random4096/enabled=true/uniform/miss=0/Get-4                     	   10000	      8498 ns/op	         1.000 descents/key	     10240 filter-bytes	         1.000 keys/op	         0 rejects/key	    4155 B/op	       1 allocs/op
BenchmarkNegativeLookup/random4096/enabled=true/uniform/miss=0/GetAppend-4               	   10000	      6359 ns/op	         1.000 descents/key	     10240 filter-bytes	         1.000 keys/op	         0 rejects/key	      59 B/op	       0 allocs/op
BenchmarkNegativeLookup/random4096/enabled=true/uniform/miss=0/GetMany64-4               	   10000	    514900 ns/op	         1.000 descents/key	     10240 filter-bytes	        64.00 keys/op	         0 rejects/key	 1345136 B/op	      27 allocs/op
BenchmarkNegativeLookup/random4096/enabled=true/uniform/miss=0/GetManyView64-4           	   10000	    596802 ns/op	         1.000 descents/key	     10240 filter-bytes	        64.00 keys/op	         0 rejects/key	 2967621 B/op	     131 allocs/op
BenchmarkNegativeLookup/random4096/enabled=true/uniform/miss=0/OldSnapshot-4             	   10000	      6965 ns/op	         1.000 descents/key	     10240 filter-bytes	         1.000 keys/op	         0 rejects/key	    4197 B/op	       2 allocs/op
BenchmarkNegativeLookup/random4096/enabled=true/uniform/miss=50/Get-4                    	   10000	      3642 ns/op	         0.5045 descents/key	     10240 filter-bytes	         1.000 keys/op	         0.4955 rejects/key	    2077 B/op	       0 allocs/op
BenchmarkNegativeLookup/random4096/enabled=true/uniform/miss=50/GetAppend-4              	   10000	      3323 ns/op	         0.5045 descents/key	     10240 filter-bytes	         1.000 keys/op	         0.4955 rejects/key	      29 B/op	       0 allocs/op
BenchmarkNegativeLookup/random4096/enabled=true/uniform/miss=50/GetMany64-4              	   10000	    229039 ns/op	         0.5045 descents/key	     10240 filter-bytes	        64.00 keys/op	         0.4955 rejects/key	  605542 B/op	      20 allocs/op
BenchmarkNegativeLookup/random4096/enabled=true/uniform/miss=50/GetManyView64-4          	   10000	    301344 ns/op	         0.5045 descents/key	     10240 filter-bytes	        64.00 keys/op	         0.4955 rejects/key	 1517882 B/op	      67 allocs/op
BenchmarkNegativeLookup/random4096/enabled=true/uniform/miss=50/OldSnapshot-4            	   10000	      3669 ns/op	         0.5045 descents/key	     10240 filter-bytes	         1.000 keys/op	         0.4955 rejects/key	    2077 B/op	       0 allocs/op
BenchmarkNegativeLookup/random4096/enabled=true/uniform/miss=90/Get-4                    	   10000	      1257 ns/op	         0.1075 descents/key	     10240 filter-bytes	         1.000 keys/op	         0.8925 rejects/key	     415 B/op	       0 allocs/op
BenchmarkNegativeLookup/random4096/enabled=true/uniform/miss=90/GetAppend-4              	   10000	      1174 ns/op	         0.1075 descents/key	     10240 filter-bytes	         1.000 keys/op	         0.8925 rejects/key	       6 B/op	       0 allocs/op
BenchmarkNegativeLookup/random4096/enabled=true/uniform/miss=90/GetMany64-4              	   10000	     53678 ns/op	         0.1075 descents/key	     10240 filter-bytes	        64.00 keys/op	         0.8925 rejects/key	  108188 B/op	       9 allocs/op
BenchmarkNegativeLookup/random4096/enabled=true/uniform/miss=90/GetManyView64-4          	   10000	     66943 ns/op	         0.1075 descents/key	     10240 filter-bytes	        64.00 keys/op	         0.8925 rejects/key	  312176 B/op	      15 allocs/op
BenchmarkNegativeLookup/random4096/enabled=true/uniform/miss=90/OldSnapshot-4            	   10000	       819.9 ns/op	         0.1075 descents/key	     10240 filter-bytes	         1.000 keys/op	         0.8925 rejects/key	     415 B/op	       0 allocs/op
BenchmarkNegativeLookup/random4096/enabled=true/uniform/miss=99/Get-4                    	   10000	       606.8 ns/op	         0.01840 descents/key	     10240 filter-bytes	         1.000 keys/op	         0.9816 rejects/key	      41 B/op	       0 allocs/op
BenchmarkNegativeLookup/random4096/enabled=true/uniform/miss=99/GetAppend-4              	   10000	       599.6 ns/op	         0.01840 descents/key	     10240 filter-bytes	         1.000 keys/op	         0.9816 rejects/key	       0 B/op	       0 allocs/op
BenchmarkNegativeLookup/random4096/enabled=true/uniform/miss=99/GetMany64-4              	   10000	      8960 ns/op	         0.01840 descents/key	     10240 filter-bytes	        64.00 keys/op	         0.9816 rejects/key	   10560 B/op	       3 allocs/op
BenchmarkNegativeLookup/random4096/enabled=true/uniform/miss=99/GetManyView64-4          	   10000	      9176 ns/op	         0.01840 descents/key	     10240 filter-bytes	        64.00 keys/op	         0.9816 rejects/key	   17242 B/op	       4 allocs/op
BenchmarkNegativeLookup/random4096/enabled=true/uniform/miss=99/OldSnapshot-4            	   10000	       152.3 ns/op	         0.01840 descents/key	     10240 filter-bytes	         1.000 keys/op	         0.9816 rejects/key	      41 B/op	       0 allocs/op
BenchmarkNegativeLookup/random4096/enabled=true/zipf/miss=0/Get-4                        	   10000	     11364 ns/op	         1.000 descents/key	     10240 filter-bytes	         1.000 keys/op	         0 rejects/key	    4149 B/op	       1 allocs/op
BenchmarkNegativeLookup/random4096/enabled=true/zipf/miss=0/GetAppend-4                  	   10000	     10635 ns/op	         1.000 descents/key	     10240 filter-bytes	         1.000 keys/op	         0 rejects/key	      51 B/op	       0 allocs/op
BenchmarkNegativeLookup/random4096/enabled=true/zipf/miss=0/GetMany64-4                  	   10000	    713932 ns/op	         1.000 descents/key	     10240 filter-bytes	        64.00 keys/op	         0 rejects/key	 1345140 B/op	      27 allocs/op
BenchmarkNegativeLookup/random4096/enabled=true/zipf/miss=0/GetManyView64-4              	   10000	   1198490 ns/op	         1.000 descents/key	     10240 filter-bytes	        64.00 keys/op	         0 rejects/key	 7776199 B/op	     131 allocs/op
BenchmarkNegativeLookup/random4096/enabled=true/zipf/miss=0/OldSnapshot-4                	   10000	     32919 ns/op	         1.000 descents/key	     10240 filter-bytes	         1.000 keys/op	         0 rejects/key	    4148 B/op	       1 allocs/op
BenchmarkNegativeLookup/random4096/enabled=true/zipf/miss=50/Get-4                       	   10000	      6170 ns/op	         0.5040 descents/key	     10240 filter-bytes	         1.000 keys/op	         0.4960 rejects/key	    2074 B/op	       0 allocs/op
BenchmarkNegativeLookup/random4096/enabled=true/zipf/miss=50/GetAppend-4                 	   10000	      5604 ns/op	         0.5040 descents/key	     10240 filter-bytes	         1.000 keys/op	         0.4960 rejects/key	      26 B/op	       0 allocs/op
BenchmarkNegativeLookup/random4096/enabled=true/zipf/miss=50/GetMany64-4                 	   10000	    353235 ns/op	         0.5040 descents/key	     10240 filter-bytes	        64.00 keys/op	         0.4960 rejects/key	  605540 B/op	      20 allocs/op
BenchmarkNegativeLookup/random4096/enabled=true/zipf/miss=50/GetManyView64-4             	   10000	    601774 ns/op	         0.5040 descents/key	     10240 filter-bytes	        64.00 keys/op	         0.4960 rejects/key	 3928933 B/op	      67 allocs/op
BenchmarkNegativeLookup/random4096/enabled=true/zipf/miss=50/OldSnapshot-4               	   10000	     15069 ns/op	         0.5040 descents/key	     10240 filter-bytes	         1.000 keys/op	         0.4960 rejects/key	    2073 B/op	       0 allocs/op
BenchmarkNegativeLookup/random4096/enabled=true/zipf/miss=90/Get-4                       	   10000	      1655 ns/op	         0.1074 descents/key	     10240 filter-bytes	         1.000 keys/op	         0.8926 rejects/key	     415 B/op	       0 allocs/op
BenchmarkNegativeLookup/random4096/enabled=true/zipf/miss=90/GetAppend-4                 	   10000	      1544 ns/op	         0.1074 descents/key	     10240 filter-bytes	         1.000 keys/op	         0.8926 rejects/key	       5 B/op	       0 allocs/op
BenchmarkNegativeLookup/random4096/enabled=true/zipf/miss=90/GetMany64-4                 	   10000	     76506 ns/op	         0.1074 descents/key	     10240 filter-bytes	        64.00 keys/op	         0.8926 rejects/key	  108189 B/op	       9 allocs/op
BenchmarkNegativeLookup/random4096/enabled=true/zipf/miss=90/GetManyView64-4             	   10000	    125387 ns/op	         0.1074 descents/key	     10240 filter-bytes	        64.00 keys/op	         0.8926 rejects/key	  791678 B/op	      15 allocs/op
BenchmarkNegativeLookup/random4096/enabled=true/zipf/miss=90/OldSnapshot-4               	   10000	      3262 ns/op	         0.1074 descents/key	     10240 filter-bytes	         1.000 keys/op	         0.8926 rejects/key	     414 B/op	       0 allocs/op
BenchmarkNegativeLookup/random4096/enabled=true/zipf/miss=99/Get-4                       	   10000	       642.9 ns/op	         0.01800 descents/key	     10240 filter-bytes	         1.000 keys/op	         0.9820 rejects/key	      41 B/op	       0 allocs/op
BenchmarkNegativeLookup/random4096/enabled=true/zipf/miss=99/GetAppend-4                 	   10000	       635.1 ns/op	         0.01800 descents/key	     10240 filter-bytes	         1.000 keys/op	         0.9820 rejects/key	       0 B/op	       0 allocs/op
BenchmarkNegativeLookup/random4096/enabled=true/zipf/miss=99/GetMany64-4                 	   10000	     11531 ns/op	         0.01800 descents/key	     10240 filter-bytes	        64.00 keys/op	         0.9820 rejects/key	   10561 B/op	       3 allocs/op
BenchmarkNegativeLookup/random4096/enabled=true/zipf/miss=99/GetManyView64-4             	   10000	     15889 ns/op	         0.01800 descents/key	     10240 filter-bytes	        64.00 keys/op	         0.9820 rejects/key	   64521 B/op	       4 allocs/op
BenchmarkNegativeLookup/random4096/enabled=true/zipf/miss=99/OldSnapshot-4               	   10000	       386.8 ns/op	         0.01800 descents/key	     10240 filter-bytes	         1.000 keys/op	         0.9820 rejects/key	      41 B/op	       0 allocs/op
PASS
