goos: linux
goarch: amd64
pkg: github.com/snissn/gomap/TreeDB
cpu: 11th Gen Intel(R) Core(TM) i5-11400F @ 2.60GHz
BenchmarkNegativeLookup/compressible256/enabled=true/uniform/miss=0/Get-4     	  169818	      3645 ns/op	     10240 filter-bytes	         1.000 keys/op	     315 B/op	       1 allocs/op
BenchmarkNegativeLookup/compressible256/enabled=true/uniform/miss=0/GetAppend-4         	  168720	      3549 ns/op	     10240 filter-bytes	         1.000 keys/op	      59 B/op	       0 allocs/op
BenchmarkNegativeLookup/compressible256/enabled=true/uniform/miss=0/GetMany64-4         	    3435	    177233 ns/op	     10240 filter-bytes	        64.00 keys/op	   54989 B/op	       9 allocs/op
BenchmarkNegativeLookup/compressible256/enabled=true/uniform/miss=0/GetManyView64-4     	     369	   1637358 ns/op	     10240 filter-bytes	        64.00 keys/op	  264747 B/op	     195 allocs/op
BenchmarkNegativeLookup/compressible256/enabled=true/uniform/miss=0/OldSnapshot-4       	  199240	      3047 ns/op	     10240 filter-bytes	         1.000 keys/op	     315 B/op	       1 allocs/op
BenchmarkNegativeLookup/compressible256/enabled=true/uniform/miss=50/Get-4              	  260138	      2073 ns/op	     10240 filter-bytes	         1.000 keys/op	     157 B/op	       0 allocs/op
BenchmarkNegativeLookup/compressible256/enabled=true/uniform/miss=50/GetAppend-4        	  294932	      1911 ns/op	     10240 filter-bytes	         1.000 keys/op	      29 B/op	       0 allocs/op
BenchmarkNegativeLookup/compressible256/enabled=true/uniform/miss=50/GetMany64-4        	    6711	     86799 ns/op	     10240 filter-bytes	        64.00 keys/op	   19998 B/op	       4 allocs/op
BenchmarkNegativeLookup/compressible256/enabled=true/uniform/miss=50/GetManyView64-4    	     673	    818115 ns/op	     10240 filter-bytes	        64.00 keys/op	  132205 B/op	      98 allocs/op
BenchmarkNegativeLookup/compressible256/enabled=true/uniform/miss=50/OldSnapshot-4      	  396931	      1460 ns/op	     10240 filter-bytes	         1.000 keys/op	     158 B/op	       0 allocs/op
BenchmarkNegativeLookup/compressible256/enabled=true/uniform/miss=90/Get-4              	  694510	       818.0 ns/op	     10240 filter-bytes	         1.000 keys/op	      31 B/op	       0 allocs/op
BenchmarkNegativeLookup/compressible256/enabled=true/uniform/miss=90/GetAppend-4        	  704307	       803.2 ns/op	     10240 filter-bytes	         1.000 keys/op	       6 B/op	       0 allocs/op
BenchmarkNegativeLookup/compressible256/enabled=true/uniform/miss=90/GetMany64-4        	   26604	     22126 ns/op	     10240 filter-bytes	        64.00 keys/op	   10562 B/op	       3 allocs/op
BenchmarkNegativeLookup/compressible256/enabled=true/uniform/miss=90/GetManyView64-4    	    3720	    162269 ns/op	     10240 filter-bytes	        64.00 keys/op	   26986 B/op	      22 allocs/op
BenchmarkNegativeLookup/compressible256/enabled=true/uniform/miss=90/OldSnapshot-4      	 1797116	       332.0 ns/op	     10240 filter-bytes	         1.000 keys/op	      31 B/op	       0 allocs/op
BenchmarkNegativeLookup/compressible256/enabled=true/uniform/miss=99/Get-4              	  964248	       547.7 ns/op	     10240 filter-bytes	         1.000 keys/op	       3 B/op	       0 allocs/op
BenchmarkNegativeLookup/compressible256/enabled=true/uniform/miss=99/GetAppend-4        	 1000000	       544.6 ns/op	     10240 filter-bytes	         1.000 keys/op	       0 B/op	       0 allocs/op
BenchmarkNegativeLookup/compressible256/enabled=true/uniform/miss=99/GetMany64-4        	   76008	      7110 ns/op	     10240 filter-bytes	        64.00 keys/op	   10562 B/op	       3 allocs/op
BenchmarkNegativeLookup/compressible256/enabled=true/uniform/miss=99/GetManyView64-4    	   28112	     20853 ns/op	     10240 filter-bytes	        64.00 keys/op	    3335 B/op	       4 allocs/op
BenchmarkNegativeLookup/compressible256/enabled=true/uniform/miss=99/OldSnapshot-4      	 7148430	        85.68 ns/op	     10240 filter-bytes	         1.000 keys/op	       3 B/op	       0 allocs/op
BenchmarkNegativeLookup/compressible256/enabled=true/zipf/miss=0/Get-4                  	  216222	      2831 ns/op	     10240 filter-bytes	         1.000 keys/op	     307 B/op	       1 allocs/op
BenchmarkNegativeLookup/compressible256/enabled=true/zipf/miss=0/GetAppend-4            	  216631	      2725 ns/op	     10240 filter-bytes	         1.000 keys/op	      51 B/op	       0 allocs/op
BenchmarkNegativeLookup/compressible256/enabled=true/zipf/miss=0/GetMany64-4            	    4843	    126408 ns/op	     10240 filter-bytes	        64.00 keys/op	   54979 B/op	       9 allocs/op
BenchmarkNegativeLookup/compressible256/enabled=true/zipf/miss=0/GetManyView64-4        	    1005	    552851 ns/op	     10240 filter-bytes	        64.00 keys/op	  132493 B/op	     195 allocs/op
BenchmarkNegativeLookup/compressible256/enabled=true/zipf/miss=0/OldSnapshot-4          	  276472	      2097 ns/op	     10240 filter-bytes	         1.000 keys/op	     307 B/op	       1 allocs/op
BenchmarkNegativeLookup/compressible256/enabled=true/zipf/miss=50/Get-4                 	  342441	      1676 ns/op	     10240 filter-bytes	         1.000 keys/op	     153 B/op	       0 allocs/op
BenchmarkNegativeLookup/compressible256/enabled=true/zipf/miss=50/GetAppend-4           	  353320	      1634 ns/op	     10240 filter-bytes	         1.000 keys/op	      25 B/op	       0 allocs/op
BenchmarkNegativeLookup/compressible256/enabled=true/zipf/miss=50/GetMany64-4           	    9403	     64052 ns/op	     10240 filter-bytes	        64.00 keys/op	   19994 B/op	       4 allocs/op
BenchmarkNegativeLookup/compressible256/enabled=true/zipf/miss=50/GetManyView64-4       	    2366	    260636 ns/op	     10240 filter-bytes	        64.00 keys/op	   66505 B/op	      98 allocs/op
BenchmarkNegativeLookup/compressible256/enabled=true/zipf/miss=50/OldSnapshot-4         	  540519	      1085 ns/op	     10240 filter-bytes	         1.000 keys/op	     153 B/op	       0 allocs/op
BenchmarkNegativeLookup/compressible256/enabled=true/zipf/miss=90/Get-4                 	  783297	       742.5 ns/op	     10240 filter-bytes	         1.000 keys/op	      30 B/op	       0 allocs/op
BenchmarkNegativeLookup/compressible256/enabled=true/zipf/miss=90/GetAppend-4           	  783634	       726.2 ns/op	     10240 filter-bytes	         1.000 keys/op	       5 B/op	       0 allocs/op
BenchmarkNegativeLookup/compressible256/enabled=true/zipf/miss=90/GetMany64-4           	   34171	     16925 ns/op	     10240 filter-bytes	        64.00 keys/op	   10562 B/op	       3 allocs/op
BenchmarkNegativeLookup/compressible256/enabled=true/zipf/miss=90/GetManyView64-4       	   10000	     54462 ns/op	     10240 filter-bytes	        64.00 keys/op	   13570 B/op	      22 allocs/op
BenchmarkNegativeLookup/compressible256/enabled=true/zipf/miss=90/OldSnapshot-4         	 2324852	       256.2 ns/op	     10240 filter-bytes	         1.000 keys/op	      30 B/op	       0 allocs/op
BenchmarkNegativeLookup/compressible256/enabled=true/zipf/miss=99/Get-4                 	 1000000	       537.0 ns/op	     10240 filter-bytes	         1.000 keys/op	       3 B/op	       0 allocs/op
BenchmarkNegativeLookup/compressible256/enabled=true/zipf/miss=99/GetAppend-4           	 1000000	       535.9 ns/op	     10240 filter-bytes	         1.000 keys/op	       0 B/op	       0 allocs/op
BenchmarkNegativeLookup/compressible256/enabled=true/zipf/miss=99/GetMany64-4           	   83538	      6369 ns/op	     10240 filter-bytes	        64.00 keys/op	   10562 B/op	       3 allocs/op
BenchmarkNegativeLookup/compressible256/enabled=true/zipf/miss=99/GetManyView64-4       	   64310	      9688 ns/op	     10240 filter-bytes	        64.00 keys/op	    1954 B/op	       4 allocs/op
BenchmarkNegativeLookup/compressible256/enabled=true/zipf/miss=99/OldSnapshot-4         	 8583142	        73.05 ns/op	     10240 filter-bytes	         1.000 keys/op	       3 B/op	       0 allocs/op
BenchmarkNegativeLookup/random4096/enabled=true/uniform/miss=0/Get-4                    	   79675	      6683 ns/op	     10240 filter-bytes	         1.000 keys/op	    4155 B/op	       1 allocs/op
BenchmarkNegativeLookup/random4096/enabled=true/uniform/miss=0/GetAppend-4              	   93722	      6102 ns/op	     10240 filter-bytes	         1.000 keys/op	      59 B/op	       0 allocs/op
BenchmarkNegativeLookup/random4096/enabled=true/uniform/miss=0/GetMany64-4              	    1302	    470330 ns/op	     10240 filter-bytes	        64.00 keys/op	 1345152 B/op	      27 allocs/op
BenchmarkNegativeLookup/random4096/enabled=true/uniform/miss=0/GetManyView64-4          	    1029	    578726 ns/op	     10240 filter-bytes	        64.00 keys/op	 2967010 B/op	     131 allocs/op
BenchmarkNegativeLookup/random4096/enabled=true/uniform/miss=0/OldSnapshot-4            	   83785	      6253 ns/op	     10240 filter-bytes	         1.000 keys/op	    4155 B/op	       1 allocs/op
BenchmarkNegativeLookup/random4096/enabled=true/uniform/miss=50/Get-4                   	  164371	      3731 ns/op	     10240 filter-bytes	         1.000 keys/op	    2077 B/op	       0 allocs/op
BenchmarkNegativeLookup/random4096/enabled=true/uniform/miss=50/GetAppend-4             	  176335	      3455 ns/op	     10240 filter-bytes	         1.000 keys/op	      29 B/op	       0 allocs/op
BenchmarkNegativeLookup/random4096/enabled=true/uniform/miss=50/GetMany64-4             	    2563	    229961 ns/op	     10240 filter-bytes	        64.00 keys/op	  605372 B/op	      20 allocs/op
BenchmarkNegativeLookup/random4096/enabled=true/uniform/miss=50/GetManyView64-4         	    2008	    295646 ns/op	     10240 filter-bytes	        64.00 keys/op	 1517355 B/op	      67 allocs/op
BenchmarkNegativeLookup/random4096/enabled=true/uniform/miss=50/OldSnapshot-4           	  170208	      3274 ns/op	     10240 filter-bytes	         1.000 keys/op	    2077 B/op	       0 allocs/op
BenchmarkNegativeLookup/random4096/enabled=true/uniform/miss=90/Get-4                   	  477373	      1317 ns/op	     10240 filter-bytes	         1.000 keys/op	     415 B/op	       0 allocs/op
BenchmarkNegativeLookup/random4096/enabled=true/uniform/miss=90/GetAppend-4             	  546668	      1109 ns/op	     10240 filter-bytes	         1.000 keys/op	       6 B/op	       0 allocs/op
BenchmarkNegativeLookup/random4096/enabled=true/uniform/miss=90/GetMany64-4             	   11191	     53140 ns/op	     10240 filter-bytes	        64.00 keys/op	  108178 B/op	       9 allocs/op
BenchmarkNegativeLookup/random4096/enabled=true/uniform/miss=90/GetManyView64-4         	    8760	     70739 ns/op	     10240 filter-bytes	        64.00 keys/op	  312278 B/op	      15 allocs/op
BenchmarkNegativeLookup/random4096/enabled=true/uniform/miss=90/OldSnapshot-4           	  737643	       738.2 ns/op	     10240 filter-bytes	         1.000 keys/op	     416 B/op	       0 allocs/op
BenchmarkNegativeLookup/random4096/enabled=true/uniform/miss=99/Get-4                   	  942693	       577.6 ns/op	     10240 filter-bytes	         1.000 keys/op	      41 B/op	       0 allocs/op
BenchmarkNegativeLookup/random4096/enabled=true/uniform/miss=99/GetAppend-4             	  983794	       558.6 ns/op	     10240 filter-bytes	         1.000 keys/op	       0 B/op	       0 allocs/op
BenchmarkNegativeLookup/random4096/enabled=true/uniform/miss=99/GetMany64-4             	   66684	      8063 ns/op	     10240 filter-bytes	        64.00 keys/op	   10562 B/op	       3 allocs/op
BenchmarkNegativeLookup/random4096/enabled=true/uniform/miss=99/GetManyView64-4         	   60824	      8404 ns/op	     10240 filter-bytes	        64.00 keys/op	   17258 B/op	       4 allocs/op
BenchmarkNegativeLookup/random4096/enabled=true/uniform/miss=99/OldSnapshot-4           	 5357196	       105.9 ns/op	     10240 filter-bytes	         1.000 keys/op	      41 B/op	       0 allocs/op
BenchmarkNegativeLookup/random4096/enabled=true/zipf/miss=0/Get-4                       	   51774	     10831 ns/op	     10240 filter-bytes	         1.000 keys/op	    4148 B/op	       1 allocs/op
BenchmarkNegativeLookup/random4096/enabled=true/zipf/miss=0/GetAppend-4                 	   57908	     10131 ns/op	     10240 filter-bytes	         1.000 keys/op	      52 B/op	       0 allocs/op
BenchmarkNegativeLookup/random4096/enabled=true/zipf/miss=0/GetMany64-4                 	     828	    701126 ns/op	     10240 filter-bytes	        64.00 keys/op	 1345140 B/op	      27 allocs/op
BenchmarkNegativeLookup/random4096/enabled=true/zipf/miss=0/GetManyView64-4             	     409	   1265888 ns/op	     10240 filter-bytes	        64.00 keys/op	 7723406 B/op	     131 allocs/op
BenchmarkNegativeLookup/random4096/enabled=true/zipf/miss=0/OldSnapshot-4               	   18158	     29087 ns/op	     10240 filter-bytes	         1.000 keys/op	    4149 B/op	       1 allocs/op
BenchmarkNegativeLookup/random4096/enabled=true/zipf/miss=50/Get-4                      	   93978	      5964 ns/op	     10240 filter-bytes	         1.000 keys/op	    2073 B/op	       0 allocs/op
BenchmarkNegativeLookup/random4096/enabled=true/zipf/miss=50/GetAppend-4                	  111546	      6173 ns/op	     10240 filter-bytes	         1.000 keys/op	      26 B/op	       0 allocs/op
BenchmarkNegativeLookup/random4096/enabled=true/zipf/miss=50/GetMany64-4                	    1671	    353664 ns/op	     10240 filter-bytes	        64.00 keys/op	  605268 B/op	      20 allocs/op
BenchmarkNegativeLookup/random4096/enabled=true/zipf/miss=50/GetManyView64-4            	     840	    604222 ns/op	     10240 filter-bytes	        64.00 keys/op	 3921287 B/op	      67 allocs/op
BenchmarkNegativeLookup/random4096/enabled=true/zipf/miss=50/OldSnapshot-4              	   40131	     14633 ns/op	     10240 filter-bytes	         1.000 keys/op	    2073 B/op	       0 allocs/op
BenchmarkNegativeLookup/random4096/enabled=true/zipf/miss=90/Get-4                      	  370977	      1560 ns/op	     10240 filter-bytes	         1.000 keys/op	     414 B/op	       0 allocs/op
BenchmarkNegativeLookup/random4096/enabled=true/zipf/miss=90/GetAppend-4                	  362732	      1528 ns/op	     10240 filter-bytes	         1.000 keys/op	       5 B/op	       0 allocs/op
BenchmarkNegativeLookup/random4096/enabled=true/zipf/miss=90/GetMany64-4                	    7029	     78911 ns/op	     10240 filter-bytes	        64.00 keys/op	  108169 B/op	       9 allocs/op
BenchmarkNegativeLookup/random4096/enabled=true/zipf/miss=90/GetManyView64-4            	    4779	    125174 ns/op	     10240 filter-bytes	        64.00 keys/op	  791590 B/op	      15 allocs/op
BenchmarkNegativeLookup/random4096/enabled=true/zipf/miss=90/OldSnapshot-4              	  179977	      3073 ns/op	     10240 filter-bytes	         1.000 keys/op	     414 B/op	       0 allocs/op
BenchmarkNegativeLookup/random4096/enabled=true/zipf/miss=99/Get-4                      	  875643	       611.4 ns/op	     10240 filter-bytes	         1.000 keys/op	      41 B/op	       0 allocs/op
BenchmarkNegativeLookup/random4096/enabled=true/zipf/miss=99/GetAppend-4                	  881367	       602.8 ns/op	     10240 filter-bytes	         1.000 keys/op	       0 B/op	       0 allocs/op
BenchmarkNegativeLookup/random4096/enabled=true/zipf/miss=99/GetMany64-4                	   51114	     11382 ns/op	     10240 filter-bytes	        64.00 keys/op	   10561 B/op	       3 allocs/op
BenchmarkNegativeLookup/random4096/enabled=true/zipf/miss=99/GetManyView64-4            	   40474	     14695 ns/op	     10240 filter-bytes	        64.00 keys/op	   64538 B/op	       4 allocs/op
BenchmarkNegativeLookup/random4096/enabled=true/zipf/miss=99/OldSnapshot-4              	 1719423	       346.5 ns/op	     10240 filter-bytes	         1.000 keys/op	      41 B/op	       0 allocs/op
PASS
