goos: linux
goarch: amd64
pkg: github.com/snissn/gomap/TreeDB
cpu: 11th Gen Intel(R) Core(TM) i5-11400F @ 2.60GHz
BenchmarkNegativeLookup/compressible256/enabled=true/uniform/miss=0/Get-4     	  176686	      3485 ns/op	     10240 filter-bytes	         1.000 keys/op	     315 B/op	       1 allocs/op
BenchmarkNegativeLookup/compressible256/enabled=true/uniform/miss=0/GetAppend-4         	  172574	      3269 ns/op	     10240 filter-bytes	         1.000 keys/op	      59 B/op	       0 allocs/op
BenchmarkNegativeLookup/compressible256/enabled=true/uniform/miss=0/GetMany64-4         	    3619	    168523 ns/op	     10240 filter-bytes	        64.00 keys/op	   54988 B/op	       9 allocs/op
BenchmarkNegativeLookup/compressible256/enabled=true/uniform/miss=0/GetManyView64-4     	     388	   1558136 ns/op	     10240 filter-bytes	        64.00 keys/op	  248380 B/op	     195 allocs/op
BenchmarkNegativeLookup/compressible256/enabled=true/uniform/miss=0/OldSnapshot-4       	  209804	      2858 ns/op	     10240 filter-bytes	         1.000 keys/op	     315 B/op	       1 allocs/op
BenchmarkNegativeLookup/compressible256/enabled=true/uniform/miss=50/Get-4              	  290928	      1975 ns/op	     10240 filter-bytes	         1.000 keys/op	     157 B/op	       0 allocs/op
BenchmarkNegativeLookup/compressible256/enabled=true/uniform/miss=50/GetAppend-4        	  293932	      1917 ns/op	     10240 filter-bytes	         1.000 keys/op	      29 B/op	       0 allocs/op
BenchmarkNegativeLookup/compressible256/enabled=true/uniform/miss=50/GetMany64-4        	    6703	     86054 ns/op	     10240 filter-bytes	        64.00 keys/op	   19992 B/op	       4 allocs/op
BenchmarkNegativeLookup/compressible256/enabled=true/uniform/miss=50/GetManyView64-4    	     748	    782914 ns/op	     10240 filter-bytes	        64.00 keys/op	  124194 B/op	      98 allocs/op
BenchmarkNegativeLookup/compressible256/enabled=true/uniform/miss=50/OldSnapshot-4      	  394046	      1460 ns/op	     10240 filter-bytes	         1.000 keys/op	     158 B/op	       0 allocs/op
BenchmarkNegativeLookup/compressible256/enabled=true/uniform/miss=90/Get-4              	  697814	       813.2 ns/op	     10240 filter-bytes	         1.000 keys/op	      31 B/op	       0 allocs/op
BenchmarkNegativeLookup/compressible256/enabled=true/uniform/miss=90/GetAppend-4        	  704420	       795.9 ns/op	     10240 filter-bytes	         1.000 keys/op	       6 B/op	       0 allocs/op
BenchmarkNegativeLookup/compressible256/enabled=true/uniform/miss=90/GetMany64-4        	   26523	     22703 ns/op	     10240 filter-bytes	        64.00 keys/op	   10561 B/op	       3 allocs/op
BenchmarkNegativeLookup/compressible256/enabled=true/uniform/miss=90/GetManyView64-4    	    3745	    169329 ns/op	     10240 filter-bytes	        64.00 keys/op	   25490 B/op	      22 allocs/op
BenchmarkNegativeLookup/compressible256/enabled=true/uniform/miss=90/OldSnapshot-4      	 1786450	       334.0 ns/op	     10240 filter-bytes	         1.000 keys/op	      31 B/op	       0 allocs/op
BenchmarkNegativeLookup/compressible256/enabled=true/uniform/miss=99/Get-4              	  995166	       550.0 ns/op	     10240 filter-bytes	         1.000 keys/op	       3 B/op	       0 allocs/op
BenchmarkNegativeLookup/compressible256/enabled=true/uniform/miss=99/GetAppend-4        	 1000000	       553.6 ns/op	     10240 filter-bytes	         1.000 keys/op	       0 B/op	       0 allocs/op
BenchmarkNegativeLookup/compressible256/enabled=true/uniform/miss=99/GetMany64-4        	   73917	      7100 ns/op	     10240 filter-bytes	        64.00 keys/op	   10561 B/op	       3 allocs/op
BenchmarkNegativeLookup/compressible256/enabled=true/uniform/miss=99/GetManyView64-4    	   28122	     21708 ns/op	     10240 filter-bytes	        64.00 keys/op	    3214 B/op	       4 allocs/op
BenchmarkNegativeLookup/compressible256/enabled=true/uniform/miss=99/OldSnapshot-4      	 6910993	        86.30 ns/op	     10240 filter-bytes	         1.000 keys/op	       3 B/op	       0 allocs/op
BenchmarkNegativeLookup/compressible256/enabled=true/zipf/miss=0/Get-4                  	  213184	      2865 ns/op	     10240 filter-bytes	         1.000 keys/op	     307 B/op	       1 allocs/op
BenchmarkNegativeLookup/compressible256/enabled=true/zipf/miss=0/GetAppend-4            	  216224	      2685 ns/op	     10240 filter-bytes	         1.000 keys/op	      51 B/op	       0 allocs/op
BenchmarkNegativeLookup/compressible256/enabled=true/zipf/miss=0/GetMany64-4            	    4810	    123822 ns/op	     10240 filter-bytes	        64.00 keys/op	   54983 B/op	       9 allocs/op
BenchmarkNegativeLookup/compressible256/enabled=true/zipf/miss=0/GetManyView64-4        	    1116	    514812 ns/op	     10240 filter-bytes	        64.00 keys/op	  131793 B/op	     195 allocs/op
BenchmarkNegativeLookup/compressible256/enabled=true/zipf/miss=0/OldSnapshot-4          	  274720	      2117 ns/op	     10240 filter-bytes	         1.000 keys/op	     307 B/op	       1 allocs/op
BenchmarkNegativeLookup/compressible256/enabled=true/zipf/miss=50/Get-4                 	  344901	      1695 ns/op	     10240 filter-bytes	         1.000 keys/op	     153 B/op	       0 allocs/op
BenchmarkNegativeLookup/compressible256/enabled=true/zipf/miss=50/GetAppend-4           	  352144	      1630 ns/op	     10240 filter-bytes	         1.000 keys/op	      25 B/op	       0 allocs/op
BenchmarkNegativeLookup/compressible256/enabled=true/zipf/miss=50/GetMany64-4           	    9177	     66957 ns/op	     10240 filter-bytes	        64.00 keys/op	   19991 B/op	       4 allocs/op
BenchmarkNegativeLookup/compressible256/enabled=true/zipf/miss=50/GetManyView64-4       	    2386	    266298 ns/op	     10240 filter-bytes	        64.00 keys/op	   66164 B/op	      99 allocs/op
BenchmarkNegativeLookup/compressible256/enabled=true/zipf/miss=50/OldSnapshot-4         	  541896	      1081 ns/op	     10240 filter-bytes	         1.000 keys/op	     153 B/op	       0 allocs/op
BenchmarkNegativeLookup/compressible256/enabled=true/zipf/miss=90/Get-4                 	  732150	       744.6 ns/op	     10240 filter-bytes	         1.000 keys/op	      30 B/op	       0 allocs/op
BenchmarkNegativeLookup/compressible256/enabled=true/zipf/miss=90/GetAppend-4           	  760920	       730.0 ns/op	     10240 filter-bytes	         1.000 keys/op	       5 B/op	       0 allocs/op
BenchmarkNegativeLookup/compressible256/enabled=true/zipf/miss=90/GetMany64-4           	   34148	     16774 ns/op	     10240 filter-bytes	        64.00 keys/op	   10562 B/op	       3 allocs/op
BenchmarkNegativeLookup/compressible256/enabled=true/zipf/miss=90/GetManyView64-4       	   10000	     53690 ns/op	     10240 filter-bytes	        64.00 keys/op	   13484 B/op	      22 allocs/op
BenchmarkNegativeLookup/compressible256/enabled=true/zipf/miss=90/OldSnapshot-4         	 2400433	       248.3 ns/op	     10240 filter-bytes	         1.000 keys/op	      30 B/op	       0 allocs/op
BenchmarkNegativeLookup/compressible256/enabled=true/zipf/miss=99/Get-4                 	 1000000	       529.1 ns/op	     10240 filter-bytes	         1.000 keys/op	       3 B/op	       0 allocs/op
BenchmarkNegativeLookup/compressible256/enabled=true/zipf/miss=99/GetAppend-4           	 1000000	       557.6 ns/op	     10240 filter-bytes	         1.000 keys/op	       0 B/op	       0 allocs/op
BenchmarkNegativeLookup/compressible256/enabled=true/zipf/miss=99/GetMany64-4           	   86048	      6116 ns/op	     10240 filter-bytes	        64.00 keys/op	   10562 B/op	       3 allocs/op
BenchmarkNegativeLookup/compressible256/enabled=true/zipf/miss=99/GetManyView64-4       	   67653	      9070 ns/op	     10240 filter-bytes	        64.00 keys/op	    1954 B/op	       4 allocs/op
BenchmarkNegativeLookup/compressible256/enabled=true/zipf/miss=99/OldSnapshot-4         	 9255218	        63.78 ns/op	     10240 filter-bytes	         1.000 keys/op	       3 B/op	       0 allocs/op
BenchmarkNegativeLookup/random4096/enabled=true/uniform/miss=0/Get-4                    	   82628	      6672 ns/op	     10240 filter-bytes	         1.000 keys/op	    4155 B/op	       1 allocs/op
BenchmarkNegativeLookup/random4096/enabled=true/uniform/miss=0/GetAppend-4              	  101997	      6219 ns/op	     10240 filter-bytes	         1.000 keys/op	      59 B/op	       0 allocs/op
BenchmarkNegativeLookup/random4096/enabled=true/uniform/miss=0/GetMany64-4              	    1214	    455407 ns/op	     10240 filter-bytes	        64.00 keys/op	 1345150 B/op	      27 allocs/op
BenchmarkNegativeLookup/random4096/enabled=true/uniform/miss=0/GetManyView64-4          	    1080	    559235 ns/op	     10240 filter-bytes	        64.00 keys/op	 2961356 B/op	     131 allocs/op
BenchmarkNegativeLookup/random4096/enabled=true/uniform/miss=0/OldSnapshot-4            	   87349	      6346 ns/op	     10240 filter-bytes	         1.000 keys/op	    4160 B/op	       1 allocs/op
BenchmarkNegativeLookup/random4096/enabled=true/uniform/miss=50/Get-4                   	  146380	      3628 ns/op	     10240 filter-bytes	         1.000 keys/op	    2077 B/op	       0 allocs/op
BenchmarkNegativeLookup/random4096/enabled=true/uniform/miss=50/GetAppend-4             	  180302	      3267 ns/op	     10240 filter-bytes	         1.000 keys/op	      29 B/op	       0 allocs/op
BenchmarkNegativeLookup/random4096/enabled=true/uniform/miss=50/GetMany64-4             	    2630	    219469 ns/op	     10240 filter-bytes	        64.00 keys/op	  605411 B/op	      20 allocs/op
BenchmarkNegativeLookup/random4096/enabled=true/uniform/miss=50/GetManyView64-4         	    2068	    289580 ns/op	     10240 filter-bytes	        64.00 keys/op	 1518163 B/op	      67 allocs/op
BenchmarkNegativeLookup/random4096/enabled=true/uniform/miss=50/OldSnapshot-4           	  178939	      3379 ns/op	     10240 filter-bytes	         1.000 keys/op	    2077 B/op	       0 allocs/op
BenchmarkNegativeLookup/random4096/enabled=true/uniform/miss=90/Get-4                   	  479133	      1233 ns/op	     10240 filter-bytes	         1.000 keys/op	     415 B/op	       0 allocs/op
BenchmarkNegativeLookup/random4096/enabled=true/uniform/miss=90/GetAppend-4             	  502532	      1080 ns/op	     10240 filter-bytes	         1.000 keys/op	       6 B/op	       0 allocs/op
BenchmarkNegativeLookup/random4096/enabled=true/uniform/miss=90/GetMany64-4             	    9978	     54995 ns/op	     10240 filter-bytes	        64.00 keys/op	  108172 B/op	       9 allocs/op
BenchmarkNegativeLookup/random4096/enabled=true/uniform/miss=90/GetManyView64-4         	    9114	     64224 ns/op	     10240 filter-bytes	        64.00 keys/op	  312321 B/op	      15 allocs/op
BenchmarkNegativeLookup/random4096/enabled=true/uniform/miss=90/OldSnapshot-4           	  754068	       786.0 ns/op	     10240 filter-bytes	         1.000 keys/op	     415 B/op	       0 allocs/op
BenchmarkNegativeLookup/random4096/enabled=true/uniform/miss=99/Get-4                   	  947164	       590.1 ns/op	     10240 filter-bytes	         1.000 keys/op	      41 B/op	       0 allocs/op
BenchmarkNegativeLookup/random4096/enabled=true/uniform/miss=99/GetAppend-4             	  927410	       556.3 ns/op	     10240 filter-bytes	         1.000 keys/op	       0 B/op	       0 allocs/op
BenchmarkNegativeLookup/random4096/enabled=true/uniform/miss=99/GetMany64-4             	   68749	      7716 ns/op	     10240 filter-bytes	        64.00 keys/op	   10561 B/op	       3 allocs/op
BenchmarkNegativeLookup/random4096/enabled=true/uniform/miss=99/GetManyView64-4         	   62838	      8222 ns/op	     10240 filter-bytes	        64.00 keys/op	   17244 B/op	       4 allocs/op
BenchmarkNegativeLookup/random4096/enabled=true/uniform/miss=99/OldSnapshot-4           	 5475309	       102.6 ns/op	     10240 filter-bytes	         1.000 keys/op	      41 B/op	       0 allocs/op
BenchmarkNegativeLookup/random4096/enabled=true/zipf/miss=0/Get-4                       	   52483	     10666 ns/op	     10240 filter-bytes	         1.000 keys/op	    4148 B/op	       1 allocs/op
BenchmarkNegativeLookup/random4096/enabled=true/zipf/miss=0/GetAppend-4                 	   55818	      9840 ns/op	     10240 filter-bytes	         1.000 keys/op	      52 B/op	       0 allocs/op
BenchmarkNegativeLookup/random4096/enabled=true/zipf/miss=0/GetMany64-4                 	     865	    673404 ns/op	     10240 filter-bytes	        64.00 keys/op	 1345155 B/op	      27 allocs/op
BenchmarkNegativeLookup/random4096/enabled=true/zipf/miss=0/GetManyView64-4             	     490	   1143492 ns/op	     10240 filter-bytes	        64.00 keys/op	 7757272 B/op	     131 allocs/op
BenchmarkNegativeLookup/random4096/enabled=true/zipf/miss=0/OldSnapshot-4               	   19915	     30648 ns/op	     10240 filter-bytes	         1.000 keys/op	    4149 B/op	       1 allocs/op
BenchmarkNegativeLookup/random4096/enabled=true/zipf/miss=50/Get-4                      	  102404	      5778 ns/op	     10240 filter-bytes	         1.000 keys/op	    2074 B/op	       0 allocs/op
BenchmarkNegativeLookup/random4096/enabled=true/zipf/miss=50/GetAppend-4                	  114506	      5188 ns/op	     10240 filter-bytes	         1.000 keys/op	      26 B/op	       0 allocs/op
BenchmarkNegativeLookup/random4096/enabled=true/zipf/miss=50/GetMany64-4                	    1734	    362478 ns/op	     10240 filter-bytes	        64.00 keys/op	  605293 B/op	      20 allocs/op
BenchmarkNegativeLookup/random4096/enabled=true/zipf/miss=50/GetManyView64-4            	     879	    600766 ns/op	     10240 filter-bytes	        64.00 keys/op	 3910342 B/op	      67 allocs/op
BenchmarkNegativeLookup/random4096/enabled=true/zipf/miss=50/OldSnapshot-4              	   38662	     14314 ns/op	     10240 filter-bytes	         1.000 keys/op	    2072 B/op	       0 allocs/op
BenchmarkNegativeLookup/random4096/enabled=true/zipf/miss=90/Get-4                      	  374426	      1557 ns/op	     10240 filter-bytes	         1.000 keys/op	     414 B/op	       0 allocs/op
BenchmarkNegativeLookup/random4096/enabled=true/zipf/miss=90/GetAppend-4                	  341858	      1497 ns/op	     10240 filter-bytes	         1.000 keys/op	       5 B/op	       0 allocs/op
BenchmarkNegativeLookup/random4096/enabled=true/zipf/miss=90/GetMany64-4                	    7496	     75567 ns/op	     10240 filter-bytes	        64.00 keys/op	  108182 B/op	       9 allocs/op
BenchmarkNegativeLookup/random4096/enabled=true/zipf/miss=90/GetManyView64-4            	    4856	    120488 ns/op	     10240 filter-bytes	        64.00 keys/op	  791496 B/op	      15 allocs/op
BenchmarkNegativeLookup/random4096/enabled=true/zipf/miss=90/OldSnapshot-4              	  181899	      3062 ns/op	     10240 filter-bytes	         1.000 keys/op	     414 B/op	       0 allocs/op
BenchmarkNegativeLookup/random4096/enabled=true/zipf/miss=99/Get-4                      	  884949	       601.2 ns/op	     10240 filter-bytes	         1.000 keys/op	      41 B/op	       0 allocs/op
BenchmarkNegativeLookup/random4096/enabled=true/zipf/miss=99/GetAppend-4                	  886798	       600.8 ns/op	     10240 filter-bytes	         1.000 keys/op	       0 B/op	       0 allocs/op
BenchmarkNegativeLookup/random4096/enabled=true/zipf/miss=99/GetMany64-4                	   51558	     10173 ns/op	     10240 filter-bytes	        64.00 keys/op	   10561 B/op	       3 allocs/op
BenchmarkNegativeLookup/random4096/enabled=true/zipf/miss=99/GetManyView64-4            	   38276	     14384 ns/op	     10240 filter-bytes	        64.00 keys/op	   64526 B/op	       4 allocs/op
BenchmarkNegativeLookup/random4096/enabled=true/zipf/miss=99/OldSnapshot-4              	 1579942	       338.5 ns/op	     10240 filter-bytes	         1.000 keys/op	      41 B/op	       0 allocs/op
PASS
