goos: linux
goarch: amd64
pkg: github.com/snissn/gomap/TreeDB
cpu: 11th Gen Intel(R) Core(TM) i5-11400F @ 2.60GHz
BenchmarkNegativeLookup/compressible256/enabled=false/uniform/miss=0/Get-4     	  175549	      3412 ns/op	         1.000 keys/op	     315 B/op	       1 allocs/op
BenchmarkNegativeLookup/compressible256/enabled=false/uniform/miss=0/GetAppend-4         	  177997	      3296 ns/op	         1.000 keys/op	      59 B/op	       0 allocs/op
BenchmarkNegativeLookup/compressible256/enabled=false/uniform/miss=0/GetMany64-4         	    3536	    173218 ns/op	        64.00 keys/op	   54987 B/op	       9 allocs/op
BenchmarkNegativeLookup/compressible256/enabled=false/uniform/miss=0/GetManyView64-4     	     356	   1567586 ns/op	        64.00 keys/op	  264832 B/op	     195 allocs/op
BenchmarkNegativeLookup/compressible256/enabled=false/uniform/miss=0/OldSnapshot-4       	  212194	      2809 ns/op	         1.000 keys/op	     315 B/op	       1 allocs/op
BenchmarkNegativeLookup/compressible256/enabled=false/uniform/miss=50/Get-4              	  256378	      2427 ns/op	         1.000 keys/op	     157 B/op	       0 allocs/op
BenchmarkNegativeLookup/compressible256/enabled=false/uniform/miss=50/GetAppend-4        	  244640	      2180 ns/op	         1.000 keys/op	      29 B/op	       0 allocs/op
BenchmarkNegativeLookup/compressible256/enabled=false/uniform/miss=50/GetMany64-4        	    5841	    104336 ns/op	        64.00 keys/op	   19997 B/op	       4 allocs/op
BenchmarkNegativeLookup/compressible256/enabled=false/uniform/miss=50/GetManyView64-4    	     717	    807279 ns/op	        64.00 keys/op	  132259 B/op	      99 allocs/op
BenchmarkNegativeLookup/compressible256/enabled=false/uniform/miss=50/OldSnapshot-4      	  335320	      1698 ns/op	         1.000 keys/op	     157 B/op	       0 allocs/op
BenchmarkNegativeLookup/compressible256/enabled=false/uniform/miss=90/Get-4              	  437112	      1327 ns/op	         1.000 keys/op	      31 B/op	       0 allocs/op
BenchmarkNegativeLookup/compressible256/enabled=false/uniform/miss=90/GetAppend-4        	  438874	      1323 ns/op	         1.000 keys/op	       6 B/op	       0 allocs/op
BenchmarkNegativeLookup/compressible256/enabled=false/uniform/miss=90/GetMany64-4        	   10000	     50967 ns/op	        64.00 keys/op	   10562 B/op	       3 allocs/op
BenchmarkNegativeLookup/compressible256/enabled=false/uniform/miss=90/GetManyView64-4    	    3148	    189968 ns/op	        64.00 keys/op	   26993 B/op	      22 allocs/op
BenchmarkNegativeLookup/compressible256/enabled=false/uniform/miss=90/OldSnapshot-4      	  687579	       786.9 ns/op	         1.000 keys/op	      31 B/op	       0 allocs/op
BenchmarkNegativeLookup/compressible256/enabled=false/uniform/miss=99/Get-4              	  529101	      1116 ns/op	         1.000 keys/op	       3 B/op	       0 allocs/op
BenchmarkNegativeLookup/compressible256/enabled=false/uniform/miss=99/GetAppend-4        	  519103	      1131 ns/op	         1.000 keys/op	       0 B/op	       0 allocs/op
BenchmarkNegativeLookup/compressible256/enabled=false/uniform/miss=99/GetMany64-4        	   15403	     38794 ns/op	        64.00 keys/op	   10562 B/op	       3 allocs/op
BenchmarkNegativeLookup/compressible256/enabled=false/uniform/miss=99/GetManyView64-4    	   11036	     54072 ns/op	        64.00 keys/op	    3336 B/op	       4 allocs/op
BenchmarkNegativeLookup/compressible256/enabled=false/uniform/miss=99/OldSnapshot-4      	  983986	       580.9 ns/op	         1.000 keys/op	       3 B/op	       0 allocs/op
BenchmarkNegativeLookup/compressible256/enabled=false/zipf/miss=0/Get-4                  	  211356	      2850 ns/op	         1.000 keys/op	     307 B/op	       1 allocs/op
BenchmarkNegativeLookup/compressible256/enabled=false/zipf/miss=0/GetAppend-4            	  216968	      2673 ns/op	         1.000 keys/op	      51 B/op	       0 allocs/op
BenchmarkNegativeLookup/compressible256/enabled=false/zipf/miss=0/GetMany64-4            	    4924	    126295 ns/op	        64.00 keys/op	   54985 B/op	       9 allocs/op
BenchmarkNegativeLookup/compressible256/enabled=false/zipf/miss=0/GetManyView64-4        	    1185	    518527 ns/op	        64.00 keys/op	  132567 B/op	     195 allocs/op
BenchmarkNegativeLookup/compressible256/enabled=false/zipf/miss=0/OldSnapshot-4          	  287716	      2124 ns/op	         1.000 keys/op	     307 B/op	       1 allocs/op
BenchmarkNegativeLookup/compressible256/enabled=false/zipf/miss=50/Get-4                 	  273799	      1994 ns/op	         1.000 keys/op	     153 B/op	       0 allocs/op
BenchmarkNegativeLookup/compressible256/enabled=false/zipf/miss=50/GetAppend-4           	  317652	      1886 ns/op	         1.000 keys/op	      26 B/op	       0 allocs/op
BenchmarkNegativeLookup/compressible256/enabled=false/zipf/miss=50/GetMany64-4           	    8137	     76723 ns/op	        64.00 keys/op	   19994 B/op	       4 allocs/op
BenchmarkNegativeLookup/compressible256/enabled=false/zipf/miss=50/GetManyView64-4       	    2199	    276974 ns/op	        64.00 keys/op	   66491 B/op	      98 allocs/op
BenchmarkNegativeLookup/compressible256/enabled=false/zipf/miss=50/OldSnapshot-4         	  446050	      1376 ns/op	         1.000 keys/op	     154 B/op	       0 allocs/op
BenchmarkNegativeLookup/compressible256/enabled=false/zipf/miss=90/Get-4                 	  453781	      1263 ns/op	         1.000 keys/op	      30 B/op	       0 allocs/op
BenchmarkNegativeLookup/compressible256/enabled=false/zipf/miss=90/GetAppend-4           	  474301	      1261 ns/op	         1.000 keys/op	       5 B/op	       0 allocs/op
BenchmarkNegativeLookup/compressible256/enabled=false/zipf/miss=90/GetMany64-4           	   16202	     39817 ns/op	        64.00 keys/op	   10561 B/op	       3 allocs/op
BenchmarkNegativeLookup/compressible256/enabled=false/zipf/miss=90/GetManyView64-4       	    7982	     72100 ns/op	        64.00 keys/op	   13571 B/op	      22 allocs/op
BenchmarkNegativeLookup/compressible256/enabled=false/zipf/miss=90/OldSnapshot-4         	  845770	       675.6 ns/op	         1.000 keys/op	      30 B/op	       0 allocs/op
BenchmarkNegativeLookup/compressible256/enabled=false/zipf/miss=99/Get-4                 	  547936	      1075 ns/op	         1.000 keys/op	       3 B/op	       0 allocs/op
BenchmarkNegativeLookup/compressible256/enabled=false/zipf/miss=99/GetAppend-4           	  552919	      1099 ns/op	         1.000 keys/op	       0 B/op	       0 allocs/op
BenchmarkNegativeLookup/compressible256/enabled=false/zipf/miss=99/GetMany64-4           	   21596	     27133 ns/op	        64.00 keys/op	   10561 B/op	       3 allocs/op
BenchmarkNegativeLookup/compressible256/enabled=false/zipf/miss=99/GetManyView64-4       	   20090	     30134 ns/op	        64.00 keys/op	    1955 B/op	       4 allocs/op
BenchmarkNegativeLookup/compressible256/enabled=false/zipf/miss=99/OldSnapshot-4         	 1000000	       524.9 ns/op	         1.000 keys/op	       3 B/op	       0 allocs/op
BenchmarkNegativeLookup/random4096/enabled=false/uniform/miss=0/Get-4                    	   71058	      7619 ns/op	         1.000 keys/op	    4155 B/op	       1 allocs/op
BenchmarkNegativeLookup/random4096/enabled=false/uniform/miss=0/GetAppend-4              	   90162	      6641 ns/op	         1.000 keys/op	      59 B/op	       0 allocs/op
BenchmarkNegativeLookup/random4096/enabled=false/uniform/miss=0/GetMany64-4              	    1195	    510507 ns/op	        64.00 keys/op	 1345151 B/op	      27 allocs/op
BenchmarkNegativeLookup/random4096/enabled=false/uniform/miss=0/GetManyView64-4          	     811	    618493 ns/op	        64.00 keys/op	 2963350 B/op	     131 allocs/op
BenchmarkNegativeLookup/random4096/enabled=false/uniform/miss=0/OldSnapshot-4            	   74944	      6932 ns/op	         1.000 keys/op	    4161 B/op	       1 allocs/op
BenchmarkNegativeLookup/random4096/enabled=false/uniform/miss=50/Get-4                   	  126182	      4767 ns/op	         1.000 keys/op	    2077 B/op	       0 allocs/op
BenchmarkNegativeLookup/random4096/enabled=false/uniform/miss=50/GetAppend-4             	  120720	      4222 ns/op	         1.000 keys/op	      29 B/op	       0 allocs/op
BenchmarkNegativeLookup/random4096/enabled=false/uniform/miss=50/GetMany64-4             	    2035	    269366 ns/op	        64.00 keys/op	  605244 B/op	      20 allocs/op
BenchmarkNegativeLookup/random4096/enabled=false/uniform/miss=50/GetManyView64-4         	    1753	    333760 ns/op	        64.00 keys/op	 1517483 B/op	      67 allocs/op
BenchmarkNegativeLookup/random4096/enabled=false/uniform/miss=50/OldSnapshot-4           	  158162	      3611 ns/op	         1.000 keys/op	    2077 B/op	       0 allocs/op
BenchmarkNegativeLookup/random4096/enabled=false/uniform/miss=90/Get-4                   	  326774	      1776 ns/op	         1.000 keys/op	     415 B/op	       0 allocs/op
BenchmarkNegativeLookup/random4096/enabled=false/uniform/miss=90/GetAppend-4             	  338469	      1681 ns/op	         1.000 keys/op	       6 B/op	       0 allocs/op
BenchmarkNegativeLookup/random4096/enabled=false/uniform/miss=90/GetMany64-4             	    6674	     82359 ns/op	        64.00 keys/op	  108181 B/op	       9 allocs/op
BenchmarkNegativeLookup/random4096/enabled=false/uniform/miss=90/GetManyView64-4         	    6298	     95441 ns/op	        64.00 keys/op	  312295 B/op	      15 allocs/op
BenchmarkNegativeLookup/random4096/enabled=false/uniform/miss=90/OldSnapshot-4           	  477217	      1207 ns/op	         1.000 keys/op	     415 B/op	       0 allocs/op
BenchmarkNegativeLookup/random4096/enabled=false/uniform/miss=99/Get-4                   	  489568	      1151 ns/op	         1.000 keys/op	      41 B/op	       0 allocs/op
BenchmarkNegativeLookup/random4096/enabled=false/uniform/miss=99/GetAppend-4             	  497437	      1157 ns/op	         1.000 keys/op	       0 B/op	       0 allocs/op
BenchmarkNegativeLookup/random4096/enabled=false/uniform/miss=99/GetMany64-4             	   15105	     41434 ns/op	        64.00 keys/op	   10562 B/op	       3 allocs/op
BenchmarkNegativeLookup/random4096/enabled=false/uniform/miss=99/GetManyView64-4         	   14905	     40227 ns/op	        64.00 keys/op	   17291 B/op	       4 allocs/op
BenchmarkNegativeLookup/random4096/enabled=false/uniform/miss=99/OldSnapshot-4           	  893874	       648.2 ns/op	         1.000 keys/op	      41 B/op	       0 allocs/op
BenchmarkNegativeLookup/random4096/enabled=false/zipf/miss=0/Get-4                       	   51279	     10898 ns/op	         1.000 keys/op	    4148 B/op	       1 allocs/op
BenchmarkNegativeLookup/random4096/enabled=false/zipf/miss=0/GetAppend-4                 	   57704	     10313 ns/op	         1.000 keys/op	      52 B/op	       0 allocs/op
BenchmarkNegativeLookup/random4096/enabled=false/zipf/miss=0/GetMany64-4                 	     859	    688159 ns/op	        64.00 keys/op	 1345158 B/op	      27 allocs/op
BenchmarkNegativeLookup/random4096/enabled=false/zipf/miss=0/GetManyView64-4             	     489	   1175397 ns/op	        64.00 keys/op	 7758536 B/op	     131 allocs/op
BenchmarkNegativeLookup/random4096/enabled=false/zipf/miss=0/OldSnapshot-4               	   18538	     29241 ns/op	         1.000 keys/op	    4148 B/op	       1 allocs/op
BenchmarkNegativeLookup/random4096/enabled=false/zipf/miss=50/Get-4                      	   90240	      5933 ns/op	         1.000 keys/op	    2073 B/op	       0 allocs/op
BenchmarkNegativeLookup/random4096/enabled=false/zipf/miss=50/GetAppend-4                	  105180	      5559 ns/op	         1.000 keys/op	      26 B/op	       0 allocs/op
BenchmarkNegativeLookup/random4096/enabled=false/zipf/miss=50/GetMany64-4                	    1623	    361244 ns/op	        64.00 keys/op	  605378 B/op	      20 allocs/op
BenchmarkNegativeLookup/random4096/enabled=false/zipf/miss=50/GetManyView64-4            	     873	    603964 ns/op	        64.00 keys/op	 3918020 B/op	      67 allocs/op
BenchmarkNegativeLookup/random4096/enabled=false/zipf/miss=50/OldSnapshot-4              	   37083	     15595 ns/op	         1.000 keys/op	    2073 B/op	       0 allocs/op
BenchmarkNegativeLookup/random4096/enabled=false/zipf/miss=90/Get-4                      	  286888	      2103 ns/op	         1.000 keys/op	     414 B/op	       0 allocs/op
BenchmarkNegativeLookup/random4096/enabled=false/zipf/miss=90/GetAppend-4                	  283208	      2074 ns/op	         1.000 keys/op	       5 B/op	       0 allocs/op
BenchmarkNegativeLookup/random4096/enabled=false/zipf/miss=90/GetMany64-4                	    5744	    102072 ns/op	        64.00 keys/op	  108177 B/op	       9 allocs/op
BenchmarkNegativeLookup/random4096/enabled=false/zipf/miss=90/GetManyView64-4            	    4281	    141619 ns/op	        64.00 keys/op	  791577 B/op	      15 allocs/op
BenchmarkNegativeLookup/random4096/enabled=false/zipf/miss=90/OldSnapshot-4              	  177001	      3491 ns/op	         1.000 keys/op	     414 B/op	       0 allocs/op
BenchmarkNegativeLookup/random4096/enabled=false/zipf/miss=99/Get-4                      	  504684	      1111 ns/op	         1.000 keys/op	      41 B/op	       0 allocs/op
BenchmarkNegativeLookup/random4096/enabled=false/zipf/miss=99/GetAppend-4                	  504507	      1134 ns/op	         1.000 keys/op	       0 B/op	       0 allocs/op
BenchmarkNegativeLookup/random4096/enabled=false/zipf/miss=99/GetMany64-4                	   19392	     31187 ns/op	        64.00 keys/op	   10562 B/op	       3 allocs/op
BenchmarkNegativeLookup/random4096/enabled=false/zipf/miss=99/GetManyView64-4            	   16887	     34217 ns/op	        64.00 keys/op	   64570 B/op	       4 allocs/op
BenchmarkNegativeLookup/random4096/enabled=false/zipf/miss=99/OldSnapshot-4              	  707844	       783.6 ns/op	         1.000 keys/op	      41 B/op	       0 allocs/op
PASS
