goos: linux
goarch: amd64
pkg: github.com/snissn/gomap/TreeDB
cpu: 11th Gen Intel(R) Core(TM) i5-11400F @ 2.60GHz
BenchmarkNegativeLookup/compressible256/enabled=false/uniform/miss=0/Get-4     	  166724	      3441 ns/op	         1.000 keys/op	     315 B/op	       1 allocs/op
BenchmarkNegativeLookup/compressible256/enabled=false/uniform/miss=0/GetAppend-4         	  180133	      3278 ns/op	         1.000 keys/op	      59 B/op	       0 allocs/op
BenchmarkNegativeLookup/compressible256/enabled=false/uniform/miss=0/GetMany64-4         	    3492	    169555 ns/op	        64.00 keys/op	   54987 B/op	       9 allocs/op
BenchmarkNegativeLookup/compressible256/enabled=false/uniform/miss=0/GetManyView64-4     	     378	   1565340 ns/op	        64.00 keys/op	  264758 B/op	     195 allocs/op
BenchmarkNegativeLookup/compressible256/enabled=false/uniform/miss=0/OldSnapshot-4       	  208870	      2812 ns/op	         1.000 keys/op	     315 B/op	       1 allocs/op
BenchmarkNegativeLookup/compressible256/enabled=false/uniform/miss=50/Get-4              	  248618	      2274 ns/op	         1.000 keys/op	     157 B/op	       0 allocs/op
BenchmarkNegativeLookup/compressible256/enabled=false/uniform/miss=50/GetAppend-4        	  245132	      2373 ns/op	         1.000 keys/op	      29 B/op	       0 allocs/op
BenchmarkNegativeLookup/compressible256/enabled=false/uniform/miss=50/GetMany64-4        	    5863	    105465 ns/op	        64.00 keys/op	   19991 B/op	       4 allocs/op
BenchmarkNegativeLookup/compressible256/enabled=false/uniform/miss=50/GetManyView64-4    	     711	    807083 ns/op	        64.00 keys/op	  132268 B/op	      99 allocs/op
BenchmarkNegativeLookup/compressible256/enabled=false/uniform/miss=50/OldSnapshot-4      	  346068	      1692 ns/op	         1.000 keys/op	     158 B/op	       0 allocs/op
BenchmarkNegativeLookup/compressible256/enabled=false/uniform/miss=90/Get-4              	  422342	      1326 ns/op	         1.000 keys/op	      31 B/op	       0 allocs/op
BenchmarkNegativeLookup/compressible256/enabled=false/uniform/miss=90/GetAppend-4        	  444862	      1321 ns/op	         1.000 keys/op	       6 B/op	       0 allocs/op
BenchmarkNegativeLookup/compressible256/enabled=false/uniform/miss=90/GetMany64-4        	   10000	     50434 ns/op	        64.00 keys/op	   10563 B/op	       3 allocs/op
BenchmarkNegativeLookup/compressible256/enabled=false/uniform/miss=90/GetManyView64-4    	    3078	    189903 ns/op	        64.00 keys/op	   26990 B/op	      22 allocs/op
BenchmarkNegativeLookup/compressible256/enabled=false/uniform/miss=90/OldSnapshot-4      	  707517	       787.1 ns/op	         1.000 keys/op	      31 B/op	       0 allocs/op
BenchmarkNegativeLookup/compressible256/enabled=false/uniform/miss=99/Get-4              	  525822	      1116 ns/op	         1.000 keys/op	       3 B/op	       0 allocs/op
BenchmarkNegativeLookup/compressible256/enabled=false/uniform/miss=99/GetAppend-4        	  524690	      1124 ns/op	         1.000 keys/op	       0 B/op	       0 allocs/op
BenchmarkNegativeLookup/compressible256/enabled=false/uniform/miss=99/GetMany64-4        	   15393	     38457 ns/op	        64.00 keys/op	   10561 B/op	       3 allocs/op
BenchmarkNegativeLookup/compressible256/enabled=false/uniform/miss=99/GetManyView64-4    	   10000	     52040 ns/op	        64.00 keys/op	    3335 B/op	       4 allocs/op
BenchmarkNegativeLookup/compressible256/enabled=false/uniform/miss=99/OldSnapshot-4      	  991077	       588.5 ns/op	         1.000 keys/op	       3 B/op	       0 allocs/op
BenchmarkNegativeLookup/compressible256/enabled=false/zipf/miss=0/Get-4                  	  214347	      2832 ns/op	         1.000 keys/op	     307 B/op	       1 allocs/op
BenchmarkNegativeLookup/compressible256/enabled=false/zipf/miss=0/GetAppend-4            	  208029	      2776 ns/op	         1.000 keys/op	      51 B/op	       0 allocs/op
BenchmarkNegativeLookup/compressible256/enabled=false/zipf/miss=0/GetMany64-4            	    4586	    126640 ns/op	        64.00 keys/op	   54982 B/op	       9 allocs/op
BenchmarkNegativeLookup/compressible256/enabled=false/zipf/miss=0/GetManyView64-4        	    1155	    520283 ns/op	        64.00 keys/op	  132517 B/op	     195 allocs/op
BenchmarkNegativeLookup/compressible256/enabled=false/zipf/miss=0/OldSnapshot-4          	  273680	      2059 ns/op	         1.000 keys/op	     307 B/op	       1 allocs/op
BenchmarkNegativeLookup/compressible256/enabled=false/zipf/miss=50/Get-4                 	  305304	      1922 ns/op	         1.000 keys/op	     153 B/op	       0 allocs/op
BenchmarkNegativeLookup/compressible256/enabled=false/zipf/miss=50/GetAppend-4           	  310098	      1841 ns/op	         1.000 keys/op	      25 B/op	       0 allocs/op
BenchmarkNegativeLookup/compressible256/enabled=false/zipf/miss=50/GetMany64-4           	    8089	     73473 ns/op	        64.00 keys/op	   19995 B/op	       4 allocs/op
BenchmarkNegativeLookup/compressible256/enabled=false/zipf/miss=50/GetManyView64-4       	    2226	    269482 ns/op	        64.00 keys/op	   66512 B/op	      98 allocs/op
BenchmarkNegativeLookup/compressible256/enabled=false/zipf/miss=50/OldSnapshot-4         	  432960	      1293 ns/op	         1.000 keys/op	     153 B/op	       0 allocs/op
BenchmarkNegativeLookup/compressible256/enabled=false/zipf/miss=90/Get-4                 	  465870	      1184 ns/op	         1.000 keys/op	      30 B/op	       0 allocs/op
BenchmarkNegativeLookup/compressible256/enabled=false/zipf/miss=90/GetAppend-4           	  488940	      1193 ns/op	         1.000 keys/op	       5 B/op	       0 allocs/op
BenchmarkNegativeLookup/compressible256/enabled=false/zipf/miss=90/GetMany64-4           	   17097	     34725 ns/op	        64.00 keys/op	   10562 B/op	       3 allocs/op
BenchmarkNegativeLookup/compressible256/enabled=false/zipf/miss=90/GetManyView64-4       	    8277	     70164 ns/op	        64.00 keys/op	   13569 B/op	      22 allocs/op
BenchmarkNegativeLookup/compressible256/enabled=false/zipf/miss=90/OldSnapshot-4         	  868854	       641.6 ns/op	         1.000 keys/op	      30 B/op	       0 allocs/op
BenchmarkNegativeLookup/compressible256/enabled=false/zipf/miss=99/Get-4                 	  569030	      1025 ns/op	         1.000 keys/op	       3 B/op	       0 allocs/op
BenchmarkNegativeLookup/compressible256/enabled=false/zipf/miss=99/GetAppend-4           	  554416	      1061 ns/op	         1.000 keys/op	       0 B/op	       0 allocs/op
BenchmarkNegativeLookup/compressible256/enabled=false/zipf/miss=99/GetMany64-4           	   22851	     27522 ns/op	        64.00 keys/op	   10562 B/op	       3 allocs/op
BenchmarkNegativeLookup/compressible256/enabled=false/zipf/miss=99/GetManyView64-4       	   20984	     28408 ns/op	        64.00 keys/op	    1955 B/op	       4 allocs/op
BenchmarkNegativeLookup/compressible256/enabled=false/zipf/miss=99/OldSnapshot-4         	 1206184	       497.4 ns/op	         1.000 keys/op	       3 B/op	       0 allocs/op
BenchmarkNegativeLookup/random4096/enabled=false/uniform/miss=0/Get-4                    	   80542	      6612 ns/op	         1.000 keys/op	    4155 B/op	       1 allocs/op
BenchmarkNegativeLookup/random4096/enabled=false/uniform/miss=0/GetAppend-4              	  100582	      6092 ns/op	         1.000 keys/op	      59 B/op	       0 allocs/op
BenchmarkNegativeLookup/random4096/enabled=false/uniform/miss=0/GetMany64-4              	    1299	    453485 ns/op	        64.00 keys/op	 1345137 B/op	      27 allocs/op
BenchmarkNegativeLookup/random4096/enabled=false/uniform/miss=0/GetManyView64-4          	     879	    578474 ns/op	        64.00 keys/op	 2963605 B/op	     131 allocs/op
BenchmarkNegativeLookup/random4096/enabled=false/uniform/miss=0/OldSnapshot-4            	   86379	      6344 ns/op	         1.000 keys/op	    4160 B/op	       1 allocs/op
BenchmarkNegativeLookup/random4096/enabled=false/uniform/miss=50/Get-4                   	  137661	      3990 ns/op	         1.000 keys/op	    2077 B/op	       0 allocs/op
BenchmarkNegativeLookup/random4096/enabled=false/uniform/miss=50/GetAppend-4             	  158548	      3650 ns/op	         1.000 keys/op	      29 B/op	       0 allocs/op
BenchmarkNegativeLookup/random4096/enabled=false/uniform/miss=50/GetMany64-4             	    2485	    240526 ns/op	        64.00 keys/op	  605294 B/op	      20 allocs/op
BenchmarkNegativeLookup/random4096/enabled=false/uniform/miss=50/GetManyView64-4         	    1939	    325722 ns/op	        64.00 keys/op	 1515954 B/op	      67 allocs/op
BenchmarkNegativeLookup/random4096/enabled=false/uniform/miss=50/OldSnapshot-4           	  168780	      3490 ns/op	         1.000 keys/op	    2077 B/op	       0 allocs/op
BenchmarkNegativeLookup/random4096/enabled=false/uniform/miss=90/Get-4                   	  326882	      1752 ns/op	         1.000 keys/op	     415 B/op	       0 allocs/op
BenchmarkNegativeLookup/random4096/enabled=false/uniform/miss=90/GetAppend-4             	  339396	      1639 ns/op	         1.000 keys/op	       6 B/op	       0 allocs/op
BenchmarkNegativeLookup/random4096/enabled=false/uniform/miss=90/GetMany64-4             	    6426	     81785 ns/op	        64.00 keys/op	  108170 B/op	       9 allocs/op
BenchmarkNegativeLookup/random4096/enabled=false/uniform/miss=90/GetManyView64-4         	    6428	     92357 ns/op	        64.00 keys/op	  312285 B/op	      15 allocs/op
BenchmarkNegativeLookup/random4096/enabled=false/uniform/miss=90/OldSnapshot-4           	  475597	      1250 ns/op	         1.000 keys/op	     415 B/op	       0 allocs/op
BenchmarkNegativeLookup/random4096/enabled=false/uniform/miss=99/Get-4                   	  429784	      1193 ns/op	         1.000 keys/op	      41 B/op	       0 allocs/op
BenchmarkNegativeLookup/random4096/enabled=false/uniform/miss=99/GetAppend-4             	  495656	      1155 ns/op	         1.000 keys/op	       0 B/op	       0 allocs/op
BenchmarkNegativeLookup/random4096/enabled=false/uniform/miss=99/GetMany64-4             	   15163	     39488 ns/op	        64.00 keys/op	   10562 B/op	       3 allocs/op
BenchmarkNegativeLookup/random4096/enabled=false/uniform/miss=99/GetManyView64-4         	   15020	     39236 ns/op	        64.00 keys/op	   17259 B/op	       4 allocs/op
BenchmarkNegativeLookup/random4096/enabled=false/uniform/miss=99/OldSnapshot-4           	  926031	       614.6 ns/op	         1.000 keys/op	      41 B/op	       0 allocs/op
BenchmarkNegativeLookup/random4096/enabled=false/zipf/miss=0/Get-4                       	   50446	     10789 ns/op	         1.000 keys/op	    4148 B/op	       1 allocs/op
BenchmarkNegativeLookup/random4096/enabled=false/zipf/miss=0/GetAppend-4                 	   60067	     10248 ns/op	         1.000 keys/op	      52 B/op	       0 allocs/op
BenchmarkNegativeLookup/random4096/enabled=false/zipf/miss=0/GetMany64-4                 	     807	    702733 ns/op	        64.00 keys/op	 1345172 B/op	      27 allocs/op
BenchmarkNegativeLookup/random4096/enabled=false/zipf/miss=0/GetManyView64-4             	     480	   1164249 ns/op	        64.00 keys/op	 7765023 B/op	     131 allocs/op
BenchmarkNegativeLookup/random4096/enabled=false/zipf/miss=0/OldSnapshot-4               	   18609	     30311 ns/op	         1.000 keys/op	    4149 B/op	       1 allocs/op
BenchmarkNegativeLookup/random4096/enabled=false/zipf/miss=50/Get-4                      	   98763	      6146 ns/op	         1.000 keys/op	    2073 B/op	       0 allocs/op
BenchmarkNegativeLookup/random4096/enabled=false/zipf/miss=50/GetAppend-4                	   99186	      5741 ns/op	         1.000 keys/op	      26 B/op	       0 allocs/op
BenchmarkNegativeLookup/random4096/enabled=false/zipf/miss=50/GetMany64-4                	    1671	    359375 ns/op	        64.00 keys/op	  605286 B/op	      20 allocs/op
BenchmarkNegativeLookup/random4096/enabled=false/zipf/miss=50/GetManyView64-4            	     886	    619934 ns/op	        64.00 keys/op	 3919472 B/op	      67 allocs/op
BenchmarkNegativeLookup/random4096/enabled=false/zipf/miss=50/OldSnapshot-4              	   35202	     15522 ns/op	         1.000 keys/op	    2074 B/op	       0 allocs/op
BenchmarkNegativeLookup/random4096/enabled=false/zipf/miss=90/Get-4                      	  287914	      2071 ns/op	         1.000 keys/op	     414 B/op	       0 allocs/op
BenchmarkNegativeLookup/random4096/enabled=false/zipf/miss=90/GetAppend-4                	  294754	      1988 ns/op	         1.000 keys/op	       5 B/op	       0 allocs/op
BenchmarkNegativeLookup/random4096/enabled=false/zipf/miss=90/GetMany64-4                	    5907	     94493 ns/op	        64.00 keys/op	  108171 B/op	       9 allocs/op
BenchmarkNegativeLookup/random4096/enabled=false/zipf/miss=90/GetManyView64-4            	    4184	    141538 ns/op	        64.00 keys/op	  790906 B/op	      15 allocs/op
BenchmarkNegativeLookup/random4096/enabled=false/zipf/miss=90/OldSnapshot-4              	  175158	      3477 ns/op	         1.000 keys/op	     414 B/op	       0 allocs/op
BenchmarkNegativeLookup/random4096/enabled=false/zipf/miss=99/Get-4                      	  484234	      1099 ns/op	         1.000 keys/op	      41 B/op	       0 allocs/op
BenchmarkNegativeLookup/random4096/enabled=false/zipf/miss=99/GetAppend-4                	  506511	      1115 ns/op	         1.000 keys/op	       0 B/op	       0 allocs/op
BenchmarkNegativeLookup/random4096/enabled=false/zipf/miss=99/GetMany64-4                	   19538	     29822 ns/op	        64.00 keys/op	   10562 B/op	       3 allocs/op
BenchmarkNegativeLookup/random4096/enabled=false/zipf/miss=99/GetManyView64-4            	   16993	     33819 ns/op	        64.00 keys/op	   64593 B/op	       4 allocs/op
BenchmarkNegativeLookup/random4096/enabled=false/zipf/miss=99/OldSnapshot-4              	  723170	       798.7 ns/op	         1.000 keys/op	      41 B/op	       0 allocs/op
PASS
