goos: linux
goarch: amd64
pkg: github.com/snissn/gomap/TreeDB/mvcc
cpu: 11th Gen Intel(R) Core(TM) i5-11400F @ 2.60GHz
BenchmarkCOWIntegratedPublicMVCC/no_wal_fast/btree/point-12         	     256	      4525 ns/op	         0 enqueued_records/op	  19180512 heap_end_B	         1.000 output/op	      1373 p50_ns	      5392 p95_ns	     28071 p99_ns	     28819 process_alloc_B/op	         0 rotated_shards/op	         0 snapshot_rotations/op	   25311 B/op	       9 allocs/op
BenchmarkCOWIntegratedPublicMVCC/no_wal_fast/btree/point-12         	     256	      1867 ns/op	         0 enqueued_records/op	  20531520 heap_end_B	         1.000 output/op	      1217 p50_ns	      3741 p95_ns	      7067 p99_ns	     28763 process_alloc_B/op	         0 rotated_shards/op	         0 snapshot_rotations/op	   25263 B/op	       9 allocs/op
BenchmarkCOWIntegratedPublicMVCC/no_wal_fast/btree/point-12         	     256	      1686 ns/op	         0 enqueued_records/op	  20551240 heap_end_B	         1.000 output/op	      1200 p50_ns	      3638 p95_ns	      6729 p99_ns	     28763 process_alloc_B/op	         0 rotated_shards/op	         0 snapshot_rotations/op	   25262 B/op	       9 allocs/op
BenchmarkCOWIntegratedPublicMVCC/no_wal_fast/btree/point-12         	     256	      1597 ns/op	         0 enqueued_records/op	  20578120 heap_end_B	         1.000 output/op	      1205 p50_ns	      2157 p95_ns	      6659 p99_ns	     28790 process_alloc_B/op	         0 rotated_shards/op	         0 snapshot_rotations/op	   25289 B/op	       9 allocs/op
BenchmarkCOWIntegratedPublicMVCC/no_wal_fast/btree/point-12         	     256	      1677 ns/op	         0 enqueued_records/op	  20575696 heap_end_B	         1.000 output/op	      1291 p50_ns	      2282 p95_ns	      6485 p99_ns	     28790 process_alloc_B/op	         0 rotated_shards/op	         0 snapshot_rotations/op	   25289 B/op	       9 allocs/op
BenchmarkCOWIntegratedPublicMVCC/no_wal_fast/btree/point-12         	     256	      1629 ns/op	         0 enqueued_records/op	  20589856 heap_end_B	         1.000 output/op	      1167 p50_ns	      3424 p95_ns	      6449 p99_ns	     28792 process_alloc_B/op	         0 rotated_shards/op	         0 snapshot_rotations/op	   25289 B/op	       9 allocs/op
BenchmarkCOWIntegratedPublicMVCC/no_wal_fast/btree/point-12         	     256	      1625 ns/op	         0 enqueued_records/op	  20591336 heap_end_B	         1.000 output/op	      1184 p50_ns	      2691 p95_ns	      6813 p99_ns	     28763 process_alloc_B/op	         0 rotated_shards/op	         0 snapshot_rotations/op	   25262 B/op	       9 allocs/op
BenchmarkCOWIntegratedPublicMVCC/no_wal_fast/btree/point-12         	     256	      1606 ns/op	         0 enqueued_records/op	  20606512 heap_end_B	         1.000 output/op	      1190 p50_ns	      2311 p95_ns	      6702 p99_ns	     28790 process_alloc_B/op	         0 rotated_shards/op	         0 snapshot_rotations/op	   25289 B/op	       9 allocs/op
BenchmarkCOWIntegratedPublicMVCC/no_wal_fast/btree/point-12         	     256	      1520 ns/op	         0 enqueued_records/op	  20608800 heap_end_B	         1.000 output/op	      1153 p50_ns	      2242 p95_ns	      6613 p99_ns	     28790 process_alloc_B/op	         0 rotated_shards/op	         0 snapshot_rotations/op	   25289 B/op	       9 allocs/op
BenchmarkCOWIntegratedPublicMVCC/no_wal_fast/btree/point-12         	     256	      2420 ns/op	         0 enqueued_records/op	  20610040 heap_end_B	         1.000 output/op	      1198 p50_ns	      2184 p95_ns	      6741 p99_ns	     28790 process_alloc_B/op	         0 rotated_shards/op	         0 snapshot_rotations/op	   25289 B/op	       9 allocs/op
BenchmarkCOWIntegratedPublicMVCC/no_wal_fast/btree/point-12         	     256	      1705 ns/op	         0 enqueued_records/op	  20606816 heap_end_B	         1.000 output/op	      1204 p50_ns	      3540 p95_ns	      6602 p99_ns	     28763 process_alloc_B/op	         0 rotated_shards/op	         0 snapshot_rotations/op	   25262 B/op	       9 allocs/op
BenchmarkCOWIntegratedPublicMVCC/no_wal_fast/btree/point-12         	     256	      1663 ns/op	         0 enqueued_records/op	  20623464 heap_end_B	         1.000 output/op	      1188 p50_ns	      2548 p95_ns	      6843 p99_ns	     28790 process_alloc_B/op	         0 rotated_shards/op	         0 snapshot_rotations/op	   25289 B/op	       9 allocs/op
BenchmarkCOWIntegratedPublicMVCC/no_wal_fast/btree/point-12         	     256	      1639 ns/op	         0 enqueued_records/op	  20633840 heap_end_B	         1.000 output/op	      1240 p50_ns	      2285 p95_ns	      6622 p99_ns	     28790 process_alloc_B/op	         0 rotated_shards/op	         0 snapshot_rotations/op	   25289 B/op	       9 allocs/op
BenchmarkCOWIntegratedPublicMVCC/no_wal_fast/btree/point-12         	     256	      1592 ns/op	         0 enqueued_records/op	  20626264 heap_end_B	         1.000 output/op	      1213 p50_ns	      2509 p95_ns	      5547 p99_ns	     28790 process_alloc_B/op	         0 rotated_shards/op	         0 snapshot_rotations/op	   25289 B/op	       9 allocs/op
BenchmarkCOWIntegratedPublicMVCC/no_wal_fast/btree/point-12         	     256	      1736 ns/op	         0 enqueued_records/op	  20640976 heap_end_B	         1.000 output/op	      1265 p50_ns	      3554 p95_ns	      6549 p99_ns	     28790 process_alloc_B/op	         0 rotated_shards/op	         0 snapshot_rotations/op	   25289 B/op	       9 allocs/op
BenchmarkCOWIntegratedPublicMVCC/no_wal_fast/btree/point-12         	     256	      1690 ns/op	         0 enqueued_records/op	  20640640 heap_end_B	         1.000 output/op	      1248 p50_ns	      2772 p95_ns	      6590 p99_ns	     28790 process_alloc_B/op	         0 rotated_shards/op	         0 snapshot_rotations/op	   25289 B/op	       9 allocs/op
PASS
