2026/10/01 19:43:07 treedb: dict training trained dict stream=0 dict_bytes=98304 samples=32 raw=131072 stored=3956 ratio=0.030
2026/10/01 19:43:07 treedb: value-log dict published class=single_value dict_id=3352450148154684535 k=16 payload_ratio=0.027 total_ratio=0.031
goos: linux
goarch: amd64
pkg: github.com/snissn/gomap/TreeDB
cpu: 11th Gen Intel(R) Core(TM) i5-11400F @ 2.60GHz
BenchmarkNegativeLookup/compressible256/enabled=true/uniform/miss=0/Get-4     	  174764	      3591 ns/op	     10240 filter-bytes	         1.000 keys/op	     315 B/op	       1 allocs/op
BenchmarkNegativeLookup/compressible256/enabled=true/uniform/miss=0/GetAppend-4         	  164383	      3292 ns/op	     10240 filter-bytes	         1.000 keys/op	      59 B/op	       0 allocs/op
BenchmarkNegativeLookup/compressible256/enabled=true/uniform/miss=0/GetMany64-4         	    3566	    176038 ns/op	     10240 filter-bytes	        64.00 keys/op	   54987 B/op	       9 allocs/op
BenchmarkNegativeLookup/compressible256/enabled=true/uniform/miss=0/GetManyView64-4     	     386	   1640201 ns/op	     10240 filter-bytes	        64.00 keys/op	  264621 B/op	     195 allocs/op
BenchmarkNegativeLookup/compressible256/enabled=true/uniform/miss=0/OldSnapshot-4       	  210258	      2863 ns/op	     10240 filter-bytes	         1.000 keys/op	     315 B/op	       1 allocs/op
BenchmarkNegativeLookup/compressible256/enabled=true/uniform/miss=50/Get-4              	  290962	      2015 ns/op	     10240 filter-bytes	         1.000 keys/op	     157 B/op	       0 allocs/op
BenchmarkNegativeLookup/compressible256/enabled=true/uniform/miss=50/GetAppend-4        	  295154	      1926 ns/op	     10240 filter-bytes	         1.000 keys/op	      29 B/op	       0 allocs/op
BenchmarkNegativeLookup/compressible256/enabled=true/uniform/miss=50/GetMany64-4        	    6679	     88025 ns/op	     10240 filter-bytes	        64.00 keys/op	   19992 B/op	       4 allocs/op
BenchmarkNegativeLookup/compressible256/enabled=true/uniform/miss=50/GetManyView64-4    	     750	    790222 ns/op	     10240 filter-bytes	        64.00 keys/op	  132281 B/op	      99 allocs/op
BenchmarkNegativeLookup/compressible256/enabled=true/uniform/miss=50/OldSnapshot-4      	  392332	      1458 ns/op	     10240 filter-bytes	         1.000 keys/op	     158 B/op	       0 allocs/op
BenchmarkNegativeLookup/compressible256/enabled=true/uniform/miss=90/Get-4              	  693312	       809.4 ns/op	     10240 filter-bytes	         1.000 keys/op	      31 B/op	       0 allocs/op
BenchmarkNegativeLookup/compressible256/enabled=true/uniform/miss=90/GetAppend-4        	  724000	       796.9 ns/op	     10240 filter-bytes	         1.000 keys/op	       6 B/op	       0 allocs/op
BenchmarkNegativeLookup/compressible256/enabled=true/uniform/miss=90/GetMany64-4        	   26349	     21625 ns/op	     10240 filter-bytes	        64.00 keys/op	   10561 B/op	       3 allocs/op
BenchmarkNegativeLookup/compressible256/enabled=true/uniform/miss=90/GetManyView64-4    	    3734	    162851 ns/op	     10240 filter-bytes	        64.00 keys/op	   26988 B/op	      22 allocs/op
BenchmarkNegativeLookup/compressible256/enabled=true/uniform/miss=90/OldSnapshot-4      	 1781617	       331.2 ns/op	     10240 filter-bytes	         1.000 keys/op	      31 B/op	       0 allocs/op
BenchmarkNegativeLookup/compressible256/enabled=true/uniform/miss=99/Get-4              	 1000000	       539.9 ns/op	     10240 filter-bytes	         1.000 keys/op	       3 B/op	       0 allocs/op
BenchmarkNegativeLookup/compressible256/enabled=true/uniform/miss=99/GetAppend-4        	 1000000	       546.6 ns/op	     10240 filter-bytes	         1.000 keys/op	       0 B/op	       0 allocs/op
BenchmarkNegativeLookup/compressible256/enabled=true/uniform/miss=99/GetMany64-4        	   75344	      7094 ns/op	     10240 filter-bytes	        64.00 keys/op	   10562 B/op	       3 allocs/op
BenchmarkNegativeLookup/compressible256/enabled=true/uniform/miss=99/GetManyView64-4    	   27981	     22951 ns/op	     10240 filter-bytes	        64.00 keys/op	    3334 B/op	       4 allocs/op
BenchmarkNegativeLookup/compressible256/enabled=true/uniform/miss=99/OldSnapshot-4      	 7021882	        84.97 ns/op	     10240 filter-bytes	         1.000 keys/op	       3 B/op	       0 allocs/op
BenchmarkNegativeLookup/compressible256/enabled=true/zipf/miss=0/Get-4                  	  214040	      2812 ns/op	     10240 filter-bytes	         1.000 keys/op	     307 B/op	       1 allocs/op
BenchmarkNegativeLookup/compressible256/enabled=true/zipf/miss=0/GetAppend-4            	  216946	      2693 ns/op	     10240 filter-bytes	         1.000 keys/op	      51 B/op	       0 allocs/op
BenchmarkNegativeLookup/compressible256/enabled=true/zipf/miss=0/GetMany64-4            	    4878	    124291 ns/op	     10240 filter-bytes	        64.00 keys/op	   54983 B/op	       9 allocs/op
BenchmarkNegativeLookup/compressible256/enabled=true/zipf/miss=0/GetManyView64-4        	    1135	    512717 ns/op	     10240 filter-bytes	        64.00 keys/op	  132560 B/op	     195 allocs/op
BenchmarkNegativeLookup/compressible256/enabled=true/zipf/miss=0/OldSnapshot-4          	  274444	      2163 ns/op	     10240 filter-bytes	         1.000 keys/op	     307 B/op	       1 allocs/op
BenchmarkNegativeLookup/compressible256/enabled=true/zipf/miss=50/Get-4                 	  341071	      1667 ns/op	     10240 filter-bytes	         1.000 keys/op	     153 B/op	       0 allocs/op
BenchmarkNegativeLookup/compressible256/enabled=true/zipf/miss=50/GetAppend-4           	  353498	      1619 ns/op	     10240 filter-bytes	         1.000 keys/op	      25 B/op	       0 allocs/op
BenchmarkNegativeLookup/compressible256/enabled=true/zipf/miss=50/GetMany64-4           	    9418	     64307 ns/op	     10240 filter-bytes	        64.00 keys/op	   19992 B/op	       4 allocs/op
BenchmarkNegativeLookup/compressible256/enabled=true/zipf/miss=50/GetManyView64-4       	    2391	    260478 ns/op	     10240 filter-bytes	        64.00 keys/op	   66510 B/op	      98 allocs/op
BenchmarkNegativeLookup/compressible256/enabled=true/zipf/miss=50/OldSnapshot-4         	  531034	      1084 ns/op	     10240 filter-bytes	         1.000 keys/op	     153 B/op	       0 allocs/op
BenchmarkNegativeLookup/compressible256/enabled=true/zipf/miss=90/Get-4                 	  791998	       737.7 ns/op	     10240 filter-bytes	         1.000 keys/op	      30 B/op	       0 allocs/op
BenchmarkNegativeLookup/compressible256/enabled=true/zipf/miss=90/GetAppend-4           	  768916	       732.0 ns/op	     10240 filter-bytes	         1.000 keys/op	       5 B/op	       0 allocs/op
BenchmarkNegativeLookup/compressible256/enabled=true/zipf/miss=90/GetMany64-4           	   34035	     16726 ns/op	     10240 filter-bytes	        64.00 keys/op	   10562 B/op	       3 allocs/op
BenchmarkNegativeLookup/compressible256/enabled=true/zipf/miss=90/GetManyView64-4       	   10000	     53604 ns/op	     10240 filter-bytes	        64.00 keys/op	   13570 B/op	      22 allocs/op
BenchmarkNegativeLookup/compressible256/enabled=true/zipf/miss=90/OldSnapshot-4         	 2158219	       270.5 ns/op	     10240 filter-bytes	         1.000 keys/op	      30 B/op	       0 allocs/op
BenchmarkNegativeLookup/compressible256/enabled=true/zipf/miss=99/Get-4                 	 1000000	       532.2 ns/op	     10240 filter-bytes	         1.000 keys/op	       3 B/op	       0 allocs/op
BenchmarkNegativeLookup/compressible256/enabled=true/zipf/miss=99/GetAppend-4           	 1000000	       537.8 ns/op	     10240 filter-bytes	         1.000 keys/op	       0 B/op	       0 allocs/op
BenchmarkNegativeLookup/compressible256/enabled=true/zipf/miss=99/GetMany64-4           	   82249	      6287 ns/op	     10240 filter-bytes	        64.00 keys/op	   10561 B/op	       3 allocs/op
BenchmarkNegativeLookup/compressible256/enabled=true/zipf/miss=99/GetManyView64-4       	   64123	      9254 ns/op	     10240 filter-bytes	        64.00 keys/op	    1954 B/op	       4 allocs/op
BenchmarkNegativeLookup/compressible256/enabled=true/zipf/miss=99/OldSnapshot-4         	 8947328	        66.73 ns/op	     10240 filter-bytes	         1.000 keys/op	       3 B/op	       0 allocs/op
BenchmarkNegativeLookup/random4096/enabled=true/uniform/miss=0/Get-4                    	   79470	      6800 ns/op	     10240 filter-bytes	         1.000 keys/op	    4155 B/op	       1 allocs/op
BenchmarkNegativeLookup/random4096/enabled=true/uniform/miss=0/GetAppend-4              	   98775	      6157 ns/op	     10240 filter-bytes	         1.000 keys/op	      59 B/op	       0 allocs/op
BenchmarkNegativeLookup/random4096/enabled=true/uniform/miss=0/GetMany64-4              	    1310	    464819 ns/op	     10240 filter-bytes	        64.00 keys/op	 1345163 B/op	      27 allocs/op
BenchmarkNegativeLookup/random4096/enabled=true/uniform/miss=0/GetManyView64-4          	    1034	    574691 ns/op	     10240 filter-bytes	        64.00 keys/op	 2966399 B/op	     131 allocs/op
BenchmarkNegativeLookup/random4096/enabled=true/uniform/miss=0/OldSnapshot-4            	   81856	      6385 ns/op	     10240 filter-bytes	         1.000 keys/op	    4155 B/op	       1 allocs/op
BenchmarkNegativeLookup/random4096/enabled=true/uniform/miss=50/Get-4                   	  163105	      3808 ns/op	     10240 filter-bytes	         1.000 keys/op	    2077 B/op	       0 allocs/op
BenchmarkNegativeLookup/random4096/enabled=true/uniform/miss=50/GetAppend-4             	  175284	      3600 ns/op	     10240 filter-bytes	         1.000 keys/op	      29 B/op	       0 allocs/op
BenchmarkNegativeLookup/random4096/enabled=true/uniform/miss=50/GetMany64-4             	    2428	    234904 ns/op	     10240 filter-bytes	        64.00 keys/op	  605471 B/op	      20 allocs/op
BenchmarkNegativeLookup/random4096/enabled=true/uniform/miss=50/GetManyView64-4         	    2000	    303861 ns/op	     10240 filter-bytes	        64.00 keys/op	 1518337 B/op	      67 allocs/op
BenchmarkNegativeLookup/random4096/enabled=true/uniform/miss=50/OldSnapshot-4           	  166651	      3261 ns/op	     10240 filter-bytes	         1.000 keys/op	    2077 B/op	       0 allocs/op
BenchmarkNegativeLookup/random4096/enabled=true/uniform/miss=90/Get-4                   	  459135	      1198 ns/op	     10240 filter-bytes	         1.000 keys/op	     415 B/op	       0 allocs/op
BenchmarkNegativeLookup/random4096/enabled=true/uniform/miss=90/GetAppend-4             	  495848	      1096 ns/op	     10240 filter-bytes	         1.000 keys/op	       6 B/op	       0 allocs/op
BenchmarkNegativeLookup/random4096/enabled=true/uniform/miss=90/GetMany64-4             	    9459	     53699 ns/op	     10240 filter-bytes	        64.00 keys/op	  108169 B/op	       9 allocs/op
BenchmarkNegativeLookup/random4096/enabled=true/uniform/miss=90/GetManyView64-4         	    8834	     67761 ns/op	     10240 filter-bytes	        64.00 keys/op	  312194 B/op	      15 allocs/op
BenchmarkNegativeLookup/random4096/enabled=true/uniform/miss=90/OldSnapshot-4           	  705086	       764.9 ns/op	     10240 filter-bytes	         1.000 keys/op	     416 B/op	       0 allocs/op
BenchmarkNegativeLookup/random4096/enabled=true/uniform/miss=99/Get-4                   	  923910	       579.3 ns/op	     10240 filter-bytes	         1.000 keys/op	      41 B/op	       0 allocs/op
BenchmarkNegativeLookup/random4096/enabled=true/uniform/miss=99/GetAppend-4             	  926935	       582.5 ns/op	     10240 filter-bytes	         1.000 keys/op	       0 B/op	       0 allocs/op
BenchmarkNegativeLookup/random4096/enabled=true/uniform/miss=99/GetMany64-4             	   69348	      7817 ns/op	     10240 filter-bytes	        64.00 keys/op	   10561 B/op	       3 allocs/op
BenchmarkNegativeLookup/random4096/enabled=true/uniform/miss=99/GetManyView64-4         	   64544	      8152 ns/op	     10240 filter-bytes	        64.00 keys/op	   17238 B/op	       4 allocs/op
BenchmarkNegativeLookup/random4096/enabled=true/uniform/miss=99/OldSnapshot-4           	 5488364	       104.4 ns/op	     10240 filter-bytes	         1.000 keys/op	      41 B/op	       0 allocs/op
BenchmarkNegativeLookup/random4096/enabled=true/zipf/miss=0/Get-4                       	   53298	     10839 ns/op	     10240 filter-bytes	         1.000 keys/op	    4148 B/op	       1 allocs/op
BenchmarkNegativeLookup/random4096/enabled=true/zipf/miss=0/GetAppend-4                 	   48084	     11146 ns/op	     10240 filter-bytes	         1.000 keys/op	      52 B/op	       0 allocs/op
BenchmarkNegativeLookup/random4096/enabled=true/zipf/miss=0/GetMany64-4                 	     843	    697908 ns/op	     10240 filter-bytes	        64.00 keys/op	 1345163 B/op	      27 allocs/op
BenchmarkNegativeLookup/random4096/enabled=true/zipf/miss=0/GetManyView64-4             	     484	   1187321 ns/op	     10240 filter-bytes	        64.00 keys/op	 7756912 B/op	     131 allocs/op
BenchmarkNegativeLookup/random4096/enabled=true/zipf/miss=0/OldSnapshot-4               	   20260	     28974 ns/op	     10240 filter-bytes	         1.000 keys/op	    4148 B/op	       1 allocs/op
BenchmarkNegativeLookup/random4096/enabled=true/zipf/miss=50/Get-4                      	   96625	      5762 ns/op	     10240 filter-bytes	         1.000 keys/op	    2073 B/op	       0 allocs/op
BenchmarkNegativeLookup/random4096/enabled=true/zipf/miss=50/GetAppend-4                	  112501	      5453 ns/op	     10240 filter-bytes	         1.000 keys/op	      26 B/op	       0 allocs/op
BenchmarkNegativeLookup/random4096/enabled=true/zipf/miss=50/GetMany64-4                	    1713	    344902 ns/op	     10240 filter-bytes	        64.00 keys/op	  605295 B/op	      20 allocs/op
BenchmarkNegativeLookup/random4096/enabled=true/zipf/miss=50/GetManyView64-4            	    1020	    584946 ns/op	     10240 filter-bytes	        64.00 keys/op	 3922268 B/op	      67 allocs/op
BenchmarkNegativeLookup/random4096/enabled=true/zipf/miss=50/OldSnapshot-4              	   41160	     15858 ns/op	     10240 filter-bytes	         1.000 keys/op	    2072 B/op	       0 allocs/op
BenchmarkNegativeLookup/random4096/enabled=true/zipf/miss=90/Get-4                      	  370614	      1550 ns/op	     10240 filter-bytes	         1.000 keys/op	     414 B/op	       0 allocs/op
BenchmarkNegativeLookup/random4096/enabled=true/zipf/miss=90/GetAppend-4                	  365724	      1514 ns/op	     10240 filter-bytes	         1.000 keys/op	       5 B/op	       0 allocs/op
BenchmarkNegativeLookup/random4096/enabled=true/zipf/miss=90/GetMany64-4                	    6945	     80830 ns/op	     10240 filter-bytes	        64.00 keys/op	  108170 B/op	       9 allocs/op
BenchmarkNegativeLookup/random4096/enabled=true/zipf/miss=90/GetManyView64-4            	    4948	    132692 ns/op	     10240 filter-bytes	        64.00 keys/op	  790812 B/op	      15 allocs/op
BenchmarkNegativeLookup/random4096/enabled=true/zipf/miss=90/OldSnapshot-4              	  200676	      3024 ns/op	     10240 filter-bytes	         1.000 keys/op	     414 B/op	       0 allocs/op
BenchmarkNegativeLookup/random4096/enabled=true/zipf/miss=99/Get-4                      	  851083	       618.8 ns/op	     10240 filter-bytes	         1.000 keys/op	      41 B/op	       0 allocs/op
BenchmarkNegativeLookup/random4096/enabled=true/zipf/miss=99/GetAppend-4                	  870920	       609.3 ns/op	     10240 filter-bytes	         1.000 keys/op	       0 B/op	       0 allocs/op
BenchmarkNegativeLookup/random4096/enabled=true/zipf/miss=99/GetMany64-4                	   50738	     10814 ns/op	     10240 filter-bytes	        64.00 keys/op	   10561 B/op	       3 allocs/op
BenchmarkNegativeLookup/random4096/enabled=true/zipf/miss=99/GetManyView64-4            	   37429	     14882 ns/op	     10240 filter-bytes	        64.00 keys/op	   64535 B/op	       4 allocs/op
BenchmarkNegativeLookup/random4096/enabled=true/zipf/miss=99/OldSnapshot-4              	 1630974	       347.8 ns/op	     10240 filter-bytes	         1.000 keys/op	      41 B/op	       0 allocs/op
PASS
