2026/10/01 19:46:01 treedb: dict training trained dict stream=0 dict_bytes=98304 samples=32 raw=131072 stored=3956 ratio=0.030
2026/10/01 19:46:01 treedb: value-log dict published class=single_value dict_id=3352450148154684535 k=32 payload_ratio=0.028 total_ratio=0.031
goos: linux
goarch: amd64
pkg: github.com/snissn/gomap/TreeDB
cpu: 11th Gen Intel(R) Core(TM) i5-11400F @ 2.60GHz
BenchmarkNegativeLookup/compressible256/enabled=false/uniform/miss=0/Get-4     	  176738	      3447 ns/op	         1.000 keys/op	     315 B/op	       1 allocs/op
BenchmarkNegativeLookup/compressible256/enabled=false/uniform/miss=0/GetAppend-4         	  181284	      3254 ns/op	         1.000 keys/op	      59 B/op	       0 allocs/op
BenchmarkNegativeLookup/compressible256/enabled=false/uniform/miss=0/GetMany64-4         	    3579	    168134 ns/op	        64.00 keys/op	   54987 B/op	       9 allocs/op
BenchmarkNegativeLookup/compressible256/enabled=false/uniform/miss=0/GetManyView64-4     	     373	   1568938 ns/op	        64.00 keys/op	  264756 B/op	     195 allocs/op
BenchmarkNegativeLookup/compressible256/enabled=false/uniform/miss=0/OldSnapshot-4       	  206967	      2839 ns/op	         1.000 keys/op	     315 B/op	       1 allocs/op
BenchmarkNegativeLookup/compressible256/enabled=false/uniform/miss=50/Get-4              	  250824	      2268 ns/op	         1.000 keys/op	     157 B/op	       0 allocs/op
BenchmarkNegativeLookup/compressible256/enabled=false/uniform/miss=50/GetAppend-4        	  257107	      2165 ns/op	         1.000 keys/op	      29 B/op	       0 allocs/op
BenchmarkNegativeLookup/compressible256/enabled=false/uniform/miss=50/GetMany64-4        	    5958	    102585 ns/op	        64.00 keys/op	   19999 B/op	       4 allocs/op
BenchmarkNegativeLookup/compressible256/enabled=false/uniform/miss=50/GetManyView64-4    	     759	    798788 ns/op	        64.00 keys/op	  132255 B/op	      98 allocs/op
BenchmarkNegativeLookup/compressible256/enabled=false/uniform/miss=50/OldSnapshot-4      	  344403	      1706 ns/op	         1.000 keys/op	     157 B/op	       0 allocs/op
BenchmarkNegativeLookup/compressible256/enabled=false/uniform/miss=90/Get-4              	  403458	      1327 ns/op	         1.000 keys/op	      31 B/op	       0 allocs/op
BenchmarkNegativeLookup/compressible256/enabled=false/uniform/miss=90/GetAppend-4        	  438685	      1370 ns/op	         1.000 keys/op	       6 B/op	       0 allocs/op
BenchmarkNegativeLookup/compressible256/enabled=false/uniform/miss=90/GetMany64-4        	   10000	     50992 ns/op	        64.00 keys/op	   10564 B/op	       3 allocs/op
BenchmarkNegativeLookup/compressible256/enabled=false/uniform/miss=90/GetManyView64-4    	    2845	    198611 ns/op	        64.00 keys/op	   26985 B/op	      22 allocs/op
BenchmarkNegativeLookup/compressible256/enabled=false/uniform/miss=90/OldSnapshot-4      	  706710	       796.4 ns/op	         1.000 keys/op	      31 B/op	       0 allocs/op
BenchmarkNegativeLookup/compressible256/enabled=false/uniform/miss=99/Get-4              	  527925	      1113 ns/op	         1.000 keys/op	       3 B/op	       0 allocs/op
BenchmarkNegativeLookup/compressible256/enabled=false/uniform/miss=99/GetAppend-4        	  509463	      1143 ns/op	         1.000 keys/op	       0 B/op	       0 allocs/op
BenchmarkNegativeLookup/compressible256/enabled=false/uniform/miss=99/GetMany64-4        	   15448	     38261 ns/op	        64.00 keys/op	   10562 B/op	       3 allocs/op
BenchmarkNegativeLookup/compressible256/enabled=false/uniform/miss=99/GetManyView64-4    	   10000	     51804 ns/op	        64.00 keys/op	    3336 B/op	       4 allocs/op
BenchmarkNegativeLookup/compressible256/enabled=false/uniform/miss=99/OldSnapshot-4      	 1000000	       579.9 ns/op	         1.000 keys/op	       3 B/op	       0 allocs/op
BenchmarkNegativeLookup/compressible256/enabled=false/zipf/miss=0/Get-4                  	  213043	      2852 ns/op	         1.000 keys/op	     307 B/op	       1 allocs/op
BenchmarkNegativeLookup/compressible256/enabled=false/zipf/miss=0/GetAppend-4            	  221960	      2766 ns/op	         1.000 keys/op	      51 B/op	       0 allocs/op
BenchmarkNegativeLookup/compressible256/enabled=false/zipf/miss=0/GetMany64-4            	    4750	    127827 ns/op	        64.00 keys/op	   54987 B/op	       9 allocs/op
BenchmarkNegativeLookup/compressible256/enabled=false/zipf/miss=0/GetManyView64-4        	    1093	    534416 ns/op	        64.00 keys/op	  132538 B/op	     195 allocs/op
BenchmarkNegativeLookup/compressible256/enabled=false/zipf/miss=0/OldSnapshot-4          	  263185	      2179 ns/op	         1.000 keys/op	     307 B/op	       1 allocs/op
BenchmarkNegativeLookup/compressible256/enabled=false/zipf/miss=50/Get-4                 	  279016	      2030 ns/op	         1.000 keys/op	     153 B/op	       0 allocs/op
BenchmarkNegativeLookup/compressible256/enabled=false/zipf/miss=50/GetAppend-4           	  284174	      1972 ns/op	         1.000 keys/op	      26 B/op	       0 allocs/op
BenchmarkNegativeLookup/compressible256/enabled=false/zipf/miss=50/GetMany64-4           	    7930	     78145 ns/op	        64.00 keys/op	   19997 B/op	       4 allocs/op
BenchmarkNegativeLookup/compressible256/enabled=false/zipf/miss=50/GetManyView64-4       	    2194	    282023 ns/op	        64.00 keys/op	   66495 B/op	      98 allocs/op
BenchmarkNegativeLookup/compressible256/enabled=false/zipf/miss=50/OldSnapshot-4         	  441229	      1364 ns/op	         1.000 keys/op	     153 B/op	       0 allocs/op
BenchmarkNegativeLookup/compressible256/enabled=false/zipf/miss=90/Get-4                 	  477109	      1199 ns/op	         1.000 keys/op	      30 B/op	       0 allocs/op
BenchmarkNegativeLookup/compressible256/enabled=false/zipf/miss=90/GetAppend-4           	  486897	      1208 ns/op	         1.000 keys/op	       5 B/op	       0 allocs/op
BenchmarkNegativeLookup/compressible256/enabled=false/zipf/miss=90/GetMany64-4           	   17149	     34443 ns/op	        64.00 keys/op	   10562 B/op	       3 allocs/op
BenchmarkNegativeLookup/compressible256/enabled=false/zipf/miss=90/GetManyView64-4       	    8386	     69643 ns/op	        64.00 keys/op	   13575 B/op	      22 allocs/op
BenchmarkNegativeLookup/compressible256/enabled=false/zipf/miss=90/OldSnapshot-4         	  859360	       670.6 ns/op	         1.000 keys/op	      30 B/op	       0 allocs/op
BenchmarkNegativeLookup/compressible256/enabled=false/zipf/miss=99/Get-4                 	  496573	      1045 ns/op	         1.000 keys/op	       3 B/op	       0 allocs/op
BenchmarkNegativeLookup/compressible256/enabled=false/zipf/miss=99/GetAppend-4           	  532808	      1064 ns/op	         1.000 keys/op	       0 B/op	       0 allocs/op
BenchmarkNegativeLookup/compressible256/enabled=false/zipf/miss=99/GetMany64-4           	   22372	     25816 ns/op	        64.00 keys/op	   10562 B/op	       3 allocs/op
BenchmarkNegativeLookup/compressible256/enabled=false/zipf/miss=99/GetManyView64-4       	   20596	     28475 ns/op	        64.00 keys/op	    1954 B/op	       4 allocs/op
BenchmarkNegativeLookup/compressible256/enabled=false/zipf/miss=99/OldSnapshot-4         	 1203964	       505.6 ns/op	         1.000 keys/op	       3 B/op	       0 allocs/op
BenchmarkNegativeLookup/random4096/enabled=false/uniform/miss=0/Get-4                    	   80336	      6736 ns/op	         1.000 keys/op	    4155 B/op	       1 allocs/op
BenchmarkNegativeLookup/random4096/enabled=false/uniform/miss=0/GetAppend-4              	   98593	      6206 ns/op	         1.000 keys/op	      59 B/op	       0 allocs/op
BenchmarkNegativeLookup/random4096/enabled=false/uniform/miss=0/GetMany64-4              	    1219	    499441 ns/op	        64.00 keys/op	 1345151 B/op	      27 allocs/op
BenchmarkNegativeLookup/random4096/enabled=false/uniform/miss=0/GetManyView64-4          	    1012	    574419 ns/op	        64.00 keys/op	 2966234 B/op	     131 allocs/op
BenchmarkNegativeLookup/random4096/enabled=false/uniform/miss=0/OldSnapshot-4            	   85400	      6174 ns/op	         1.000 keys/op	    4155 B/op	       1 allocs/op
BenchmarkNegativeLookup/random4096/enabled=false/uniform/miss=50/Get-4                   	  140227	      4002 ns/op	         1.000 keys/op	    2077 B/op	       0 allocs/op
BenchmarkNegativeLookup/random4096/enabled=false/uniform/miss=50/GetAppend-4             	  160075	      3759 ns/op	         1.000 keys/op	      29 B/op	       0 allocs/op
BenchmarkNegativeLookup/random4096/enabled=false/uniform/miss=50/GetMany64-4             	    2402	    244905 ns/op	        64.00 keys/op	  605391 B/op	      20 allocs/op
BenchmarkNegativeLookup/random4096/enabled=false/uniform/miss=50/GetManyView64-4         	    1906	    313202 ns/op	        64.00 keys/op	 1517895 B/op	      67 allocs/op
BenchmarkNegativeLookup/random4096/enabled=false/uniform/miss=50/OldSnapshot-4           	  157329	      3471 ns/op	         1.000 keys/op	    2077 B/op	       0 allocs/op
BenchmarkNegativeLookup/random4096/enabled=false/uniform/miss=90/Get-4                   	  328441	      1723 ns/op	         1.000 keys/op	     415 B/op	       0 allocs/op
BenchmarkNegativeLookup/random4096/enabled=false/uniform/miss=90/GetAppend-4             	  346800	      1669 ns/op	         1.000 keys/op	       6 B/op	       0 allocs/op
BenchmarkNegativeLookup/random4096/enabled=false/uniform/miss=90/GetMany64-4             	    6477	     81814 ns/op	        64.00 keys/op	  108180 B/op	       9 allocs/op
BenchmarkNegativeLookup/random4096/enabled=false/uniform/miss=90/GetManyView64-4         	    6295	     94375 ns/op	        64.00 keys/op	  312173 B/op	      15 allocs/op
BenchmarkNegativeLookup/random4096/enabled=false/uniform/miss=90/OldSnapshot-4           	  451315	      1315 ns/op	         1.000 keys/op	     416 B/op	       0 allocs/op
BenchmarkNegativeLookup/random4096/enabled=false/uniform/miss=99/Get-4                   	  475036	      1167 ns/op	         1.000 keys/op	      41 B/op	       0 allocs/op
BenchmarkNegativeLookup/random4096/enabled=false/uniform/miss=99/GetAppend-4             	  491427	      1166 ns/op	         1.000 keys/op	       0 B/op	       0 allocs/op
BenchmarkNegativeLookup/random4096/enabled=false/uniform/miss=99/GetMany64-4             	   15117	     39185 ns/op	        64.00 keys/op	   10562 B/op	       3 allocs/op
BenchmarkNegativeLookup/random4096/enabled=false/uniform/miss=99/GetManyView64-4         	   14918	     39171 ns/op	        64.00 keys/op	   17315 B/op	       4 allocs/op
BenchmarkNegativeLookup/random4096/enabled=false/uniform/miss=99/OldSnapshot-4           	  892176	       618.6 ns/op	         1.000 keys/op	      41 B/op	       0 allocs/op
BenchmarkNegativeLookup/random4096/enabled=false/zipf/miss=0/Get-4                       	   51565	     11535 ns/op	         1.000 keys/op	    4148 B/op	       1 allocs/op
BenchmarkNegativeLookup/random4096/enabled=false/zipf/miss=0/GetAppend-4                 	   51607	     10275 ns/op	         1.000 keys/op	      52 B/op	       0 allocs/op
BenchmarkNegativeLookup/random4096/enabled=false/zipf/miss=0/GetMany64-4                 	     858	    692269 ns/op	        64.00 keys/op	 1345143 B/op	      27 allocs/op
BenchmarkNegativeLookup/random4096/enabled=false/zipf/miss=0/GetManyView64-4             	     490	   1176839 ns/op	        64.00 keys/op	 7757334 B/op	     131 allocs/op
BenchmarkNegativeLookup/random4096/enabled=false/zipf/miss=0/OldSnapshot-4               	   20454	     29502 ns/op	         1.000 keys/op	    4148 B/op	       1 allocs/op
BenchmarkNegativeLookup/random4096/enabled=false/zipf/miss=50/Get-4                      	   95887	      5897 ns/op	         1.000 keys/op	    2073 B/op	       0 allocs/op
BenchmarkNegativeLookup/random4096/enabled=false/zipf/miss=50/GetAppend-4                	  108130	      5547 ns/op	         1.000 keys/op	      26 B/op	       0 allocs/op
BenchmarkNegativeLookup/random4096/enabled=false/zipf/miss=50/GetMany64-4                	    1555	    382847 ns/op	        64.00 keys/op	  605322 B/op	      20 allocs/op
BenchmarkNegativeLookup/random4096/enabled=false/zipf/miss=50/GetManyView64-4            	     882	    662538 ns/op	        64.00 keys/op	 3908950 B/op	      67 allocs/op
BenchmarkNegativeLookup/random4096/enabled=false/zipf/miss=50/OldSnapshot-4              	   40058	     15319 ns/op	         1.000 keys/op	    2072 B/op	       0 allocs/op
BenchmarkNegativeLookup/random4096/enabled=false/zipf/miss=90/Get-4                      	  283593	      2118 ns/op	         1.000 keys/op	     414 B/op	       0 allocs/op
BenchmarkNegativeLookup/random4096/enabled=false/zipf/miss=90/GetAppend-4                	  278252	      2120 ns/op	         1.000 keys/op	       5 B/op	       0 allocs/op
BenchmarkNegativeLookup/random4096/enabled=false/zipf/miss=90/GetMany64-4                	    5841	     97376 ns/op	        64.00 keys/op	  108171 B/op	       9 allocs/op
BenchmarkNegativeLookup/random4096/enabled=false/zipf/miss=90/GetManyView64-4            	    3908	    162151 ns/op	        64.00 keys/op	  791741 B/op	      15 allocs/op
BenchmarkNegativeLookup/random4096/enabled=false/zipf/miss=90/OldSnapshot-4              	  159903	      3729 ns/op	         1.000 keys/op	     414 B/op	       0 allocs/op
BenchmarkNegativeLookup/random4096/enabled=false/zipf/miss=99/Get-4                      	  490407	      1177 ns/op	         1.000 keys/op	      41 B/op	       0 allocs/op
BenchmarkNegativeLookup/random4096/enabled=false/zipf/miss=99/GetAppend-4                	  507404	      1169 ns/op	         1.000 keys/op	       0 B/op	       0 allocs/op
BenchmarkNegativeLookup/random4096/enabled=false/zipf/miss=99/GetMany64-4                	   19147	     29879 ns/op	        64.00 keys/op	   10562 B/op	       3 allocs/op
BenchmarkNegativeLookup/random4096/enabled=false/zipf/miss=99/GetManyView64-4            	   16546	     33927 ns/op	        64.00 keys/op	   64546 B/op	       4 allocs/op
BenchmarkNegativeLookup/random4096/enabled=false/zipf/miss=99/OldSnapshot-4              	  715669	       823.9 ns/op	         1.000 keys/op	      41 B/op	       0 allocs/op
PASS
