{"Time":"2026-10-05T21:26:28.41817866-10:00","Action":"start","Package":"github.com/snissn/gomap/TreeDB/caching"}
{"Time":"2026-10-05T21:26:28.427893342-10:00","Action":"run","Package":"github.com/snissn/gomap/TreeDB/caching","Test":"TestCOWBatchStorageAdmissionAndReset"}
{"Time":"2026-10-05T21:26:28.427913776-10:00","Action":"output","Package":"github.com/snissn/gomap/TreeDB/caching","Test":"TestCOWBatchStorageAdmissionAndReset","Output":"=== RUN   TestCOWBatchStorageAdmissionAndReset\n"}
{"Time":"2026-10-05T21:26:28.466461884-10:00","Action":"output","Package":"github.com/snissn/gomap/TreeDB/caching","Test":"TestCOWBatchStorageAdmissionAndReset","Output":"--- PASS: TestCOWBatchStorageAdmissionAndReset (0.04s)\n"}
{"Time":"2026-10-05T21:26:28.466483235-10:00","Action":"pass","Package":"github.com/snissn/gomap/TreeDB/caching","Test":"TestCOWBatchStorageAdmissionAndReset","Elapsed":0.04}
{"Time":"2026-10-05T21:26:28.466489033-10:00","Action":"run","Package":"github.com/snissn/gomap/TreeDB/caching","Test":"TestCOWBatchRefusalBeforeStagingAndCallback"}
{"Time":"2026-10-05T21:26:28.466490664-10:00","Action":"output","Package":"github.com/snissn/gomap/TreeDB/caching","Test":"TestCOWBatchRefusalBeforeStagingAndCallback","Output":"=== RUN   TestCOWBatchRefusalBeforeStagingAndCallback\n"}
{"Time":"2026-10-05T21:26:28.498996831-10:00","Action":"output","Package":"github.com/snissn/gomap/TreeDB/caching","Test":"TestCOWBatchRefusalBeforeStagingAndCallback","Output":"--- PASS: TestCOWBatchRefusalBeforeStagingAndCallback (0.03s)\n"}
{"Time":"2026-10-05T21:26:28.499019667-10:00","Action":"pass","Package":"github.com/snissn/gomap/TreeDB/caching","Test":"TestCOWBatchRefusalBeforeStagingAndCallback","Elapsed":0.03}
{"Time":"2026-10-05T21:26:28.499046269-10:00","Action":"run","Package":"github.com/snissn/gomap/TreeDB/caching","Test":"TestCOWHugeFiniteInputsRefuseBeforeAllocation"}
{"Time":"2026-10-05T21:26:28.499052112-10:00","Action":"output","Package":"github.com/snissn/gomap/TreeDB/caching","Test":"TestCOWHugeFiniteInputsRefuseBeforeAllocation","Output":"=== RUN   TestCOWHugeFiniteInputsRefuseBeforeAllocation\n"}
{"Time":"2026-10-05T21:26:28.541088962-10:00","Action":"output","Package":"github.com/snissn/gomap/TreeDB/caching","Test":"TestCOWHugeFiniteInputsRefuseBeforeAllocation","Output":"--- PASS: TestCOWHugeFiniteInputsRefuseBeforeAllocation (0.04s)\n"}
{"Time":"2026-10-05T21:26:28.541111312-10:00","Action":"pass","Package":"github.com/snissn/gomap/TreeDB/caching","Test":"TestCOWHugeFiniteInputsRefuseBeforeAllocation","Elapsed":0.04}
{"Time":"2026-10-05T21:26:28.541118607-10:00","Action":"run","Package":"github.com/snissn/gomap/TreeDB/caching","Test":"TestCOWBatchCanonicalPreparationPublishesFinalRevisions"}
{"Time":"2026-10-05T21:26:28.541120208-10:00","Action":"output","Package":"github.com/snissn/gomap/TreeDB/caching","Test":"TestCOWBatchCanonicalPreparationPublishesFinalRevisions","Output":"=== RUN   TestCOWBatchCanonicalPreparationPublishesFinalRevisions\n"}
{"Time":"2026-10-05T21:26:28.598454234-10:00","Action":"output","Package":"github.com/snissn/gomap/TreeDB/caching","Test":"TestCOWBatchCanonicalPreparationPublishesFinalRevisions","Output":"--- PASS: TestCOWBatchCanonicalPreparationPublishesFinalRevisions (0.06s)\n"}
{"Time":"2026-10-05T21:26:28.598473282-10:00","Action":"pass","Package":"github.com/snissn/gomap/TreeDB/caching","Test":"TestCOWBatchCanonicalPreparationPublishesFinalRevisions","Elapsed":0.06}
{"Time":"2026-10-05T21:26:28.598480674-10:00","Action":"run","Package":"github.com/snissn/gomap/TreeDB/caching","Test":"TestCOWBatchFinalizerRefusalCancelsPrivateRoots"}
{"Time":"2026-10-05T21:26:28.598482529-10:00","Action":"output","Package":"github.com/snissn/gomap/TreeDB/caching","Test":"TestCOWBatchFinalizerRefusalCancelsPrivateRoots","Output":"=== RUN   TestCOWBatchFinalizerRefusalCancelsPrivateRoots\n"}
{"Time":"2026-10-05T21:26:28.655992853-10:00","Action":"output","Package":"github.com/snissn/gomap/TreeDB/caching","Test":"TestCOWBatchFinalizerRefusalCancelsPrivateRoots","Output":"--- PASS: TestCOWBatchFinalizerRefusalCancelsPrivateRoots (0.06s)\n"}
{"Time":"2026-10-05T21:26:28.656014941-10:00","Action":"pass","Package":"github.com/snissn/gomap/TreeDB/caching","Test":"TestCOWBatchFinalizerRefusalCancelsPrivateRoots","Elapsed":0.06}
{"Time":"2026-10-05T21:26:28.656441077-10:00","Action":"run","Package":"github.com/snissn/gomap/TreeDB/caching","Test":"TestCOWCutPrivatePrepareDoesNotBlockOrMixReaders"}
{"Time":"2026-10-05T21:26:28.656443895-10:00","Action":"output","Package":"github.com/snissn/gomap/TreeDB/caching","Test":"TestCOWCutPrivatePrepareDoesNotBlockOrMixReaders","Output":"=== RUN   TestCOWCutPrivatePrepareDoesNotBlockOrMixReaders\n"}
{"Time":"2026-10-05T21:26:28.714291895-10:00","Action":"output","Package":"github.com/snissn/gomap/TreeDB/caching","Test":"TestCOWCutPrivatePrepareDoesNotBlockOrMixReaders","Output":"--- PASS: TestCOWCutPrivatePrepareDoesNotBlockOrMixReaders (0.06s)\n"}
{"Time":"2026-10-05T21:26:28.714307077-10:00","Action":"pass","Package":"github.com/snissn/gomap/TreeDB/caching","Test":"TestCOWCutPrivatePrepareDoesNotBlockOrMixReaders","Elapsed":0.06}
{"Time":"2026-10-05T21:26:28.714339842-10:00","Action":"run","Package":"github.com/snissn/gomap/TreeDB/caching","Test":"TestCOWCutCancelledResourcesDrainOutsideWriter"}
{"Time":"2026-10-05T21:26:28.714342043-10:00","Action":"output","Package":"github.com/snissn/gomap/TreeDB/caching","Test":"TestCOWCutCancelledResourcesDrainOutsideWriter","Output":"=== RUN   TestCOWCutCancelledResourcesDrainOutsideWriter\n"}
{"Time":"2026-10-05T21:26:28.772212236-10:00","Action":"output","Package":"github.com/snissn/gomap/TreeDB/caching","Test":"TestCOWCutCancelledResourcesDrainOutsideWriter","Output":"--- PASS: TestCOWCutCancelledResourcesDrainOutsideWriter (0.06s)\n"}
{"Time":"2026-10-05T21:26:28.772223405-10:00","Action":"pass","Package":"github.com/snissn/gomap/TreeDB/caching","Test":"TestCOWCutCancelledResourcesDrainOutsideWriter","Elapsed":0.06}
{"Time":"2026-10-05T21:26:28.772272799-10:00","Action":"run","Package":"github.com/snissn/gomap/TreeDB/caching","Test":"TestCOWCutPublicationCaptureCloseRace"}
{"Time":"2026-10-05T21:26:28.772276031-10:00","Action":"output","Package":"github.com/snissn/gomap/TreeDB/caching","Test":"TestCOWCutPublicationCaptureCloseRace","Output":"=== RUN   TestCOWCutPublicationCaptureCloseRace\n"}
{"Time":"2026-10-05T21:26:28.830825341-10:00","Action":"output","Package":"github.com/snissn/gomap/TreeDB/caching","Test":"TestCOWCutPublicationCaptureCloseRace","Output":"--- PASS: TestCOWCutPublicationCaptureCloseRace (0.06s)\n"}
{"Time":"2026-10-05T21:26:28.830838897-10:00","Action":"pass","Package":"github.com/snissn/gomap/TreeDB/caching","Test":"TestCOWCutPublicationCaptureCloseRace","Elapsed":0.06}
{"Time":"2026-10-05T21:26:28.830896056-10:00","Action":"run","Package":"github.com/snissn/gomap/TreeDB/caching","Test":"TestCOWCutDBCloseExcludesAdmittedReadAndAllowsDelayedRelease"}
{"Time":"2026-10-05T21:26:28.830898104-10:00","Action":"output","Package":"github.com/snissn/gomap/TreeDB/caching","Test":"TestCOWCutDBCloseExcludesAdmittedReadAndAllowsDelayedRelease","Output":"=== RUN   TestCOWCutDBCloseExcludesAdmittedReadAndAllowsDelayedRelease\n"}
{"Time":"2026-10-05T21:26:28.8956278-10:00","Action":"output","Package":"github.com/snissn/gomap/TreeDB/caching","Test":"TestCOWCutDBCloseExcludesAdmittedReadAndAllowsDelayedRelease","Output":"--- PASS: TestCOWCutDBCloseExcludesAdmittedReadAndAllowsDelayedRelease (0.06s)\n"}
{"Time":"2026-10-05T21:26:28.895645826-10:00","Action":"pass","Package":"github.com/snissn/gomap/TreeDB/caching","Test":"TestCOWCutDBCloseExcludesAdmittedReadAndAllowsDelayedRelease","Elapsed":0.06}
{"Time":"2026-10-05T21:26:28.895813864-10:00","Action":"run","Package":"github.com/snissn/gomap/TreeDB/caching","Test":"TestCOWDictionaryCleanupPrepareRefusalTransfersOwner"}
{"Time":"2026-10-05T21:26:28.895820718-10:00","Action":"output","Package":"github.com/snissn/gomap/TreeDB/caching","Test":"TestCOWDictionaryCleanupPrepareRefusalTransfersOwner","Output":"=== RUN   TestCOWDictionaryCleanupPrepareRefusalTransfersOwner\n"}
{"Time":"2026-10-05T21:26:28.895848874-10:00","Action":"run","Package":"github.com/snissn/gomap/TreeDB/caching","Test":"TestCOWDictionaryCleanupPrepareRefusalTransfersOwner/pointer=false/stage=1"}
{"Time":"2026-10-05T21:26:28.895857249-10:00","Action":"output","Package":"github.com/snissn/gomap/TreeDB/caching","Test":"TestCOWDictionaryCleanupPrepareRefusalTransfersOwner/pointer=false/stage=1","Output":"=== RUN   TestCOWDictionaryCleanupPrepareRefusalTransfersOwner/pointer=false/stage=1\n"}
{"Time":"2026-10-05T21:26:29.004381923-10:00","Action":"output","Package":"github.com/snissn/gomap/TreeDB/caching","Test":"TestCOWDictionaryCleanupPrepareRefusalTransfersOwner/pointer=false/stage=1","Output":"--- PASS: TestCOWDictionaryCleanupPrepareRefusalTransfersOwner/pointer=false/stage=1 (0.11s)\n"}
{"Time":"2026-10-05T21:26:29.004399292-10:00","Action":"pass","Package":"github.com/snissn/gomap/TreeDB/caching","Test":"TestCOWDictionaryCleanupPrepareRefusalTransfersOwner/pointer=false/stage=1","Elapsed":0.11}
{"Time":"2026-10-05T21:26:29.004404895-10:00","Action":"run","Package":"github.com/snissn/gomap/TreeDB/caching","Test":"TestCOWDictionaryCleanupPrepareRefusalTransfersOwner/pointer=false/stage=2"}
{"Time":"2026-10-05T21:26:29.00440669-10:00","Action":"output","Package":"github.com/snissn/gomap/TreeDB/caching","Test":"TestCOWDictionaryCleanupPrepareRefusalTransfersOwner/pointer=false/stage=2","Output":"=== RUN   TestCOWDictionaryCleanupPrepareRefusalTransfersOwner/pointer=false/stage=2\n"}
{"Time":"2026-10-05T21:26:29.112476925-10:00","Action":"output","Package":"github.com/snissn/gomap/TreeDB/caching","Test":"TestCOWDictionaryCleanupPrepareRefusalTransfersOwner/pointer=false/stage=2","Output":"--- PASS: TestCOWDictionaryCleanupPrepareRefusalTransfersOwner/pointer=false/stage=2 (0.11s)\n"}
{"Time":"2026-10-05T21:26:29.112492688-10:00","Action":"pass","Package":"github.com/snissn/gomap/TreeDB/caching","Test":"TestCOWDictionaryCleanupPrepareRefusalTransfersOwner/pointer=false/stage=2","Elapsed":0.11}
{"Time":"2026-10-05T21:26:29.112497757-10:00","Action":"run","Package":"github.com/snissn/gomap/TreeDB/caching","Test":"TestCOWDictionaryCleanupPrepareRefusalTransfersOwner/pointer=false/stage=3"}
{"Time":"2026-10-05T21:26:29.112500125-10:00","Action":"output","Package":"github.com/snissn/gomap/TreeDB/caching","Test":"TestCOWDictionaryCleanupPrepareRefusalTransfersOwner/pointer=false/stage=3","Output":"=== RUN   TestCOWDictionaryCleanupPrepareRefusalTransfersOwner/pointer=false/stage=3\n"}
{"Time":"2026-10-05T21:26:29.221662369-10:00","Action":"output","Package":"github.com/snissn/gomap/TreeDB/caching","Test":"TestCOWDictionaryCleanupPrepareRefusalTransfersOwner/pointer=false/stage=3","Output":"--- PASS: TestCOWDictionaryCleanupPrepareRefusalTransfersOwner/pointer=false/stage=3 (0.11s)\n"}
{"Time":"2026-10-05T21:26:29.221684018-10:00","Action":"pass","Package":"github.com/snissn/gomap/TreeDB/caching","Test":"TestCOWDictionaryCleanupPrepareRefusalTransfersOwner/pointer=false/stage=3","Elapsed":0.11}
{"Time":"2026-10-05T21:26:29.221695364-10:00","Action":"run","Package":"github.com/snissn/gomap/TreeDB/caching","Test":"TestCOWDictionaryCleanupPrepareRefusalTransfersOwner/pointer=true/stage=1"}
{"Time":"2026-10-05T21:26:29.221697457-10:00","Action":"output","Package":"github.com/snissn/gomap/TreeDB/caching","Test":"TestCOWDictionaryCleanupPrepareRefusalTransfersOwner/pointer=true/stage=1","Output":"=== RUN   TestCOWDictionaryCleanupPrepareRefusalTransfersOwner/pointer=true/stage=1\n"}
{"Time":"2026-10-05T21:26:29.342078077-10:00","Action":"output","Package":"github.com/snissn/gomap/TreeDB/caching","Test":"TestCOWDictionaryCleanupPrepareRefusalTransfersOwner/pointer=true/stage=1","Output":"--- PASS: TestCOWDictionaryCleanupPrepareRefusalTransfersOwner/pointer=true/stage=1 (0.12s)\n"}
{"Time":"2026-10-05T21:26:29.34209738-10:00","Action":"pass","Package":"github.com/snissn/gomap/TreeDB/caching","Test":"TestCOWDictionaryCleanupPrepareRefusalTransfersOwner/pointer=true/stage=1","Elapsed":0.12}
{"Time":"2026-10-05T21:26:29.342103057-10:00","Action":"run","Package":"github.com/snissn/gomap/TreeDB/caching","Test":"TestCOWDictionaryCleanupPrepareRefusalTransfersOwner/pointer=true/stage=2"}
{"Time":"2026-10-05T21:26:29.34210988-10:00","Action":"output","Package":"github.com/snissn/gomap/TreeDB/caching","Test":"TestCOWDictionaryCleanupPrepareRefusalTransfersOwner/pointer=true/stage=2","Output":"=== RUN   TestCOWDictionaryCleanupPrepareRefusalTransfersOwner/pointer=true/stage=2\n"}
{"Time":"2026-10-05T21:26:29.464257069-10:00","Action":"output","Package":"github.com/snissn/gomap/TreeDB/caching","Test":"TestCOWDictionaryCleanupPrepareRefusalTransfersOwner/pointer=true/stage=2","Output":"--- PASS: TestCOWDictionaryCleanupPrepareRefusalTransfersOwner/pointer=true/stage=2 (0.12s)\n"}
{"Time":"2026-10-05T21:26:29.46428811-10:00","Action":"pass","Package":"github.com/snissn/gomap/TreeDB/caching","Test":"TestCOWDictionaryCleanupPrepareRefusalTransfersOwner/pointer=true/stage=2","Elapsed":0.12}
{"Time":"2026-10-05T21:26:29.464297374-10:00","Action":"run","Package":"github.com/snissn/gomap/TreeDB/caching","Test":"TestCOWDictionaryCleanupPrepareRefusalTransfersOwner/pointer=true/stage=3"}
{"Time":"2026-10-05T21:26:29.464300506-10:00","Action":"output","Package":"github.com/snissn/gomap/TreeDB/caching","Test":"TestCOWDictionaryCleanupPrepareRefusalTransfersOwner/pointer=true/stage=3","Output":"=== RUN   TestCOWDictionaryCleanupPrepareRefusalTransfersOwner/pointer=true/stage=3\n"}
{"Time":"2026-10-05T21:26:29.585567152-10:00","Action":"output","Package":"github.com/snissn/gomap/TreeDB/caching","Test":"TestCOWDictionaryCleanupPrepareRefusalTransfersOwner/pointer=true/stage=3","Output":"--- PASS: TestCOWDictionaryCleanupPrepareRefusalTransfersOwner/pointer=true/stage=3 (0.12s)\n"}
{"Time":"2026-10-05T21:26:29.58558726-10:00","Action":"pass","Package":"github.com/snissn/gomap/TreeDB/caching","Test":"TestCOWDictionaryCleanupPrepareRefusalTransfersOwner/pointer=true/stage=3","Elapsed":0.12}
{"Time":"2026-10-05T21:26:29.585591851-10:00","Action":"output","Package":"github.com/snissn/gomap/TreeDB/caching","Test":"TestCOWDictionaryCleanupPrepareRefusalTransfersOwner","Output":"--- PASS: TestCOWDictionaryCleanupPrepareRefusalTransfersOwner (0.69s)\n"}
{"Time":"2026-10-05T21:26:29.585593926-10:00","Action":"pass","Package":"github.com/snissn/gomap/TreeDB/caching","Test":"TestCOWDictionaryCleanupPrepareRefusalTransfersOwner","Elapsed":0.69}
{"Time":"2026-10-05T21:26:29.585595985-10:00","Action":"run","Package":"github.com/snissn/gomap/TreeDB/caching","Test":"TestCOWDictionaryCleanupPrivateCutOwnership"}
{"Time":"2026-10-05T21:26:29.585597723-10:00","Action":"output","Package":"github.com/snissn/gomap/TreeDB/caching","Test":"TestCOWDictionaryCleanupPrivateCutOwnership","Output":"=== RUN   TestCOWDictionaryCleanupPrivateCutOwnership\n"}
{"Time":"2026-10-05T21:26:29.585600966-10:00","Action":"run","Package":"github.com/snissn/gomap/TreeDB/caching","Test":"TestCOWDictionaryCleanupPrivateCutOwnership/pointer=false/publish=false"}
{"Time":"2026-10-05T21:26:29.585602631-10:00","Action":"output","Package":"github.com/snissn/gomap/TreeDB/caching","Test":"TestCOWDictionaryCleanupPrivateCutOwnership/pointer=false/publish=false","Output":"=== RUN   TestCOWDictionaryCleanupPrivateCutOwnership/pointer=false/publish=false\n"}
{"Time":"2026-10-05T21:26:29.69440963-10:00","Action":"output","Package":"github.com/snissn/gomap/TreeDB/caching","Test":"TestCOWDictionaryCleanupPrivateCutOwnership/pointer=false/publish=false","Output":"--- PASS: TestCOWDictionaryCleanupPrivateCutOwnership/pointer=false/publish=false (0.11s)\n"}
{"Time":"2026-10-05T21:26:29.694431276-10:00","Action":"pass","Package":"github.com/snissn/gomap/TreeDB/caching","Test":"TestCOWDictionaryCleanupPrivateCutOwnership/pointer=false/publish=false","Elapsed":0.11}
{"Time":"2026-10-05T21:26:29.694436518-10:00","Action":"run","Package":"github.com/snissn/gomap/TreeDB/caching","Test":"TestCOWDictionaryCleanupPrivateCutOwnership/pointer=false/publish=true"}
{"Time":"2026-10-05T21:26:29.694440566-10:00","Action":"output","Package":"github.com/snissn/gomap/TreeDB/caching","Test":"TestCOWDictionaryCleanupPrivateCutOwnership/pointer=false/publish=true","Output":"=== RUN   TestCOWDictionaryCleanupPrivateCutOwnership/pointer=false/publish=true\n"}
{"Time":"2026-10-05T21:26:29.821068621-10:00","Action":"output","Package":"github.com/snissn/gomap/TreeDB/caching","Test":"TestCOWDictionaryCleanupPrivateCutOwnership/pointer=false/publish=true","Output":"--- PASS: TestCOWDictionaryCleanupPrivateCutOwnership/pointer=false/publish=true (0.13s)\n"}
{"Time":"2026-10-05T21:26:29.821092924-10:00","Action":"pass","Package":"github.com/snissn/gomap/TreeDB/caching","Test":"TestCOWDictionaryCleanupPrivateCutOwnership/pointer=false/publish=true","Elapsed":0.13}
{"Time":"2026-10-05T21:26:29.821100246-10:00","Action":"run","Package":"github.com/snissn/gomap/TreeDB/caching","Test":"TestCOWDictionaryCleanupPrivateCutOwnership/pointer=true/publish=false"}
{"Time":"2026-10-05T21:26:29.821102462-10:00","Action":"output","Package":"github.com/snissn/gomap/TreeDB/caching","Test":"TestCOWDictionaryCleanupPrivateCutOwnership/pointer=true/publish=false","Output":"=== RUN   TestCOWDictionaryCleanupPrivateCutOwnership/pointer=true/publish=false\n"}
{"Time":"2026-10-05T21:26:29.943645987-10:00","Action":"output","Package":"github.com/snissn/gomap/TreeDB/caching","Test":"TestCOWDictionaryCleanupPrivateCutOwnership/pointer=true/publish=false","Output":"--- PASS: TestCOWDictionaryCleanupPrivateCutOwnership/pointer=true/publish=false (0.12s)\n"}
{"Time":"2026-10-05T21:26:29.943668075-10:00","Action":"pass","Package":"github.com/snissn/gomap/TreeDB/caching","Test":"TestCOWDictionaryCleanupPrivateCutOwnership/pointer=true/publish=false","Elapsed":0.12}
{"Time":"2026-10-05T21:26:29.943674487-10:00","Action":"run","Package":"github.com/snissn/gomap/TreeDB/caching","Test":"TestCOWDictionaryCleanupPrivateCutOwnership/pointer=true/publish=true"}
{"Time":"2026-10-05T21:26:29.94367633-10:00","Action":"output","Package":"github.com/snissn/gomap/TreeDB/caching","Test":"TestCOWDictionaryCleanupPrivateCutOwnership/pointer=true/publish=true","Output":"=== RUN   TestCOWDictionaryCleanupPrivateCutOwnership/pointer=true/publish=true\n"}
{"Time":"2026-10-05T21:26:30.16419492-10:00","Action":"output","Package":"github.com/snissn/gomap/TreeDB/caching","Test":"TestCOWDictionaryCleanupPrivateCutOwnership/pointer=true/publish=true","Output":"--- PASS: TestCOWDictionaryCleanupPrivateCutOwnership/pointer=true/publish=true (0.22s)\n"}
{"Time":"2026-10-05T21:26:30.164215069-10:00","Action":"pass","Package":"github.com/snissn/gomap/TreeDB/caching","Test":"TestCOWDictionaryCleanupPrivateCutOwnership/pointer=true/publish=true","Elapsed":0.22}
{"Time":"2026-10-05T21:26:30.164219579-10:00","Action":"output","Package":"github.com/snissn/gomap/TreeDB/caching","Test":"TestCOWDictionaryCleanupPrivateCutOwnership","Output":"--- PASS: TestCOWDictionaryCleanupPrivateCutOwnership (0.58s)\n"}
{"Time":"2026-10-05T21:26:30.164221788-10:00","Action":"pass","Package":"github.com/snissn/gomap/TreeDB/caching","Test":"TestCOWDictionaryCleanupPrivateCutOwnership","Elapsed":0.58}
{"Time":"2026-10-05T21:26:30.164225131-10:00","Action":"run","Package":"github.com/snissn/gomap/TreeDB/caching","Test":"TestCOWDrainPublishesActivePointersAndTombstones"}
{"Time":"2026-10-05T21:26:30.164226963-10:00","Action":"output","Package":"github.com/snissn/gomap/TreeDB/caching","Test":"TestCOWDrainPublishesActivePointersAndTombstones","Output":"=== RUN   TestCOWDrainPublishesActivePointersAndTombstones\n"}
{"Time":"2026-10-05T21:26:30.264303007-10:00","Action":"output","Package":"github.com/snissn/gomap/TreeDB/caching","Test":"TestCOWDrainPublishesActivePointersAndTombstones","Output":"--- PASS: TestCOWDrainPublishesActivePointersAndTombstones (0.10s)\n"}
{"Time":"2026-10-05T21:26:30.264329983-10:00","Action":"pass","Package":"github.com/snissn/gomap/TreeDB/caching","Test":"TestCOWDrainPublishesActivePointersAndTombstones","Elapsed":0.1}
{"Time":"2026-10-05T21:26:30.264338094-10:00","Action":"run","Package":"github.com/snissn/gomap/TreeDB/caching","Test":"TestCOWDrainRolloverRefusalPreservesActiveCut"}
{"Time":"2026-10-05T21:26:30.264347189-10:00","Action":"output","Package":"github.com/snissn/gomap/TreeDB/caching","Test":"TestCOWDrainRolloverRefusalPreservesActiveCut","Output":"=== RUN   TestCOWDrainRolloverRefusalPreservesActiveCut\n"}
{"Time":"2026-10-05T21:26:30.329079459-10:00","Action":"output","Package":"github.com/snissn/gomap/TreeDB/caching","Test":"TestCOWDrainRolloverRefusalPreservesActiveCut","Output":"--- PASS: TestCOWDrainRolloverRefusalPreservesActiveCut (0.06s)\n"}
{"Time":"2026-10-05T21:26:30.329099123-10:00","Action":"pass","Package":"github.com/snissn/gomap/TreeDB/caching","Test":"TestCOWDrainRolloverRefusalPreservesActiveCut","Elapsed":0.06}
{"Time":"2026-10-05T21:26:30.329111954-10:00","Action":"run","Package":"github.com/snissn/gomap/TreeDB/caching","Test":"TestCOWDrainReturnsAcceptedHandoffRefusalAndRetriesWithoutReapply"}
{"Time":"2026-10-05T21:26:30.329113722-10:00","Action":"output","Package":"github.com/snissn/gomap/TreeDB/caching","Test":"TestCOWDrainReturnsAcceptedHandoffRefusalAndRetriesWithoutReapply","Output":"=== RUN   TestCOWDrainReturnsAcceptedHandoffRefusalAndRetriesWithoutReapply\n"}
{"Time":"2026-10-05T21:26:30.400856895-10:00","Action":"output","Package":"github.com/snissn/gomap/TreeDB/caching","Test":"TestCOWDrainReturnsAcceptedHandoffRefusalAndRetriesWithoutReapply","Output":"--- PASS: TestCOWDrainReturnsAcceptedHandoffRefusalAndRetriesWithoutReapply (0.07s)\n"}
{"Time":"2026-10-05T21:26:30.400876553-10:00","Action":"pass","Package":"github.com/snissn/gomap/TreeDB/caching","Test":"TestCOWDrainReturnsAcceptedHandoffRefusalAndRetriesWithoutReapply","Elapsed":0.07}
{"Time":"2026-10-05T21:26:30.441330579-10:00","Action":"output","Package":"github.com/snissn/gomap/TreeDB/caching","Output":"PASS\n"}
{"Time":"2026-10-05T21:26:30.444102976-10:00","Action":"output","Package":"github.com/snissn/gomap/TreeDB/caching","Output":"ok  \tgithub.com/snissn/gomap/TreeDB/caching\t2.026s\n"}
{"Time":"2026-10-05T21:26:30.444119114-10:00","Action":"pass","Package":"github.com/snissn/gomap/TreeDB/caching","Elapsed":2.026}
