{"Time":"2026-10-05T21:26:46.952576158-10:00","Action":"start","Package":"github.com/snissn/gomap/TreeDB"}
{"Time":"2026-10-05T21:26:46.968423196-10:00","Action":"run","Package":"github.com/snissn/gomap/TreeDB","Test":"TestPublicCommandWALBatchWriteSyncPhaseStatsDisabledByDefault"}
{"Time":"2026-10-05T21:26:46.968480358-10:00","Action":"output","Package":"github.com/snissn/gomap/TreeDB","Test":"TestPublicCommandWALBatchWriteSyncPhaseStatsDisabledByDefault","Output":"=== RUN   TestPublicCommandWALBatchWriteSyncPhaseStatsDisabledByDefault\n"}
{"Time":"2026-10-05T21:26:47.146609063-10:00","Action":"output","Package":"github.com/snissn/gomap/TreeDB","Test":"TestPublicCommandWALBatchWriteSyncPhaseStatsDisabledByDefault","Output":"--- PASS: TestPublicCommandWALBatchWriteSyncPhaseStatsDisabledByDefault (0.18s)\n"}
{"Time":"2026-10-05T21:26:47.146675289-10:00","Action":"pass","Package":"github.com/snissn/gomap/TreeDB","Test":"TestPublicCommandWALBatchWriteSyncPhaseStatsDisabledByDefault","Elapsed":0.18}
{"Time":"2026-10-05T21:26:47.146864482-10:00","Action":"run","Package":"github.com/snissn/gomap/TreeDB","Test":"TestPublicCommandWALBatchWriteSyncPhaseStatsAttributesSoloDurableSync"}
{"Time":"2026-10-05T21:26:47.146881219-10:00","Action":"output","Package":"github.com/snissn/gomap/TreeDB","Test":"TestPublicCommandWALBatchWriteSyncPhaseStatsAttributesSoloDurableSync","Output":"=== RUN   TestPublicCommandWALBatchWriteSyncPhaseStatsAttributesSoloDurableSync\n"}
{"Time":"2026-10-05T21:26:47.33472686-10:00","Action":"output","Package":"github.com/snissn/gomap/TreeDB","Test":"TestPublicCommandWALBatchWriteSyncPhaseStatsAttributesSoloDurableSync","Output":"--- PASS: TestPublicCommandWALBatchWriteSyncPhaseStatsAttributesSoloDurableSync (0.19s)\n"}
{"Time":"2026-10-05T21:26:47.334759393-10:00","Action":"pass","Package":"github.com/snissn/gomap/TreeDB","Test":"TestPublicCommandWALBatchWriteSyncPhaseStatsAttributesSoloDurableSync","Elapsed":0.19}
{"Time":"2026-10-05T21:26:47.334768358-10:00","Action":"run","Package":"github.com/snissn/gomap/TreeDB","Test":"TestPublicCommandWALBatchWriteSyncPhaseStatsAreRequestScopedAndAdditive"}
{"Time":"2026-10-05T21:26:47.334771804-10:00","Action":"output","Package":"github.com/snissn/gomap/TreeDB","Test":"TestPublicCommandWALBatchWriteSyncPhaseStatsAreRequestScopedAndAdditive","Output":"=== RUN   TestPublicCommandWALBatchWriteSyncPhaseStatsAreRequestScopedAndAdditive\n"}
{"Time":"2026-10-05T21:26:47.571715726-10:00","Action":"output","Package":"github.com/snissn/gomap/TreeDB","Test":"TestPublicCommandWALBatchWriteSyncPhaseStatsAreRequestScopedAndAdditive","Output":"--- PASS: TestPublicCommandWALBatchWriteSyncPhaseStatsAreRequestScopedAndAdditive (0.24s)\n"}
{"Time":"2026-10-05T21:26:47.571747698-10:00","Action":"pass","Package":"github.com/snissn/gomap/TreeDB","Test":"TestPublicCommandWALBatchWriteSyncPhaseStatsAreRequestScopedAndAdditive","Elapsed":0.24}
{"Time":"2026-10-05T21:26:47.571754435-10:00","Action":"run","Package":"github.com/snissn/gomap/TreeDB","Test":"TestPublicCommandWALBatchWriteSyncPhaseStatsEnvironmentOverride"}
{"Time":"2026-10-05T21:26:47.571757647-10:00","Action":"output","Package":"github.com/snissn/gomap/TreeDB","Test":"TestPublicCommandWALBatchWriteSyncPhaseStatsEnvironmentOverride","Output":"=== RUN   TestPublicCommandWALBatchWriteSyncPhaseStatsEnvironmentOverride\n"}
{"Time":"2026-10-05T21:26:47.668818455-10:00","Action":"output","Package":"github.com/snissn/gomap/TreeDB","Test":"TestPublicCommandWALBatchWriteSyncPhaseStatsEnvironmentOverride","Output":"--- PASS: TestPublicCommandWALBatchWriteSyncPhaseStatsEnvironmentOverride (0.10s)\n"}
{"Time":"2026-10-05T21:26:47.668848167-10:00","Action":"pass","Package":"github.com/snissn/gomap/TreeDB","Test":"TestPublicCommandWALBatchWriteSyncPhaseStatsEnvironmentOverride","Elapsed":0.1}
{"Time":"2026-10-05T21:26:47.668892855-10:00","Action":"run","Package":"github.com/snissn/gomap/TreeDB","Test":"TestPublicCommandWALBatchWriteSyncPhaseStatsLabelsRelaxedExplicitSync"}
{"Time":"2026-10-05T21:26:47.668899193-10:00","Action":"output","Package":"github.com/snissn/gomap/TreeDB","Test":"TestPublicCommandWALBatchWriteSyncPhaseStatsLabelsRelaxedExplicitSync","Output":"=== RUN   TestPublicCommandWALBatchWriteSyncPhaseStatsLabelsRelaxedExplicitSync\n"}
{"Time":"2026-10-05T21:26:47.837732332-10:00","Action":"output","Package":"github.com/snissn/gomap/TreeDB","Test":"TestPublicCommandWALBatchWriteSyncPhaseStatsLabelsRelaxedExplicitSync","Output":"--- PASS: TestPublicCommandWALBatchWriteSyncPhaseStatsLabelsRelaxedExplicitSync (0.17s)\n"}
{"Time":"2026-10-05T21:26:47.837763129-10:00","Action":"pass","Package":"github.com/snissn/gomap/TreeDB","Test":"TestPublicCommandWALBatchWriteSyncPhaseStatsLabelsRelaxedExplicitSync","Elapsed":0.17}
{"Time":"2026-10-05T21:26:47.83845014-10:00","Action":"run","Package":"github.com/snissn/gomap/TreeDB","Test":"TestPublicCommandWALBatchWriteSyncExternalRefOrderingPhaseStats"}
{"Time":"2026-10-05T21:26:47.838466624-10:00","Action":"output","Package":"github.com/snissn/gomap/TreeDB","Test":"TestPublicCommandWALBatchWriteSyncExternalRefOrderingPhaseStats","Output":"=== RUN   TestPublicCommandWALBatchWriteSyncExternalRefOrderingPhaseStats\n"}
{"Time":"2026-10-05T21:26:48.049431254-10:00","Action":"output","Package":"github.com/snissn/gomap/TreeDB","Test":"TestPublicCommandWALBatchWriteSyncExternalRefOrderingPhaseStats","Output":"--- PASS: TestPublicCommandWALBatchWriteSyncExternalRefOrderingPhaseStats (0.21s)\n"}
{"Time":"2026-10-05T21:26:48.049455715-10:00","Action":"pass","Package":"github.com/snissn/gomap/TreeDB","Test":"TestPublicCommandWALBatchWriteSyncExternalRefOrderingPhaseStats","Elapsed":0.21}
{"Time":"2026-10-05T21:26:48.050033636-10:00","Action":"run","Package":"github.com/snissn/gomap/TreeDB","Test":"TestPublicCommandWALBatchIngressStatsDistinguishViews"}
{"Time":"2026-10-05T21:26:48.050043683-10:00","Action":"output","Package":"github.com/snissn/gomap/TreeDB","Test":"TestPublicCommandWALBatchIngressStatsDistinguishViews","Output":"=== RUN   TestPublicCommandWALBatchIngressStatsDistinguishViews\n"}
{"Time":"2026-10-05T21:26:48.245166818-10:00","Action":"output","Package":"github.com/snissn/gomap/TreeDB","Test":"TestPublicCommandWALBatchIngressStatsDistinguishViews","Output":"--- PASS: TestPublicCommandWALBatchIngressStatsDistinguishViews (0.20s)\n"}
{"Time":"2026-10-05T21:26:48.245187981-10:00","Action":"pass","Package":"github.com/snissn/gomap/TreeDB","Test":"TestPublicCommandWALBatchIngressStatsDistinguishViews","Elapsed":0.2}
{"Time":"2026-10-05T21:26:48.245285229-10:00","Action":"run","Package":"github.com/snissn/gomap/TreeDB","Test":"TestPublicCommandWALBatchWritesPreserveVisibleRevisionOnReopen"}
{"Time":"2026-10-05T21:26:48.245287689-10:00","Action":"output","Package":"github.com/snissn/gomap/TreeDB","Test":"TestPublicCommandWALBatchWritesPreserveVisibleRevisionOnReopen","Output":"=== RUN   TestPublicCommandWALBatchWritesPreserveVisibleRevisionOnReopen\n"}
{"Time":"2026-10-05T21:26:48.448231495-10:00","Action":"output","Package":"github.com/snissn/gomap/TreeDB","Test":"TestPublicCommandWALBatchWritesPreserveVisibleRevisionOnReopen","Output":"--- PASS: TestPublicCommandWALBatchWritesPreserveVisibleRevisionOnReopen (0.20s)\n"}
{"Time":"2026-10-05T21:26:48.448252778-10:00","Action":"pass","Package":"github.com/snissn/gomap/TreeDB","Test":"TestPublicCommandWALBatchWritesPreserveVisibleRevisionOnReopen","Elapsed":0.2}
{"Time":"2026-10-05T21:26:48.448283902-10:00","Action":"run","Package":"github.com/snissn/gomap/TreeDB","Test":"TestPublicCommandWALDurableBatchWriteSyncDoesNotCheckpoint"}
{"Time":"2026-10-05T21:26:48.44828606-10:00","Action":"output","Package":"github.com/snissn/gomap/TreeDB","Test":"TestPublicCommandWALDurableBatchWriteSyncDoesNotCheckpoint","Output":"=== RUN   TestPublicCommandWALDurableBatchWriteSyncDoesNotCheckpoint\n"}
{"Time":"2026-10-05T21:26:48.684245636-10:00","Action":"output","Package":"github.com/snissn/gomap/TreeDB","Test":"TestPublicCommandWALDurableBatchWriteSyncDoesNotCheckpoint","Output":"--- PASS: TestPublicCommandWALDurableBatchWriteSyncDoesNotCheckpoint (0.24s)\n"}
{"Time":"2026-10-05T21:26:48.684270987-10:00","Action":"pass","Package":"github.com/snissn/gomap/TreeDB","Test":"TestPublicCommandWALDurableBatchWriteSyncDoesNotCheckpoint","Elapsed":0.24}
{"Time":"2026-10-05T21:26:48.684289994-10:00","Action":"run","Package":"github.com/snissn/gomap/TreeDB","Test":"TestPublicCommandWALDurableEmptyBatchWriteSyncDoesNotManufactureBarrier"}
{"Time":"2026-10-05T21:26:48.684292295-10:00","Action":"output","Package":"github.com/snissn/gomap/TreeDB","Test":"TestPublicCommandWALDurableEmptyBatchWriteSyncDoesNotManufactureBarrier","Output":"=== RUN   TestPublicCommandWALDurableEmptyBatchWriteSyncDoesNotManufactureBarrier\n"}
{"Time":"2026-10-05T21:26:48.765327813-10:00","Action":"output","Package":"github.com/snissn/gomap/TreeDB","Test":"TestPublicCommandWALDurableEmptyBatchWriteSyncDoesNotManufactureBarrier","Output":"--- PASS: TestPublicCommandWALDurableEmptyBatchWriteSyncDoesNotManufactureBarrier (0.08s)\n"}
{"Time":"2026-10-05T21:26:48.76534773-10:00","Action":"pass","Package":"github.com/snissn/gomap/TreeDB","Test":"TestPublicCommandWALDurableEmptyBatchWriteSyncDoesNotManufactureBarrier","Elapsed":0.08}
{"Time":"2026-10-05T21:26:48.765369946-10:00","Action":"run","Package":"github.com/snissn/gomap/TreeDB","Test":"TestPublicCommandWALBatchCloseDiscardsDirtyPayload"}
{"Time":"2026-10-05T21:26:48.765372692-10:00","Action":"output","Package":"github.com/snissn/gomap/TreeDB","Test":"TestPublicCommandWALBatchCloseDiscardsDirtyPayload","Output":"=== RUN   TestPublicCommandWALBatchCloseDiscardsDirtyPayload\n"}
{"Time":"2026-10-05T21:26:48.851797354-10:00","Action":"output","Package":"github.com/snissn/gomap/TreeDB","Test":"TestPublicCommandWALBatchCloseDiscardsDirtyPayload","Output":"--- PASS: TestPublicCommandWALBatchCloseDiscardsDirtyPayload (0.09s)\n"}
{"Time":"2026-10-05T21:26:48.851826212-10:00","Action":"pass","Package":"github.com/snissn/gomap/TreeDB","Test":"TestPublicCommandWALBatchCloseDiscardsDirtyPayload","Elapsed":0.09}
{"Time":"2026-10-05T21:26:48.851834614-10:00","Action":"run","Package":"github.com/snissn/gomap/TreeDB","Test":"TestPublicCommandWALBatchWriteFailureDoesNotAppendFrame"}
{"Time":"2026-10-05T21:26:48.851837899-10:00","Action":"output","Package":"github.com/snissn/gomap/TreeDB","Test":"TestPublicCommandWALBatchWriteFailureDoesNotAppendFrame","Output":"=== RUN   TestPublicCommandWALBatchWriteFailureDoesNotAppendFrame\n"}
{"Time":"2026-10-05T21:26:48.936309079-10:00","Action":"output","Package":"github.com/snissn/gomap/TreeDB","Test":"TestPublicCommandWALBatchWriteFailureDoesNotAppendFrame","Output":"--- PASS: TestPublicCommandWALBatchWriteFailureDoesNotAppendFrame (0.08s)\n"}
{"Time":"2026-10-05T21:26:48.93632974-10:00","Action":"pass","Package":"github.com/snissn/gomap/TreeDB","Test":"TestPublicCommandWALBatchWriteFailureDoesNotAppendFrame","Elapsed":0.08}
{"Time":"2026-10-05T21:26:48.936355685-10:00","Action":"run","Package":"github.com/snissn/gomap/TreeDB","Test":"TestPublicCommandWALBatchPayloadSoftCapWritesAndReopens"}
{"Time":"2026-10-05T21:26:48.936357802-10:00","Action":"output","Package":"github.com/snissn/gomap/TreeDB","Test":"TestPublicCommandWALBatchPayloadSoftCapWritesAndReopens","Output":"=== RUN   TestPublicCommandWALBatchPayloadSoftCapWritesAndReopens\n"}
{"Time":"2026-10-05T21:26:49.134620434-10:00","Action":"output","Package":"github.com/snissn/gomap/TreeDB","Test":"TestPublicCommandWALBatchPayloadSoftCapWritesAndReopens","Output":"--- PASS: TestPublicCommandWALBatchPayloadSoftCapWritesAndReopens (0.20s)\n"}
{"Time":"2026-10-05T21:26:49.134651141-10:00","Action":"pass","Package":"github.com/snissn/gomap/TreeDB","Test":"TestPublicCommandWALBatchPayloadSoftCapWritesAndReopens","Elapsed":0.2}
{"Time":"2026-10-05T21:26:49.13469103-10:00","Action":"run","Package":"github.com/snissn/gomap/TreeDB","Test":"TestPublicCommandWALBatchPayloadSoftCapRangePointerReopens"}
{"Time":"2026-10-05T21:26:49.134697618-10:00","Action":"output","Package":"github.com/snissn/gomap/TreeDB","Test":"TestPublicCommandWALBatchPayloadSoftCapRangePointerReopens","Output":"=== RUN   TestPublicCommandWALBatchPayloadSoftCapRangePointerReopens\n"}
{"Time":"2026-10-05T21:26:49.402639746-10:00","Action":"output","Package":"github.com/snissn/gomap/TreeDB","Test":"TestPublicCommandWALBatchPayloadSoftCapRangePointerReopens","Output":"--- PASS: TestPublicCommandWALBatchPayloadSoftCapRangePointerReopens (0.27s)\n"}
{"Time":"2026-10-05T21:26:49.402671721-10:00","Action":"pass","Package":"github.com/snissn/gomap/TreeDB","Test":"TestPublicCommandWALBatchPayloadSoftCapRangePointerReopens","Elapsed":0.27}
{"Time":"2026-10-05T21:26:49.403426007-10:00","Action":"run","Package":"github.com/snissn/gomap/TreeDB","Test":"TestPublicCommandWALBatchResetFallbackKeepsWrapperUsable"}
{"Time":"2026-10-05T21:26:49.403448876-10:00","Action":"output","Package":"github.com/snissn/gomap/TreeDB","Test":"TestPublicCommandWALBatchResetFallbackKeepsWrapperUsable","Output":"=== RUN   TestPublicCommandWALBatchResetFallbackKeepsWrapperUsable\n"}
{"Time":"2026-10-05T21:26:49.403456897-10:00","Action":"output","Package":"github.com/snissn/gomap/TreeDB","Test":"TestPublicCommandWALBatchResetFallbackKeepsWrapperUsable","Output":"--- PASS: TestPublicCommandWALBatchResetFallbackKeepsWrapperUsable (0.00s)\n"}
{"Time":"2026-10-05T21:26:49.403460657-10:00","Action":"pass","Package":"github.com/snissn/gomap/TreeDB","Test":"TestPublicCommandWALBatchResetFallbackKeepsWrapperUsable","Elapsed":0}
{"Time":"2026-10-05T21:26:49.403505381-10:00","Action":"run","Package":"github.com/snissn/gomap/TreeDB","Test":"TestPublicCommandWALBatchReplayBytesSurviveWriteUntilReset"}
{"Time":"2026-10-05T21:26:49.403509072-10:00","Action":"output","Package":"github.com/snissn/gomap/TreeDB","Test":"TestPublicCommandWALBatchReplayBytesSurviveWriteUntilReset","Output":"=== RUN   TestPublicCommandWALBatchReplayBytesSurviveWriteUntilReset\n"}
{"Time":"2026-10-05T21:26:49.403532096-10:00","Action":"output","Package":"github.com/snissn/gomap/TreeDB","Test":"TestPublicCommandWALBatchReplayBytesSurviveWriteUntilReset","Output":"--- PASS: TestPublicCommandWALBatchReplayBytesSurviveWriteUntilReset (0.00s)\n"}
{"Time":"2026-10-05T21:26:49.403536171-10:00","Action":"pass","Package":"github.com/snissn/gomap/TreeDB","Test":"TestPublicCommandWALBatchReplayBytesSurviveWriteUntilReset","Elapsed":0}
{"Time":"2026-10-05T21:26:49.403575785-10:00","Action":"run","Package":"github.com/snissn/gomap/TreeDB","Test":"TestPublicCommandWALBatchReplayBytesAppendOnlyLeaseAvoidsDirectArena"}
{"Time":"2026-10-05T21:26:49.403579608-10:00","Action":"output","Package":"github.com/snissn/gomap/TreeDB","Test":"TestPublicCommandWALBatchReplayBytesAppendOnlyLeaseAvoidsDirectArena","Output":"=== RUN   TestPublicCommandWALBatchReplayBytesAppendOnlyLeaseAvoidsDirectArena\n"}
{"Time":"2026-10-05T21:26:49.618067563-10:00","Action":"output","Package":"github.com/snissn/gomap/TreeDB","Test":"TestPublicCommandWALBatchReplayBytesAppendOnlyLeaseAvoidsDirectArena","Output":"--- PASS: TestPublicCommandWALBatchReplayBytesAppendOnlyLeaseAvoidsDirectArena (0.21s)\n"}
{"Time":"2026-10-05T21:26:49.618089558-10:00","Action":"pass","Package":"github.com/snissn/gomap/TreeDB","Test":"TestPublicCommandWALBatchReplayBytesAppendOnlyLeaseAvoidsDirectArena","Elapsed":0.21}
{"Time":"2026-10-05T21:26:49.618143473-10:00","Action":"run","Package":"github.com/snissn/gomap/TreeDB","Test":"TestPublicCommandWALBatchHashSortedLeaseProtectsCallerMutation"}
{"Time":"2026-10-05T21:26:49.61814963-10:00","Action":"output","Package":"github.com/snissn/gomap/TreeDB","Test":"TestPublicCommandWALBatchHashSortedLeaseProtectsCallerMutation","Output":"=== RUN   TestPublicCommandWALBatchHashSortedLeaseProtectsCallerMutation\n"}
{"Time":"2026-10-05T21:26:49.797771929-10:00","Action":"output","Package":"github.com/snissn/gomap/TreeDB","Test":"TestPublicCommandWALBatchHashSortedLeaseProtectsCallerMutation","Output":"--- PASS: TestPublicCommandWALBatchHashSortedLeaseProtectsCallerMutation (0.18s)\n"}
{"Time":"2026-10-05T21:26:49.797799089-10:00","Action":"pass","Package":"github.com/snissn/gomap/TreeDB","Test":"TestPublicCommandWALBatchHashSortedLeaseProtectsCallerMutation","Elapsed":0.18}
{"Time":"2026-10-05T21:26:49.797832576-10:00","Action":"run","Package":"github.com/snissn/gomap/TreeDB","Test":"TestPublicCommandWALBatchZeroValueAppendOnlyLeaseAvoidsDirectArena"}
{"Time":"2026-10-05T21:26:49.797834915-10:00","Action":"output","Package":"github.com/snissn/gomap/TreeDB","Test":"TestPublicCommandWALBatchZeroValueAppendOnlyLeaseAvoidsDirectArena","Output":"=== RUN   TestPublicCommandWALBatchZeroValueAppendOnlyLeaseAvoidsDirectArena\n"}
{"Time":"2026-10-05T21:26:49.955105184-10:00","Action":"output","Package":"github.com/snissn/gomap/TreeDB","Test":"TestPublicCommandWALBatchZeroValueAppendOnlyLeaseAvoidsDirectArena","Output":"--- PASS: TestPublicCommandWALBatchZeroValueAppendOnlyLeaseAvoidsDirectArena (0.16s)\n"}
{"Time":"2026-10-05T21:26:49.955129005-10:00","Action":"pass","Package":"github.com/snissn/gomap/TreeDB","Test":"TestPublicCommandWALBatchZeroValueAppendOnlyLeaseAvoidsDirectArena","Elapsed":0.16}
{"Time":"2026-10-05T21:26:49.955211207-10:00","Action":"run","Package":"github.com/snissn/gomap/TreeDB","Test":"TestPublicCommandWALBatchResetPreservesCompactZeroScanFallback"}
{"Time":"2026-10-05T21:26:49.955217718-10:00","Action":"output","Package":"github.com/snissn/gomap/TreeDB","Test":"TestPublicCommandWALBatchResetPreservesCompactZeroScanFallback","Output":"=== RUN   TestPublicCommandWALBatchResetPreservesCompactZeroScanFallback\n"}
{"Time":"2026-10-05T21:26:49.955221017-10:00","Action":"output","Package":"github.com/snissn/gomap/TreeDB","Test":"TestPublicCommandWALBatchResetPreservesCompactZeroScanFallback","Output":"--- PASS: TestPublicCommandWALBatchResetPreservesCompactZeroScanFallback (0.00s)\n"}
{"Time":"2026-10-05T21:26:49.955223102-10:00","Action":"pass","Package":"github.com/snissn/gomap/TreeDB","Test":"TestPublicCommandWALBatchResetPreservesCompactZeroScanFallback","Elapsed":0}
{"Time":"2026-10-05T21:26:49.955226156-10:00","Action":"run","Package":"github.com/snissn/gomap/TreeDB","Test":"TestPublicCommandWALBatchRevisionPayloadSetKeepsMutableAllZeroValue"}
{"Time":"2026-10-05T21:26:49.955227732-10:00","Action":"output","Package":"github.com/snissn/gomap/TreeDB","Test":"TestPublicCommandWALBatchRevisionPayloadSetKeepsMutableAllZeroValue","Output":"=== RUN   TestPublicCommandWALBatchRevisionPayloadSetKeepsMutableAllZeroValue\n"}
{"Time":"2026-10-05T21:26:50.118793214-10:00","Action":"output","Package":"github.com/snissn/gomap/TreeDB","Test":"TestPublicCommandWALBatchRevisionPayloadSetKeepsMutableAllZeroValue","Output":"--- PASS: TestPublicCommandWALBatchRevisionPayloadSetKeepsMutableAllZeroValue (0.16s)\n"}
{"Time":"2026-10-05T21:26:50.11881558-10:00","Action":"pass","Package":"github.com/snissn/gomap/TreeDB","Test":"TestPublicCommandWALBatchRevisionPayloadSetKeepsMutableAllZeroValue","Elapsed":0.16}
{"Time":"2026-10-05T21:26:50.118833846-10:00","Action":"run","Package":"github.com/snissn/gomap/TreeDB","Test":"TestPublicCommandWALBatchLegacyCompactZeroPinsMutableValueIdentity"}
{"Time":"2026-10-05T21:26:50.118835974-10:00","Action":"output","Package":"github.com/snissn/gomap/TreeDB","Test":"TestPublicCommandWALBatchLegacyCompactZeroPinsMutableValueIdentity","Output":"=== RUN   TestPublicCommandWALBatchLegacyCompactZeroPinsMutableValueIdentity\n"}
{"Time":"2026-10-05T21:26:50.11885201-10:00","Action":"output","Package":"github.com/snissn/gomap/TreeDB","Test":"TestPublicCommandWALBatchLegacyCompactZeroPinsMutableValueIdentity","Output":"--- PASS: TestPublicCommandWALBatchLegacyCompactZeroPinsMutableValueIdentity (0.00s)\n"}
{"Time":"2026-10-05T21:26:50.118854121-10:00","Action":"pass","Package":"github.com/snissn/gomap/TreeDB","Test":"TestPublicCommandWALBatchLegacyCompactZeroPinsMutableValueIdentity","Elapsed":0}
{"Time":"2026-10-05T21:26:50.118891031-10:00","Action":"run","Package":"github.com/snissn/gomap/TreeDB","Test":"TestPublicCommandWALBatchOrdinarySetUsesPayloadBuilder"}
{"Time":"2026-10-05T21:26:50.118893213-10:00","Action":"output","Package":"github.com/snissn/gomap/TreeDB","Test":"TestPublicCommandWALBatchOrdinarySetUsesPayloadBuilder","Output":"=== RUN   TestPublicCommandWALBatchOrdinarySetUsesPayloadBuilder\n"}
{"Time":"2026-10-05T21:26:50.118909802-10:00","Action":"output","Package":"github.com/snissn/gomap/TreeDB","Test":"TestPublicCommandWALBatchOrdinarySetUsesPayloadBuilder","Output":"--- PASS: TestPublicCommandWALBatchOrdinarySetUsesPayloadBuilder (0.00s)\n"}
{"Time":"2026-10-05T21:26:50.118912016-10:00","Action":"pass","Package":"github.com/snissn/gomap/TreeDB","Test":"TestPublicCommandWALBatchOrdinarySetUsesPayloadBuilder","Elapsed":0}
{"Time":"2026-10-05T21:26:50.118948971-10:00","Action":"run","Package":"github.com/snissn/gomap/TreeDB","Test":"TestPublicCommandWALBatchFallbackPreservesEntryRevisions"}
{"Time":"2026-10-05T21:26:50.118951161-10:00","Action":"output","Package":"github.com/snissn/gomap/TreeDB","Test":"TestPublicCommandWALBatchFallbackPreservesEntryRevisions","Output":"=== RUN   TestPublicCommandWALBatchFallbackPreservesEntryRevisions\n"}
{"Time":"2026-10-05T21:26:50.11896055-10:00","Action":"output","Package":"github.com/snissn/gomap/TreeDB","Test":"TestPublicCommandWALBatchFallbackPreservesEntryRevisions","Output":"--- PASS: TestPublicCommandWALBatchFallbackPreservesEntryRevisions (0.00s)\n"}
{"Time":"2026-10-05T21:26:50.118962573-10:00","Action":"pass","Package":"github.com/snissn/gomap/TreeDB","Test":"TestPublicCommandWALBatchFallbackPreservesEntryRevisions","Elapsed":0}
{"Time":"2026-10-05T21:26:50.118995084-10:00","Action":"run","Package":"github.com/snissn/gomap/TreeDB","Test":"TestPublicCommandWALBatchAppendUsesStablePayload"}
{"Time":"2026-10-05T21:26:50.118996824-10:00","Action":"output","Package":"github.com/snissn/gomap/TreeDB","Test":"TestPublicCommandWALBatchAppendUsesStablePayload","Output":"=== RUN   TestPublicCommandWALBatchAppendUsesStablePayload\n"}
{"Time":"2026-10-05T21:26:50.119003395-10:00","Action":"output","Package":"github.com/snissn/gomap/TreeDB","Test":"TestPublicCommandWALBatchAppendUsesStablePayload","Output":"--- PASS: TestPublicCommandWALBatchAppendUsesStablePayload (0.00s)\n"}
{"Time":"2026-10-05T21:26:50.119005921-10:00","Action":"pass","Package":"github.com/snissn/gomap/TreeDB","Test":"TestPublicCommandWALBatchAppendUsesStablePayload","Elapsed":0}
{"Time":"2026-10-05T21:26:50.119038801-10:00","Action":"run","Package":"github.com/snissn/gomap/TreeDB","Test":"TestPublicCommandWALBatchReplayBytesPayloadPreservesAssignedRevision"}
{"Time":"2026-10-05T21:26:50.119041475-10:00","Action":"output","Package":"github.com/snissn/gomap/TreeDB","Test":"TestPublicCommandWALBatchReplayBytesPayloadPreservesAssignedRevision","Output":"=== RUN   TestPublicCommandWALBatchReplayBytesPayloadPreservesAssignedRevision\n"}
{"Time":"2026-10-05T21:26:50.324980905-10:00","Action":"output","Package":"github.com/snissn/gomap/TreeDB","Test":"TestPublicCommandWALBatchReplayBytesPayloadPreservesAssignedRevision","Output":"--- PASS: TestPublicCommandWALBatchReplayBytesPayloadPreservesAssignedRevision (0.21s)\n"}
{"Time":"2026-10-05T21:26:50.325014871-10:00","Action":"pass","Package":"github.com/snissn/gomap/TreeDB","Test":"TestPublicCommandWALBatchReplayBytesPayloadPreservesAssignedRevision","Elapsed":0.21}
{"Time":"2026-10-05T21:26:50.325020637-10:00","Action":"run","Package":"github.com/snissn/gomap/TreeDB","Test":"TestPublicCommandWALBatchSetViewBypassesPayloadBuilderWithoutInnerCopy"}
{"Time":"2026-10-05T21:26:50.325022434-10:00","Action":"output","Package":"github.com/snissn/gomap/TreeDB","Test":"TestPublicCommandWALBatchSetViewBypassesPayloadBuilderWithoutInnerCopy","Output":"=== RUN   TestPublicCommandWALBatchSetViewBypassesPayloadBuilderWithoutInnerCopy\n"}
{"Time":"2026-10-05T21:26:50.32502477-10:00","Action":"output","Package":"github.com/snissn/gomap/TreeDB","Test":"TestPublicCommandWALBatchSetViewBypassesPayloadBuilderWithoutInnerCopy","Output":"--- PASS: TestPublicCommandWALBatchSetViewBypassesPayloadBuilderWithoutInnerCopy (0.00s)\n"}
{"Time":"2026-10-05T21:26:50.325027662-10:00","Action":"pass","Package":"github.com/snissn/gomap/TreeDB","Test":"TestPublicCommandWALBatchSetViewBypassesPayloadBuilderWithoutInnerCopy","Elapsed":0}
{"Time":"2026-10-05T21:26:50.325060772-10:00","Action":"run","Package":"github.com/snissn/gomap/TreeDB","Test":"TestPublicCommandWALBatchDeleteViewBypassesPayloadBuilderWithoutInnerCopy"}
{"Time":"2026-10-05T21:26:50.325067395-10:00","Action":"output","Package":"github.com/snissn/gomap/TreeDB","Test":"TestPublicCommandWALBatchDeleteViewBypassesPayloadBuilderWithoutInnerCopy","Output":"=== RUN   TestPublicCommandWALBatchDeleteViewBypassesPayloadBuilderWithoutInnerCopy\n"}
{"Time":"2026-10-05T21:26:50.325070244-10:00","Action":"output","Package":"github.com/snissn/gomap/TreeDB","Test":"TestPublicCommandWALBatchDeleteViewBypassesPayloadBuilderWithoutInnerCopy","Output":"--- PASS: TestPublicCommandWALBatchDeleteViewBypassesPayloadBuilderWithoutInnerCopy (0.00s)\n"}
{"Time":"2026-10-05T21:26:50.325072161-10:00","Action":"pass","Package":"github.com/snissn/gomap/TreeDB","Test":"TestPublicCommandWALBatchDeleteViewBypassesPayloadBuilderWithoutInnerCopy","Elapsed":0}
{"Time":"2026-10-05T21:26:50.325097379-10:00","Action":"run","Package":"github.com/snissn/gomap/TreeDB","Test":"TestPublicCommandWALBatchBypassStreamsReplayToCommandWAL"}
{"Time":"2026-10-05T21:26:50.325099393-10:00","Action":"output","Package":"github.com/snissn/gomap/TreeDB","Test":"TestPublicCommandWALBatchBypassStreamsReplayToCommandWAL","Output":"=== RUN   TestPublicCommandWALBatchBypassStreamsReplayToCommandWAL\n"}
{"Time":"2026-10-05T21:26:50.442887138-10:00","Action":"output","Package":"github.com/snissn/gomap/TreeDB","Test":"TestPublicCommandWALBatchBypassStreamsReplayToCommandWAL","Output":"--- PASS: TestPublicCommandWALBatchBypassStreamsReplayToCommandWAL (0.12s)\n"}
{"Time":"2026-10-05T21:26:50.442909329-10:00","Action":"pass","Package":"github.com/snissn/gomap/TreeDB","Test":"TestPublicCommandWALBatchBypassStreamsReplayToCommandWAL","Elapsed":0.12}
{"Time":"2026-10-05T21:26:50.442949389-10:00","Action":"run","Package":"github.com/snissn/gomap/TreeDB","Test":"TestPublicCommandWALBatchStablePayloadAppendsWithoutReplay"}
{"Time":"2026-10-05T21:26:50.442951634-10:00","Action":"output","Package":"github.com/snissn/gomap/TreeDB","Test":"TestPublicCommandWALBatchStablePayloadAppendsWithoutReplay","Output":"=== RUN   TestPublicCommandWALBatchStablePayloadAppendsWithoutReplay\n"}
{"Time":"2026-10-05T21:26:50.555191995-10:00","Action":"output","Package":"github.com/snissn/gomap/TreeDB","Test":"TestPublicCommandWALBatchStablePayloadAppendsWithoutReplay","Output":"--- PASS: TestPublicCommandWALBatchStablePayloadAppendsWithoutReplay (0.11s)\n"}
{"Time":"2026-10-05T21:26:50.555213678-10:00","Action":"pass","Package":"github.com/snissn/gomap/TreeDB","Test":"TestPublicCommandWALBatchStablePayloadAppendsWithoutReplay","Elapsed":0.11}
{"Time":"2026-10-05T21:26:50.555233284-10:00","Action":"run","Package":"github.com/snissn/gomap/TreeDB","Test":"TestPublicCommandWALBatchOrdinarySetStablePayloadAppendsWithoutReplay"}
{"Time":"2026-10-05T21:26:50.555235323-10:00","Action":"output","Package":"github.com/snissn/gomap/TreeDB","Test":"TestPublicCommandWALBatchOrdinarySetStablePayloadAppendsWithoutReplay","Output":"=== RUN   TestPublicCommandWALBatchOrdinarySetStablePayloadAppendsWithoutReplay\n"}
{"Time":"2026-10-05T21:26:50.562538291-10:00","Action":"start","Package":"github.com/snissn/gomap/TreeDB/db"}
{"Time":"2026-10-05T21:26:50.614768385-10:00","Action":"run","Package":"github.com/snissn/gomap/TreeDB/db","Test":"TestSnapshotAllocationAdmissionBeforeWrapperAndRegistry"}
{"Time":"2026-10-05T21:26:50.614790151-10:00","Action":"output","Package":"github.com/snissn/gomap/TreeDB/db","Test":"TestSnapshotAllocationAdmissionBeforeWrapperAndRegistry","Output":"=== RUN   TestSnapshotAllocationAdmissionBeforeWrapperAndRegistry\n"}
{"Time":"2026-10-05T21:26:50.682599624-10:00","Action":"output","Package":"github.com/snissn/gomap/TreeDB/db","Test":"TestSnapshotAllocationAdmissionBeforeWrapperAndRegistry","Output":"--- PASS: TestSnapshotAllocationAdmissionBeforeWrapperAndRegistry (0.07s)\n"}
{"Time":"2026-10-05T21:26:50.682618133-10:00","Action":"pass","Package":"github.com/snissn/gomap/TreeDB/db","Test":"TestSnapshotAllocationAdmissionBeforeWrapperAndRegistry","Elapsed":0.07}
{"Time":"2026-10-05T21:26:50.682648696-10:00","Action":"run","Package":"github.com/snissn/gomap/TreeDB/db","Test":"TestSnapshotAllocationAdmissionFixedCohortPressure"}
{"Time":"2026-10-05T21:26:50.682651079-10:00","Action":"output","Package":"github.com/snissn/gomap/TreeDB/db","Test":"TestSnapshotAllocationAdmissionFixedCohortPressure","Output":"=== RUN   TestSnapshotAllocationAdmissionFixedCohortPressure\n"}
{"Time":"2026-10-05T21:26:50.720140244-10:00","Action":"output","Package":"github.com/snissn/gomap/TreeDB","Test":"TestPublicCommandWALBatchOrdinarySetStablePayloadAppendsWithoutReplay","Output":"--- PASS: TestPublicCommandWALBatchOrdinarySetStablePayloadAppendsWithoutReplay (0.16s)\n"}
{"Time":"2026-10-05T21:26:50.720154225-10:00","Action":"pass","Package":"github.com/snissn/gomap/TreeDB","Test":"TestPublicCommandWALBatchOrdinarySetStablePayloadAppendsWithoutReplay","Elapsed":0.16}
{"Time":"2026-10-05T21:26:50.720186619-10:00","Action":"run","Package":"github.com/snissn/gomap/TreeDB","Test":"TestPublicCommandWALBatchOrdinaryRetainedCapDoesNotGrow"}
{"Time":"2026-10-05T21:26:50.720189066-10:00","Action":"output","Package":"github.com/snissn/gomap/TreeDB","Test":"TestPublicCommandWALBatchOrdinaryRetainedCapDoesNotGrow","Output":"=== RUN   TestPublicCommandWALBatchOrdinaryRetainedCapDoesNotGrow\n"}
{"Time":"2026-10-05T21:26:50.720197563-10:00","Action":"output","Package":"github.com/snissn/gomap/TreeDB","Test":"TestPublicCommandWALBatchOrdinaryRetainedCapDoesNotGrow","Output":"--- PASS: TestPublicCommandWALBatchOrdinaryRetainedCapDoesNotGrow (0.00s)\n"}
{"Time":"2026-10-05T21:26:50.720199681-10:00","Action":"pass","Package":"github.com/snissn/gomap/TreeDB","Test":"TestPublicCommandWALBatchOrdinaryRetainedCapDoesNotGrow","Elapsed":0}
{"Time":"2026-10-05T21:26:50.720231489-10:00","Action":"run","Package":"github.com/snissn/gomap/TreeDB","Test":"TestPublicCommandWALBatchOrdinaryCompactZeroDoesNotRetainPayload"}
{"Time":"2026-10-05T21:26:50.720233223-10:00","Action":"output","Package":"github.com/snissn/gomap/TreeDB","Test":"TestPublicCommandWALBatchOrdinaryCompactZeroDoesNotRetainPayload","Output":"=== RUN   TestPublicCommandWALBatchOrdinaryCompactZeroDoesNotRetainPayload\n"}
{"Time":"2026-10-05T21:26:50.720241948-10:00","Action":"output","Package":"github.com/snissn/gomap/TreeDB","Test":"TestPublicCommandWALBatchOrdinaryCompactZeroDoesNotRetainPayload","Output":"--- PASS: TestPublicCommandWALBatchOrdinaryCompactZeroDoesNotRetainPayload (0.00s)\n"}
{"Time":"2026-10-05T21:26:50.720243891-10:00","Action":"pass","Package":"github.com/snissn/gomap/TreeDB","Test":"TestPublicCommandWALBatchOrdinaryCompactZeroDoesNotRetainPayload","Elapsed":0}
{"Time":"2026-10-05T21:26:50.72027438-10:00","Action":"run","Package":"github.com/snissn/gomap/TreeDB","Test":"TestPublicCommandWALBatchPayloadSoftCapAccountsForCompactZeroRetainedBuffers"}
{"Time":"2026-10-05T21:26:50.720276145-10:00","Action":"output","Package":"github.com/snissn/gomap/TreeDB","Test":"TestPublicCommandWALBatchPayloadSoftCapAccountsForCompactZeroRetainedBuffers","Output":"=== RUN   TestPublicCommandWALBatchPayloadSoftCapAccountsForCompactZeroRetainedBuffers\n"}
{"Time":"2026-10-05T21:26:50.720278948-10:00","Action":"output","Package":"github.com/snissn/gomap/TreeDB","Test":"TestPublicCommandWALBatchPayloadSoftCapAccountsForCompactZeroRetainedBuffers","Output":"--- PASS: TestPublicCommandWALBatchPayloadSoftCapAccountsForCompactZeroRetainedBuffers (0.00s)\n"}
{"Time":"2026-10-05T21:26:50.720283026-10:00","Action":"pass","Package":"github.com/snissn/gomap/TreeDB","Test":"TestPublicCommandWALBatchPayloadSoftCapAccountsForCompactZeroRetainedBuffers","Elapsed":0}
{"Time":"2026-10-05T21:26:50.720312678-10:00","Action":"run","Package":"github.com/snissn/gomap/TreeDB","Test":"TestPublicCommandWALBatchPayloadSoftCapBoundsLargeValueBuilder"}
{"Time":"2026-10-05T21:26:50.720314662-10:00","Action":"output","Package":"github.com/snissn/gomap/TreeDB","Test":"TestPublicCommandWALBatchPayloadSoftCapBoundsLargeValueBuilder","Output":"=== RUN   TestPublicCommandWALBatchPayloadSoftCapBoundsLargeValueBuilder\n"}
{"Time":"2026-10-05T21:26:50.720455867-10:00","Action":"output","Package":"github.com/snissn/gomap/TreeDB","Test":"TestPublicCommandWALBatchPayloadSoftCapBoundsLargeValueBuilder","Output":"--- PASS: TestPublicCommandWALBatchPayloadSoftCapBoundsLargeValueBuilder (0.00s)\n"}
{"Time":"2026-10-05T21:26:50.720458182-10:00","Action":"pass","Package":"github.com/snissn/gomap/TreeDB","Test":"TestPublicCommandWALBatchPayloadSoftCapBoundsLargeValueBuilder","Elapsed":0}
{"Time":"2026-10-05T21:26:50.720489361-10:00","Action":"run","Package":"github.com/snissn/gomap/TreeDB","Test":"TestPublicCommandWALBatchPayloadSoftCapPreservesReplayViews"}
{"Time":"2026-10-05T21:26:50.720491121-10:00","Action":"output","Package":"github.com/snissn/gomap/TreeDB","Test":"TestPublicCommandWALBatchPayloadSoftCapPreservesReplayViews","Output":"=== RUN   TestPublicCommandWALBatchPayloadSoftCapPreservesReplayViews\n"}
{"Time":"2026-10-05T21:26:50.720497611-10:00","Action":"output","Package":"github.com/snissn/gomap/TreeDB","Test":"TestPublicCommandWALBatchPayloadSoftCapPreservesReplayViews","Output":"--- PASS: TestPublicCommandWALBatchPayloadSoftCapPreservesReplayViews (0.00s)\n"}
{"Time":"2026-10-05T21:26:50.72050021-10:00","Action":"pass","Package":"github.com/snissn/gomap/TreeDB","Test":"TestPublicCommandWALBatchPayloadSoftCapPreservesReplayViews","Elapsed":0}
{"Time":"2026-10-05T21:26:50.720530859-10:00","Action":"run","Package":"github.com/snissn/gomap/TreeDB","Test":"TestPublicCommandWALDurableTinyBatchWriteSyncByteAccounting"}
{"Time":"2026-10-05T21:26:50.720532519-10:00","Action":"output","Package":"github.com/snissn/gomap/TreeDB","Test":"TestPublicCommandWALDurableTinyBatchWriteSyncByteAccounting","Output":"=== RUN   TestPublicCommandWALDurableTinyBatchWriteSyncByteAccounting\n"}
{"Time":"2026-10-05T21:26:50.720539849-10:00","Action":"output","Package":"github.com/snissn/gomap/TreeDB","Test":"TestPublicCommandWALDurableTinyBatchWriteSyncByteAccounting","Output":"--- PASS: TestPublicCommandWALDurableTinyBatchWriteSyncByteAccounting (0.00s)\n"}
{"Time":"2026-10-05T21:26:50.720541832-10:00","Action":"pass","Package":"github.com/snissn/gomap/TreeDB","Test":"TestPublicCommandWALDurableTinyBatchWriteSyncByteAccounting","Elapsed":0}
{"Time":"2026-10-05T21:26:50.720573022-10:00","Action":"run","Package":"github.com/snissn/gomap/TreeDB","Test":"TestPublicCommandWALDurableTinyBatchWriteSyncShapes"}
{"Time":"2026-10-05T21:26:50.720574769-10:00","Action":"output","Package":"github.com/snissn/gomap/TreeDB","Test":"TestPublicCommandWALDurableTinyBatchWriteSyncShapes","Output":"=== RUN   TestPublicCommandWALDurableTinyBatchWriteSyncShapes\n"}
{"Time":"2026-10-05T21:26:50.720620047-10:00","Action":"run","Package":"github.com/snissn/gomap/TreeDB","Test":"TestPublicCommandWALDurableTinyBatchWriteSyncShapes/ops=1"}
{"Time":"2026-10-05T21:26:50.720622736-10:00","Action":"output","Package":"github.com/snissn/gomap/TreeDB","Test":"TestPublicCommandWALDurableTinyBatchWriteSyncShapes/ops=1","Output":"=== RUN   TestPublicCommandWALDurableTinyBatchWriteSyncShapes/ops=1\n"}
{"Time":"2026-10-05T21:26:50.814811283-10:00","Action":"output","Package":"github.com/snissn/gomap/TreeDB/db","Test":"TestSnapshotAllocationAdmissionFixedCohortPressure","Output":"--- PASS: TestSnapshotAllocationAdmissionFixedCohortPressure (0.13s)\n"}
{"Time":"2026-10-05T21:26:50.814831188-10:00","Action":"pass","Package":"github.com/snissn/gomap/TreeDB/db","Test":"TestSnapshotAllocationAdmissionFixedCohortPressure","Elapsed":0.13}
{"Time":"2026-10-05T21:26:50.814865915-10:00","Action":"run","Package":"github.com/snissn/gomap/TreeDB/db","Test":"TestSnapshotAllocationAdmissionRequiresSharedLeafPinSet"}
{"Time":"2026-10-05T21:26:50.814869396-10:00","Action":"output","Package":"github.com/snissn/gomap/TreeDB/db","Test":"TestSnapshotAllocationAdmissionRequiresSharedLeafPinSet","Output":"=== RUN   TestSnapshotAllocationAdmissionRequiresSharedLeafPinSet\n"}
{"Time":"2026-10-05T21:26:50.814887292-10:00","Action":"output","Package":"github.com/snissn/gomap/TreeDB/db","Test":"TestSnapshotAllocationAdmissionRequiresSharedLeafPinSet","Output":"--- PASS: TestSnapshotAllocationAdmissionRequiresSharedLeafPinSet (0.00s)\n"}
{"Time":"2026-10-05T21:26:50.81489711-10:00","Action":"pass","Package":"github.com/snissn/gomap/TreeDB/db","Test":"TestSnapshotAllocationAdmissionRequiresSharedLeafPinSet","Elapsed":0}
{"Time":"2026-10-05T21:26:50.830434497-10:00","Action":"output","Package":"github.com/snissn/gomap/TreeDB/db","Output":"PASS\n"}
{"Time":"2026-10-05T21:26:50.831601684-10:00","Action":"output","Package":"github.com/snissn/gomap/TreeDB/db","Output":"ok  \tgithub.com/snissn/gomap/TreeDB/db\t0.269s\n"}
{"Time":"2026-10-05T21:26:50.831616661-10:00","Action":"pass","Package":"github.com/snissn/gomap/TreeDB/db","Elapsed":0.269}
{"Time":"2026-10-05T21:26:50.939539744-10:00","Action":"output","Package":"github.com/snissn/gomap/TreeDB","Test":"TestPublicCommandWALDurableTinyBatchWriteSyncShapes/ops=1","Output":"--- PASS: TestPublicCommandWALDurableTinyBatchWriteSyncShapes/ops=1 (0.22s)\n"}
{"Time":"2026-10-05T21:26:50.939560639-10:00","Action":"pass","Package":"github.com/snissn/gomap/TreeDB","Test":"TestPublicCommandWALDurableTinyBatchWriteSyncShapes/ops=1","Elapsed":0.22}
{"Time":"2026-10-05T21:26:50.939579894-10:00","Action":"run","Package":"github.com/snissn/gomap/TreeDB","Test":"TestPublicCommandWALDurableTinyBatchWriteSyncShapes/ops=8"}
{"Time":"2026-10-05T21:26:50.939582352-10:00","Action":"output","Package":"github.com/snissn/gomap/TreeDB","Test":"TestPublicCommandWALDurableTinyBatchWriteSyncShapes/ops=8","Output":"=== RUN   TestPublicCommandWALDurableTinyBatchWriteSyncShapes/ops=8\n"}
{"Time":"2026-10-05T21:26:51.10943315-10:00","Action":"output","Package":"github.com/snissn/gomap/TreeDB","Test":"TestPublicCommandWALDurableTinyBatchWriteSyncShapes/ops=8","Output":"--- PASS: TestPublicCommandWALDurableTinyBatchWriteSyncShapes/ops=8 (0.17s)\n"}
{"Time":"2026-10-05T21:26:51.109460911-10:00","Action":"pass","Package":"github.com/snissn/gomap/TreeDB","Test":"TestPublicCommandWALDurableTinyBatchWriteSyncShapes/ops=8","Elapsed":0.17}
{"Time":"2026-10-05T21:26:51.109493057-10:00","Action":"run","Package":"github.com/snissn/gomap/TreeDB","Test":"TestPublicCommandWALDurableTinyBatchWriteSyncShapes/ops=32"}
{"Time":"2026-10-05T21:26:51.109497442-10:00","Action":"output","Package":"github.com/snissn/gomap/TreeDB","Test":"TestPublicCommandWALDurableTinyBatchWriteSyncShapes/ops=32","Output":"=== RUN   TestPublicCommandWALDurableTinyBatchWriteSyncShapes/ops=32\n"}
{"Time":"2026-10-05T21:26:51.326148753-10:00","Action":"output","Package":"github.com/snissn/gomap/TreeDB","Test":"TestPublicCommandWALDurableTinyBatchWriteSyncShapes/ops=32","Output":"--- PASS: TestPublicCommandWALDurableTinyBatchWriteSyncShapes/ops=32 (0.22s)\n"}
{"Time":"2026-10-05T21:26:51.32617062-10:00","Action":"pass","Package":"github.com/snissn/gomap/TreeDB","Test":"TestPublicCommandWALDurableTinyBatchWriteSyncShapes/ops=32","Elapsed":0.22}
{"Time":"2026-10-05T21:26:51.326175099-10:00","Action":"output","Package":"github.com/snissn/gomap/TreeDB","Test":"TestPublicCommandWALDurableTinyBatchWriteSyncShapes","Output":"--- PASS: TestPublicCommandWALDurableTinyBatchWriteSyncShapes (0.61s)\n"}
{"Time":"2026-10-05T21:26:51.32617724-10:00","Action":"pass","Package":"github.com/snissn/gomap/TreeDB","Test":"TestPublicCommandWALDurableTinyBatchWriteSyncShapes","Elapsed":0.61}
{"Time":"2026-10-05T21:26:51.32668007-10:00","Action":"run","Package":"github.com/snissn/gomap/TreeDB","Test":"TestPublicCommandWALBatchValueLogPointersStayBelowFrameCap"}
{"Time":"2026-10-05T21:26:51.326690379-10:00","Action":"output","Package":"github.com/snissn/gomap/TreeDB","Test":"TestPublicCommandWALBatchValueLogPointersStayBelowFrameCap","Output":"=== RUN   TestPublicCommandWALBatchValueLogPointersStayBelowFrameCap\n"}
{"Time":"2026-10-05T21:26:51.532097378-10:00","Action":"output","Package":"github.com/snissn/gomap/TreeDB","Test":"TestPublicCommandWALBatchValueLogPointersStayBelowFrameCap","Output":"--- PASS: TestPublicCommandWALBatchValueLogPointersStayBelowFrameCap (0.21s)\n"}
{"Time":"2026-10-05T21:26:51.532122502-10:00","Action":"pass","Package":"github.com/snissn/gomap/TreeDB","Test":"TestPublicCommandWALBatchValueLogPointersStayBelowFrameCap","Elapsed":0.21}
{"Time":"2026-10-05T21:26:51.532142715-10:00","Action":"run","Package":"github.com/snissn/gomap/TreeDB","Test":"TestPublicCommandWALBatchValueLogPointersFlushMultiLaneRefs"}
{"Time":"2026-10-05T21:26:51.532144976-10:00","Action":"output","Package":"github.com/snissn/gomap/TreeDB","Test":"TestPublicCommandWALBatchValueLogPointersFlushMultiLaneRefs","Output":"=== RUN   TestPublicCommandWALBatchValueLogPointersFlushMultiLaneRefs\n"}
{"Time":"2026-10-05T21:26:51.997297436-10:00","Action":"output","Package":"github.com/snissn/gomap/TreeDB","Test":"TestPublicCommandWALBatchValueLogPointersFlushMultiLaneRefs","Output":"--- PASS: TestPublicCommandWALBatchValueLogPointersFlushMultiLaneRefs (0.47s)\n"}
{"Time":"2026-10-05T21:26:51.997323738-10:00","Action":"pass","Package":"github.com/snissn/gomap/TreeDB","Test":"TestPublicCommandWALBatchValueLogPointersFlushMultiLaneRefs","Elapsed":0.47}
{"Time":"2026-10-05T21:26:51.997341025-10:00","Action":"run","Package":"github.com/snissn/gomap/TreeDB","Test":"TestPublicCommandWALBatchDeleteRangeWithPointerUsesCompactRangeFrame"}
{"Time":"2026-10-05T21:26:51.997342989-10:00","Action":"output","Package":"github.com/snissn/gomap/TreeDB","Test":"TestPublicCommandWALBatchDeleteRangeWithPointerUsesCompactRangeFrame","Output":"=== RUN   TestPublicCommandWALBatchDeleteRangeWithPointerUsesCompactRangeFrame\n"}
{"Time":"2026-10-05T21:26:54.737008065-10:00","Action":"output","Package":"github.com/snissn/gomap/TreeDB","Test":"TestPublicCommandWALBatchDeleteRangeWithPointerUsesCompactRangeFrame","Output":"--- PASS: TestPublicCommandWALBatchDeleteRangeWithPointerUsesCompactRangeFrame (2.74s)\n"}
{"Time":"2026-10-05T21:26:54.737031938-10:00","Action":"pass","Package":"github.com/snissn/gomap/TreeDB","Test":"TestPublicCommandWALBatchDeleteRangeWithPointerUsesCompactRangeFrame","Elapsed":2.74}
{"Time":"2026-10-05T21:26:54.737061096-10:00","Action":"run","Package":"github.com/snissn/gomap/TreeDB","Test":"TestPublicCommandWALBatchDeleteRangeCachedReopen"}
{"Time":"2026-10-05T21:26:54.737063231-10:00","Action":"output","Package":"github.com/snissn/gomap/TreeDB","Test":"TestPublicCommandWALBatchDeleteRangeCachedReopen","Output":"=== RUN   TestPublicCommandWALBatchDeleteRangeCachedReopen\n"}
{"Time":"2026-10-05T21:26:54.987468285-10:00","Action":"output","Package":"github.com/snissn/gomap/TreeDB","Test":"TestPublicCommandWALBatchDeleteRangeCachedReopen","Output":"--- PASS: TestPublicCommandWALBatchDeleteRangeCachedReopen (0.25s)\n"}
{"Time":"2026-10-05T21:26:54.987496462-10:00","Action":"pass","Package":"github.com/snissn/gomap/TreeDB","Test":"TestPublicCommandWALBatchDeleteRangeCachedReopen","Elapsed":0.25}
{"Time":"2026-10-05T21:26:54.987605009-10:00","Action":"run","Package":"github.com/snissn/gomap/TreeDB","Test":"TestPublicCommandWALBatchWriteAfterCloseReturnsErrClosed"}
{"Time":"2026-10-05T21:26:54.987609981-10:00","Action":"output","Package":"github.com/snissn/gomap/TreeDB","Test":"TestPublicCommandWALBatchWriteAfterCloseReturnsErrClosed","Output":"=== RUN   TestPublicCommandWALBatchWriteAfterCloseReturnsErrClosed\n"}
{"Time":"2026-10-05T21:26:55.06593952-10:00","Action":"output","Package":"github.com/snissn/gomap/TreeDB","Test":"TestPublicCommandWALBatchWriteAfterCloseReturnsErrClosed","Output":"--- PASS: TestPublicCommandWALBatchWriteAfterCloseReturnsErrClosed (0.08s)\n"}
{"Time":"2026-10-05T21:26:55.065959812-10:00","Action":"pass","Package":"github.com/snissn/gomap/TreeDB","Test":"TestPublicCommandWALBatchWriteAfterCloseReturnsErrClosed","Elapsed":0.08}
{"Time":"2026-10-05T21:26:55.066000404-10:00","Action":"run","Package":"github.com/snissn/gomap/TreeDB","Test":"TestPublicCommandWALBatchPayloadPoolAcquisitionKeepsClosedHandlesIsolated"}
{"Time":"2026-10-05T21:26:55.066002301-10:00","Action":"output","Package":"github.com/snissn/gomap/TreeDB","Test":"TestPublicCommandWALBatchPayloadPoolAcquisitionKeepsClosedHandlesIsolated","Output":"=== RUN   TestPublicCommandWALBatchPayloadPoolAcquisitionKeepsClosedHandlesIsolated\n"}
{"Time":"2026-10-05T21:26:55.219502503-10:00","Action":"output","Package":"github.com/snissn/gomap/TreeDB","Test":"TestPublicCommandWALBatchPayloadPoolAcquisitionKeepsClosedHandlesIsolated","Output":"--- PASS: TestPublicCommandWALBatchPayloadPoolAcquisitionKeepsClosedHandlesIsolated (0.15s)\n"}
{"Time":"2026-10-05T21:26:55.219523675-10:00","Action":"pass","Package":"github.com/snissn/gomap/TreeDB","Test":"TestPublicCommandWALBatchPayloadPoolAcquisitionKeepsClosedHandlesIsolated","Elapsed":0.15}
{"Time":"2026-10-05T21:26:55.219542422-10:00","Action":"run","Package":"github.com/snissn/gomap/TreeDB","Test":"TestPublicCommandWALBatchPayloadPoolDropsOversizeBuffer"}
{"Time":"2026-10-05T21:26:55.219544595-10:00","Action":"output","Package":"github.com/snissn/gomap/TreeDB","Test":"TestPublicCommandWALBatchPayloadPoolDropsOversizeBuffer","Output":"=== RUN   TestPublicCommandWALBatchPayloadPoolDropsOversizeBuffer\n"}
{"Time":"2026-10-05T21:26:55.365357852-10:00","Action":"output","Package":"github.com/snissn/gomap/TreeDB","Test":"TestPublicCommandWALBatchPayloadPoolDropsOversizeBuffer","Output":"--- PASS: TestPublicCommandWALBatchPayloadPoolDropsOversizeBuffer (0.15s)\n"}
{"Time":"2026-10-05T21:26:55.365384998-10:00","Action":"pass","Package":"github.com/snissn/gomap/TreeDB","Test":"TestPublicCommandWALBatchPayloadPoolDropsOversizeBuffer","Elapsed":0.15}
{"Time":"2026-10-05T21:26:55.366157798-10:00","Action":"run","Package":"github.com/snissn/gomap/TreeDB","Test":"TestCOWPublicCommandBatchOwnedStagingAndWrapperAdmission"}
{"Time":"2026-10-05T21:26:55.366171057-10:00","Action":"output","Package":"github.com/snissn/gomap/TreeDB","Test":"TestCOWPublicCommandBatchOwnedStagingAndWrapperAdmission","Output":"=== RUN   TestCOWPublicCommandBatchOwnedStagingAndWrapperAdmission\n"}
{"Time":"2026-10-05T21:26:55.3662094-10:00","Action":"run","Package":"github.com/snissn/gomap/TreeDB","Test":"TestCOWPublicCommandBatchOwnedStagingAndWrapperAdmission/command_wal_durable"}
{"Time":"2026-10-05T21:26:55.366212805-10:00","Action":"output","Package":"github.com/snissn/gomap/TreeDB","Test":"TestCOWPublicCommandBatchOwnedStagingAndWrapperAdmission/command_wal_durable","Output":"=== RUN   TestCOWPublicCommandBatchOwnedStagingAndWrapperAdmission/command_wal_durable\n"}
{"Time":"2026-10-05T21:26:55.551481217-10:00","Action":"output","Package":"github.com/snissn/gomap/TreeDB","Test":"TestCOWPublicCommandBatchOwnedStagingAndWrapperAdmission/command_wal_durable","Output":"--- PASS: TestCOWPublicCommandBatchOwnedStagingAndWrapperAdmission/command_wal_durable (0.19s)\n"}
{"Time":"2026-10-05T21:26:55.551502291-10:00","Action":"pass","Package":"github.com/snissn/gomap/TreeDB","Test":"TestCOWPublicCommandBatchOwnedStagingAndWrapperAdmission/command_wal_durable","Elapsed":0.19}
{"Time":"2026-10-05T21:26:55.551507618-10:00","Action":"run","Package":"github.com/snissn/gomap/TreeDB","Test":"TestCOWPublicCommandBatchOwnedStagingAndWrapperAdmission/command_wal_relaxed"}
{"Time":"2026-10-05T21:26:55.551509381-10:00","Action":"output","Package":"github.com/snissn/gomap/TreeDB","Test":"TestCOWPublicCommandBatchOwnedStagingAndWrapperAdmission/command_wal_relaxed","Output":"=== RUN   TestCOWPublicCommandBatchOwnedStagingAndWrapperAdmission/command_wal_relaxed\n"}
{"Time":"2026-10-05T21:26:55.742700837-10:00","Action":"output","Package":"github.com/snissn/gomap/TreeDB","Test":"TestCOWPublicCommandBatchOwnedStagingAndWrapperAdmission/command_wal_relaxed","Output":"--- PASS: TestCOWPublicCommandBatchOwnedStagingAndWrapperAdmission/command_wal_relaxed (0.19s)\n"}
{"Time":"2026-10-05T21:26:55.742719773-10:00","Action":"pass","Package":"github.com/snissn/gomap/TreeDB","Test":"TestCOWPublicCommandBatchOwnedStagingAndWrapperAdmission/command_wal_relaxed","Elapsed":0.19}
{"Time":"2026-10-05T21:26:55.742726444-10:00","Action":"output","Package":"github.com/snissn/gomap/TreeDB","Test":"TestCOWPublicCommandBatchOwnedStagingAndWrapperAdmission","Output":"--- PASS: TestCOWPublicCommandBatchOwnedStagingAndWrapperAdmission (0.38s)\n"}
{"Time":"2026-10-05T21:26:55.742734359-10:00","Action":"pass","Package":"github.com/snissn/gomap/TreeDB","Test":"TestCOWPublicCommandBatchOwnedStagingAndWrapperAdmission","Elapsed":0.38}
{"Time":"2026-10-05T21:26:55.742737913-10:00","Action":"run","Package":"github.com/snissn/gomap/TreeDB","Test":"TestCOWPublicReadOwnerCaptureRacesClose"}
{"Time":"2026-10-05T21:26:55.742739782-10:00","Action":"output","Package":"github.com/snissn/gomap/TreeDB","Test":"TestCOWPublicReadOwnerCaptureRacesClose","Output":"=== RUN   TestCOWPublicReadOwnerCaptureRacesClose\n"}
{"Time":"2026-10-05T21:26:55.742768363-10:00","Action":"run","Package":"github.com/snissn/gomap/TreeDB","Test":"TestCOWPublicReadOwnerCaptureRacesClose/command_wal_durable"}
{"Time":"2026-10-05T21:26:55.742770613-10:00","Action":"output","Package":"github.com/snissn/gomap/TreeDB","Test":"TestCOWPublicReadOwnerCaptureRacesClose/command_wal_durable","Output":"=== RUN   TestCOWPublicReadOwnerCaptureRacesClose/command_wal_durable\n"}
{"Time":"2026-10-05T21:26:55.929054375-10:00","Action":"output","Package":"github.com/snissn/gomap/TreeDB","Test":"TestCOWPublicReadOwnerCaptureRacesClose/command_wal_durable","Output":"--- PASS: TestCOWPublicReadOwnerCaptureRacesClose/command_wal_durable (0.19s)\n"}
{"Time":"2026-10-05T21:26:55.929073809-10:00","Action":"pass","Package":"github.com/snissn/gomap/TreeDB","Test":"TestCOWPublicReadOwnerCaptureRacesClose/command_wal_durable","Elapsed":0.19}
{"Time":"2026-10-05T21:26:55.929111848-10:00","Action":"run","Package":"github.com/snissn/gomap/TreeDB","Test":"TestCOWPublicReadOwnerCaptureRacesClose/command_wal_relaxed"}
{"Time":"2026-10-05T21:26:55.929115121-10:00","Action":"output","Package":"github.com/snissn/gomap/TreeDB","Test":"TestCOWPublicReadOwnerCaptureRacesClose/command_wal_relaxed","Output":"=== RUN   TestCOWPublicReadOwnerCaptureRacesClose/command_wal_relaxed\n"}
{"Time":"2026-10-05T21:26:56.115952291-10:00","Action":"output","Package":"github.com/snissn/gomap/TreeDB","Test":"TestCOWPublicReadOwnerCaptureRacesClose/command_wal_relaxed","Output":"--- PASS: TestCOWPublicReadOwnerCaptureRacesClose/command_wal_relaxed (0.19s)\n"}
{"Time":"2026-10-05T21:26:56.115971323-10:00","Action":"pass","Package":"github.com/snissn/gomap/TreeDB","Test":"TestCOWPublicReadOwnerCaptureRacesClose/command_wal_relaxed","Elapsed":0.19}
{"Time":"2026-10-05T21:26:56.115976795-10:00","Action":"run","Package":"github.com/snissn/gomap/TreeDB","Test":"TestCOWPublicReadOwnerCaptureRacesClose/no_wal_fast"}
{"Time":"2026-10-05T21:26:56.115978895-10:00","Action":"output","Package":"github.com/snissn/gomap/TreeDB","Test":"TestCOWPublicReadOwnerCaptureRacesClose/no_wal_fast","Output":"=== RUN   TestCOWPublicReadOwnerCaptureRacesClose/no_wal_fast\n"}
{"Time":"2026-10-05T21:26:56.344694022-10:00","Action":"output","Package":"github.com/snissn/gomap/TreeDB","Test":"TestCOWPublicReadOwnerCaptureRacesClose/no_wal_fast","Output":"--- PASS: TestCOWPublicReadOwnerCaptureRacesClose/no_wal_fast (0.23s)\n"}
{"Time":"2026-10-05T21:26:56.34471441-10:00","Action":"pass","Package":"github.com/snissn/gomap/TreeDB","Test":"TestCOWPublicReadOwnerCaptureRacesClose/no_wal_fast","Elapsed":0.23}
{"Time":"2026-10-05T21:26:56.344718737-10:00","Action":"output","Package":"github.com/snissn/gomap/TreeDB","Test":"TestCOWPublicReadOwnerCaptureRacesClose","Output":"--- PASS: TestCOWPublicReadOwnerCaptureRacesClose (0.60s)\n"}
{"Time":"2026-10-05T21:26:56.344722971-10:00","Action":"pass","Package":"github.com/snissn/gomap/TreeDB","Test":"TestCOWPublicReadOwnerCaptureRacesClose","Elapsed":0.6}
{"Time":"2026-10-05T21:26:56.344729911-10:00","Action":"run","Package":"github.com/snissn/gomap/TreeDB","Test":"TestCOWPublicViewCallbackCanCloseDatabase"}
{"Time":"2026-10-05T21:26:56.344731886-10:00","Action":"output","Package":"github.com/snissn/gomap/TreeDB","Test":"TestCOWPublicViewCallbackCanCloseDatabase","Output":"=== RUN   TestCOWPublicViewCallbackCanCloseDatabase\n"}
{"Time":"2026-10-05T21:26:56.344815579-10:00","Action":"run","Package":"github.com/snissn/gomap/TreeDB","Test":"TestCOWPublicViewCallbackCanCloseDatabase/command_wal_durable"}
{"Time":"2026-10-05T21:26:56.34482695-10:00","Action":"output","Package":"github.com/snissn/gomap/TreeDB","Test":"TestCOWPublicViewCallbackCanCloseDatabase/command_wal_durable","Output":"=== RUN   TestCOWPublicViewCallbackCanCloseDatabase/command_wal_durable\n"}
{"Time":"2026-10-05T21:26:56.517390284-10:00","Action":"output","Package":"github.com/snissn/gomap/TreeDB","Test":"TestCOWPublicViewCallbackCanCloseDatabase/command_wal_durable","Output":"--- PASS: TestCOWPublicViewCallbackCanCloseDatabase/command_wal_durable (0.17s)\n"}
{"Time":"2026-10-05T21:26:56.517412579-10:00","Action":"pass","Package":"github.com/snissn/gomap/TreeDB","Test":"TestCOWPublicViewCallbackCanCloseDatabase/command_wal_durable","Elapsed":0.17}
{"Time":"2026-10-05T21:26:56.517420186-10:00","Action":"run","Package":"github.com/snissn/gomap/TreeDB","Test":"TestCOWPublicViewCallbackCanCloseDatabase/command_wal_relaxed"}
{"Time":"2026-10-05T21:26:56.517424144-10:00","Action":"output","Package":"github.com/snissn/gomap/TreeDB","Test":"TestCOWPublicViewCallbackCanCloseDatabase/command_wal_relaxed","Output":"=== RUN   TestCOWPublicViewCallbackCanCloseDatabase/command_wal_relaxed\n"}
{"Time":"2026-10-05T21:26:56.694830255-10:00","Action":"output","Package":"github.com/snissn/gomap/TreeDB","Test":"TestCOWPublicViewCallbackCanCloseDatabase/command_wal_relaxed","Output":"--- PASS: TestCOWPublicViewCallbackCanCloseDatabase/command_wal_relaxed (0.18s)\n"}
{"Time":"2026-10-05T21:26:56.694851929-10:00","Action":"pass","Package":"github.com/snissn/gomap/TreeDB","Test":"TestCOWPublicViewCallbackCanCloseDatabase/command_wal_relaxed","Elapsed":0.18}
{"Time":"2026-10-05T21:26:56.69485711-10:00","Action":"run","Package":"github.com/snissn/gomap/TreeDB","Test":"TestCOWPublicViewCallbackCanCloseDatabase/no_wal_fast"}
{"Time":"2026-10-05T21:26:56.694858956-10:00","Action":"output","Package":"github.com/snissn/gomap/TreeDB","Test":"TestCOWPublicViewCallbackCanCloseDatabase/no_wal_fast","Output":"=== RUN   TestCOWPublicViewCallbackCanCloseDatabase/no_wal_fast\n"}
{"Time":"2026-10-05T21:26:56.840326534-10:00","Action":"output","Package":"github.com/snissn/gomap/TreeDB","Test":"TestCOWPublicViewCallbackCanCloseDatabase/no_wal_fast","Output":"--- PASS: TestCOWPublicViewCallbackCanCloseDatabase/no_wal_fast (0.15s)\n"}
{"Time":"2026-10-05T21:26:56.840346482-10:00","Action":"pass","Package":"github.com/snissn/gomap/TreeDB","Test":"TestCOWPublicViewCallbackCanCloseDatabase/no_wal_fast","Elapsed":0.15}
{"Time":"2026-10-05T21:26:56.840351479-10:00","Action":"output","Package":"github.com/snissn/gomap/TreeDB","Test":"TestCOWPublicViewCallbackCanCloseDatabase","Output":"--- PASS: TestCOWPublicViewCallbackCanCloseDatabase (0.50s)\n"}
{"Time":"2026-10-05T21:26:56.840353651-10:00","Action":"pass","Package":"github.com/snissn/gomap/TreeDB","Test":"TestCOWPublicViewCallbackCanCloseDatabase","Elapsed":0.5}
{"Time":"2026-10-05T21:26:56.84035756-10:00","Action":"run","Package":"github.com/snissn/gomap/TreeDB","Test":"TestCOWPublicContractDirtyReadOwnership"}
{"Time":"2026-10-05T21:26:56.840359363-10:00","Action":"output","Package":"github.com/snissn/gomap/TreeDB","Test":"TestCOWPublicContractDirtyReadOwnership","Output":"=== RUN   TestCOWPublicContractDirtyReadOwnership\n"}
{"Time":"2026-10-05T21:26:56.840374406-10:00","Action":"run","Package":"github.com/snissn/gomap/TreeDB","Test":"TestCOWPublicContractDirtyReadOwnership/command_wal_durable"}
{"Time":"2026-10-05T21:26:56.840376304-10:00","Action":"output","Package":"github.com/snissn/gomap/TreeDB","Test":"TestCOWPublicContractDirtyReadOwnership/command_wal_durable","Output":"=== RUN   TestCOWPublicContractDirtyReadOwnership/command_wal_durable\n"}
{"Time":"2026-10-05T21:26:57.132146496-10:00","Action":"output","Package":"github.com/snissn/gomap/TreeDB","Test":"TestCOWPublicContractDirtyReadOwnership/command_wal_durable","Output":"--- PASS: TestCOWPublicContractDirtyReadOwnership/command_wal_durable (0.29s)\n"}
{"Time":"2026-10-05T21:26:57.132169518-10:00","Action":"pass","Package":"github.com/snissn/gomap/TreeDB","Test":"TestCOWPublicContractDirtyReadOwnership/command_wal_durable","Elapsed":0.29}
{"Time":"2026-10-05T21:26:57.132175315-10:00","Action":"run","Package":"github.com/snissn/gomap/TreeDB","Test":"TestCOWPublicContractDirtyReadOwnership/command_wal_relaxed"}
{"Time":"2026-10-05T21:26:57.132177401-10:00","Action":"output","Package":"github.com/snissn/gomap/TreeDB","Test":"TestCOWPublicContractDirtyReadOwnership/command_wal_relaxed","Output":"=== RUN   TestCOWPublicContractDirtyReadOwnership/command_wal_relaxed\n"}
{"Time":"2026-10-05T21:26:57.343313852-10:00","Action":"output","Package":"github.com/snissn/gomap/TreeDB","Test":"TestCOWPublicContractDirtyReadOwnership/command_wal_relaxed","Output":"--- PASS: TestCOWPublicContractDirtyReadOwnership/command_wal_relaxed (0.21s)\n"}
{"Time":"2026-10-05T21:26:57.343332588-10:00","Action":"pass","Package":"github.com/snissn/gomap/TreeDB","Test":"TestCOWPublicContractDirtyReadOwnership/command_wal_relaxed","Elapsed":0.21}
{"Time":"2026-10-05T21:26:57.343348982-10:00","Action":"run","Package":"github.com/snissn/gomap/TreeDB","Test":"TestCOWPublicContractDirtyReadOwnership/no_wal_fast"}
{"Time":"2026-10-05T21:26:57.343351083-10:00","Action":"output","Package":"github.com/snissn/gomap/TreeDB","Test":"TestCOWPublicContractDirtyReadOwnership/no_wal_fast","Output":"=== RUN   TestCOWPublicContractDirtyReadOwnership/no_wal_fast\n"}
{"Time":"2026-10-05T21:26:57.526656392-10:00","Action":"output","Package":"github.com/snissn/gomap/TreeDB","Test":"TestCOWPublicContractDirtyReadOwnership/no_wal_fast","Output":"--- PASS: TestCOWPublicContractDirtyReadOwnership/no_wal_fast (0.18s)\n"}
{"Time":"2026-10-05T21:26:57.526676441-10:00","Action":"pass","Package":"github.com/snissn/gomap/TreeDB","Test":"TestCOWPublicContractDirtyReadOwnership/no_wal_fast","Elapsed":0.18}
{"Time":"2026-10-05T21:26:57.526680506-10:00","Action":"output","Package":"github.com/snissn/gomap/TreeDB","Test":"TestCOWPublicContractDirtyReadOwnership","Output":"--- PASS: TestCOWPublicContractDirtyReadOwnership (0.69s)\n"}
{"Time":"2026-10-05T21:26:57.526682655-10:00","Action":"pass","Package":"github.com/snissn/gomap/TreeDB","Test":"TestCOWPublicContractDirtyReadOwnership","Elapsed":0.69}
{"Time":"2026-10-05T21:26:57.526702987-10:00","Action":"run","Package":"github.com/snissn/gomap/TreeDB","Test":"TestCOWPublicContractUnsupportedBeforeEffects"}
{"Time":"2026-10-05T21:26:57.526705095-10:00","Action":"output","Package":"github.com/snissn/gomap/TreeDB","Test":"TestCOWPublicContractUnsupportedBeforeEffects","Output":"=== RUN   TestCOWPublicContractUnsupportedBeforeEffects\n"}
{"Time":"2026-10-05T21:26:57.526706961-10:00","Action":"run","Package":"github.com/snissn/gomap/TreeDB","Test":"TestCOWPublicContractUnsupportedBeforeEffects/command_wal_durable"}
{"Time":"2026-10-05T21:26:57.52670846-10:00","Action":"output","Package":"github.com/snissn/gomap/TreeDB","Test":"TestCOWPublicContractUnsupportedBeforeEffects/command_wal_durable","Output":"=== RUN   TestCOWPublicContractUnsupportedBeforeEffects/command_wal_durable\n"}
{"Time":"2026-10-05T21:26:57.719400942-10:00","Action":"output","Package":"github.com/snissn/gomap/TreeDB","Test":"TestCOWPublicContractUnsupportedBeforeEffects/command_wal_durable","Output":"--- PASS: TestCOWPublicContractUnsupportedBeforeEffects/command_wal_durable (0.19s)\n"}
{"Time":"2026-10-05T21:26:57.719426869-10:00","Action":"pass","Package":"github.com/snissn/gomap/TreeDB","Test":"TestCOWPublicContractUnsupportedBeforeEffects/command_wal_durable","Elapsed":0.19}
{"Time":"2026-10-05T21:26:57.719432281-10:00","Action":"run","Package":"github.com/snissn/gomap/TreeDB","Test":"TestCOWPublicContractUnsupportedBeforeEffects/command_wal_relaxed"}
{"Time":"2026-10-05T21:26:57.719434163-10:00","Action":"output","Package":"github.com/snissn/gomap/TreeDB","Test":"TestCOWPublicContractUnsupportedBeforeEffects/command_wal_relaxed","Output":"=== RUN   TestCOWPublicContractUnsupportedBeforeEffects/command_wal_relaxed\n"}
{"Time":"2026-10-05T21:26:57.909237485-10:00","Action":"output","Package":"github.com/snissn/gomap/TreeDB","Test":"TestCOWPublicContractUnsupportedBeforeEffects/command_wal_relaxed","Output":"--- PASS: TestCOWPublicContractUnsupportedBeforeEffects/command_wal_relaxed (0.19s)\n"}
{"Time":"2026-10-05T21:26:57.909261681-10:00","Action":"pass","Package":"github.com/snissn/gomap/TreeDB","Test":"TestCOWPublicContractUnsupportedBeforeEffects/command_wal_relaxed","Elapsed":0.19}
{"Time":"2026-10-05T21:26:57.909267198-10:00","Action":"run","Package":"github.com/snissn/gomap/TreeDB","Test":"TestCOWPublicContractUnsupportedBeforeEffects/no_wal_fast"}
{"Time":"2026-10-05T21:26:57.909273197-10:00","Action":"output","Package":"github.com/snissn/gomap/TreeDB","Test":"TestCOWPublicContractUnsupportedBeforeEffects/no_wal_fast","Output":"=== RUN   TestCOWPublicContractUnsupportedBeforeEffects/no_wal_fast\n"}
{"Time":"2026-10-05T21:26:58.067422075-10:00","Action":"output","Package":"github.com/snissn/gomap/TreeDB","Test":"TestCOWPublicContractUnsupportedBeforeEffects/no_wal_fast","Output":"--- PASS: TestCOWPublicContractUnsupportedBeforeEffects/no_wal_fast (0.16s)\n"}
{"Time":"2026-10-05T21:26:58.067443729-10:00","Action":"pass","Package":"github.com/snissn/gomap/TreeDB","Test":"TestCOWPublicContractUnsupportedBeforeEffects/no_wal_fast","Elapsed":0.16}
{"Time":"2026-10-05T21:26:58.067447914-10:00","Action":"output","Package":"github.com/snissn/gomap/TreeDB","Test":"TestCOWPublicContractUnsupportedBeforeEffects","Output":"--- PASS: TestCOWPublicContractUnsupportedBeforeEffects (0.54s)\n"}
{"Time":"2026-10-05T21:26:58.067450154-10:00","Action":"pass","Package":"github.com/snissn/gomap/TreeDB","Test":"TestCOWPublicContractUnsupportedBeforeEffects","Elapsed":0.54}
{"Time":"2026-10-05T21:26:58.067453741-10:00","Action":"run","Package":"github.com/snissn/gomap/TreeDB","Test":"TestCOWPublicContractLargeSortedBatch"}
{"Time":"2026-10-05T21:26:58.067455546-10:00","Action":"output","Package":"github.com/snissn/gomap/TreeDB","Test":"TestCOWPublicContractLargeSortedBatch","Output":"=== RUN   TestCOWPublicContractLargeSortedBatch\n"}
{"Time":"2026-10-05T21:26:58.067457546-10:00","Action":"run","Package":"github.com/snissn/gomap/TreeDB","Test":"TestCOWPublicContractLargeSortedBatch/command_wal_durable"}
{"Time":"2026-10-05T21:26:58.067459039-10:00","Action":"output","Package":"github.com/snissn/gomap/TreeDB","Test":"TestCOWPublicContractLargeSortedBatch/command_wal_durable","Output":"=== RUN   TestCOWPublicContractLargeSortedBatch/command_wal_durable\n"}
{"Time":"2026-10-05T21:26:58.33992869-10:00","Action":"output","Package":"github.com/snissn/gomap/TreeDB","Test":"TestCOWPublicContractLargeSortedBatch/command_wal_durable","Output":"--- PASS: TestCOWPublicContractLargeSortedBatch/command_wal_durable (0.27s)\n"}
{"Time":"2026-10-05T21:26:58.339949641-10:00","Action":"pass","Package":"github.com/snissn/gomap/TreeDB","Test":"TestCOWPublicContractLargeSortedBatch/command_wal_durable","Elapsed":0.27}
{"Time":"2026-10-05T21:26:58.339955095-10:00","Action":"run","Package":"github.com/snissn/gomap/TreeDB","Test":"TestCOWPublicContractLargeSortedBatch/command_wal_relaxed"}
{"Time":"2026-10-05T21:26:58.339957013-10:00","Action":"output","Package":"github.com/snissn/gomap/TreeDB","Test":"TestCOWPublicContractLargeSortedBatch/command_wal_relaxed","Output":"=== RUN   TestCOWPublicContractLargeSortedBatch/command_wal_relaxed\n"}
{"Time":"2026-10-05T21:26:58.6095243-10:00","Action":"output","Package":"github.com/snissn/gomap/TreeDB","Test":"TestCOWPublicContractLargeSortedBatch/command_wal_relaxed","Output":"--- PASS: TestCOWPublicContractLargeSortedBatch/command_wal_relaxed (0.27s)\n"}
{"Time":"2026-10-05T21:26:58.609545037-10:00","Action":"pass","Package":"github.com/snissn/gomap/TreeDB","Test":"TestCOWPublicContractLargeSortedBatch/command_wal_relaxed","Elapsed":0.27}
{"Time":"2026-10-05T21:26:58.60955077-10:00","Action":"run","Package":"github.com/snissn/gomap/TreeDB","Test":"TestCOWPublicContractLargeSortedBatch/no_wal_fast"}
{"Time":"2026-10-05T21:26:58.609552646-10:00","Action":"output","Package":"github.com/snissn/gomap/TreeDB","Test":"TestCOWPublicContractLargeSortedBatch/no_wal_fast","Output":"=== RUN   TestCOWPublicContractLargeSortedBatch/no_wal_fast\n"}
{"Time":"2026-10-05T21:26:58.857058052-10:00","Action":"output","Package":"github.com/snissn/gomap/TreeDB","Test":"TestCOWPublicContractLargeSortedBatch/no_wal_fast","Output":"--- PASS: TestCOWPublicContractLargeSortedBatch/no_wal_fast (0.25s)\n"}
{"Time":"2026-10-05T21:26:58.857077052-10:00","Action":"pass","Package":"github.com/snissn/gomap/TreeDB","Test":"TestCOWPublicContractLargeSortedBatch/no_wal_fast","Elapsed":0.25}
{"Time":"2026-10-05T21:26:58.857080823-10:00","Action":"output","Package":"github.com/snissn/gomap/TreeDB","Test":"TestCOWPublicContractLargeSortedBatch","Output":"--- PASS: TestCOWPublicContractLargeSortedBatch (0.79s)\n"}
{"Time":"2026-10-05T21:26:58.85708306-10:00","Action":"pass","Package":"github.com/snissn/gomap/TreeDB","Test":"TestCOWPublicContractLargeSortedBatch","Elapsed":0.79}
{"Time":"2026-10-05T21:26:58.857086989-10:00","Action":"run","Package":"github.com/snissn/gomap/TreeDB","Test":"TestCOWPublicContractCheckpointCloseReopen"}
{"Time":"2026-10-05T21:26:58.857088797-10:00","Action":"output","Package":"github.com/snissn/gomap/TreeDB","Test":"TestCOWPublicContractCheckpointCloseReopen","Output":"=== RUN   TestCOWPublicContractCheckpointCloseReopen\n"}
{"Time":"2026-10-05T21:26:58.857100706-10:00","Action":"run","Package":"github.com/snissn/gomap/TreeDB","Test":"TestCOWPublicContractCheckpointCloseReopen/command_wal_durable"}
{"Time":"2026-10-05T21:26:58.857102587-10:00","Action":"output","Package":"github.com/snissn/gomap/TreeDB","Test":"TestCOWPublicContractCheckpointCloseReopen/command_wal_durable","Output":"=== RUN   TestCOWPublicContractCheckpointCloseReopen/command_wal_durable\n"}
{"Time":"2026-10-05T21:26:59.167925966-10:00","Action":"output","Package":"github.com/snissn/gomap/TreeDB","Test":"TestCOWPublicContractCheckpointCloseReopen/command_wal_durable","Output":"--- PASS: TestCOWPublicContractCheckpointCloseReopen/command_wal_durable (0.31s)\n"}
{"Time":"2026-10-05T21:26:59.167947141-10:00","Action":"pass","Package":"github.com/snissn/gomap/TreeDB","Test":"TestCOWPublicContractCheckpointCloseReopen/command_wal_durable","Elapsed":0.31}
{"Time":"2026-10-05T21:26:59.167951104-10:00","Action":"run","Package":"github.com/snissn/gomap/TreeDB","Test":"TestCOWPublicContractCheckpointCloseReopen/command_wal_relaxed"}
{"Time":"2026-10-05T21:26:59.167953058-10:00","Action":"output","Package":"github.com/snissn/gomap/TreeDB","Test":"TestCOWPublicContractCheckpointCloseReopen/command_wal_relaxed","Output":"=== RUN   TestCOWPublicContractCheckpointCloseReopen/command_wal_relaxed\n"}
{"Time":"2026-10-05T21:26:59.48122778-10:00","Action":"output","Package":"github.com/snissn/gomap/TreeDB","Test":"TestCOWPublicContractCheckpointCloseReopen/command_wal_relaxed","Output":"--- PASS: TestCOWPublicContractCheckpointCloseReopen/command_wal_relaxed (0.31s)\n"}
{"Time":"2026-10-05T21:26:59.481249973-10:00","Action":"pass","Package":"github.com/snissn/gomap/TreeDB","Test":"TestCOWPublicContractCheckpointCloseReopen/command_wal_relaxed","Elapsed":0.31}
{"Time":"2026-10-05T21:26:59.48125574-10:00","Action":"run","Package":"github.com/snissn/gomap/TreeDB","Test":"TestCOWPublicContractCheckpointCloseReopen/no_wal_fast"}
{"Time":"2026-10-05T21:26:59.481257636-10:00","Action":"output","Package":"github.com/snissn/gomap/TreeDB","Test":"TestCOWPublicContractCheckpointCloseReopen/no_wal_fast","Output":"=== RUN   TestCOWPublicContractCheckpointCloseReopen/no_wal_fast\n"}
{"Time":"2026-10-05T21:26:59.714509831-10:00","Action":"output","Package":"github.com/snissn/gomap/TreeDB","Test":"TestCOWPublicContractCheckpointCloseReopen/no_wal_fast","Output":"--- PASS: TestCOWPublicContractCheckpointCloseReopen/no_wal_fast (0.23s)\n"}
{"Time":"2026-10-05T21:26:59.714530432-10:00","Action":"pass","Package":"github.com/snissn/gomap/TreeDB","Test":"TestCOWPublicContractCheckpointCloseReopen/no_wal_fast","Elapsed":0.23}
{"Time":"2026-10-05T21:26:59.714541069-10:00","Action":"output","Package":"github.com/snissn/gomap/TreeDB","Test":"TestCOWPublicContractCheckpointCloseReopen","Output":"--- PASS: TestCOWPublicContractCheckpointCloseReopen (0.86s)\n"}
{"Time":"2026-10-05T21:26:59.714546563-10:00","Action":"pass","Package":"github.com/snissn/gomap/TreeDB","Test":"TestCOWPublicContractCheckpointCloseReopen","Elapsed":0.86}
{"Time":"2026-10-05T21:26:59.714549772-10:00","Action":"run","Package":"github.com/snissn/gomap/TreeDB","Test":"TestCOWPublicContractInvalidOpenHasNoStorageEffect"}
{"Time":"2026-10-05T21:26:59.714551354-10:00","Action":"output","Package":"github.com/snissn/gomap/TreeDB","Test":"TestCOWPublicContractInvalidOpenHasNoStorageEffect","Output":"=== RUN   TestCOWPublicContractInvalidOpenHasNoStorageEffect\n"}
{"Time":"2026-10-05T21:26:59.714553301-10:00","Action":"run","Package":"github.com/snissn/gomap/TreeDB","Test":"TestCOWPublicContractInvalidOpenHasNoStorageEffect/command_wal_durable"}
{"Time":"2026-10-05T21:26:59.714554837-10:00","Action":"output","Package":"github.com/snissn/gomap/TreeDB","Test":"TestCOWPublicContractInvalidOpenHasNoStorageEffect/command_wal_durable","Output":"=== RUN   TestCOWPublicContractInvalidOpenHasNoStorageEffect/command_wal_durable\n"}
{"Time":"2026-10-05T21:26:59.714650103-10:00","Action":"output","Package":"github.com/snissn/gomap/TreeDB","Test":"TestCOWPublicContractInvalidOpenHasNoStorageEffect/command_wal_durable","Output":"--- PASS: TestCOWPublicContractInvalidOpenHasNoStorageEffect/command_wal_durable (0.00s)\n"}
{"Time":"2026-10-05T21:26:59.714652654-10:00","Action":"pass","Package":"github.com/snissn/gomap/TreeDB","Test":"TestCOWPublicContractInvalidOpenHasNoStorageEffect/command_wal_durable","Elapsed":0}
{"Time":"2026-10-05T21:26:59.714663993-10:00","Action":"run","Package":"github.com/snissn/gomap/TreeDB","Test":"TestCOWPublicContractInvalidOpenHasNoStorageEffect/command_wal_relaxed"}
{"Time":"2026-10-05T21:26:59.714665706-10:00","Action":"output","Package":"github.com/snissn/gomap/TreeDB","Test":"TestCOWPublicContractInvalidOpenHasNoStorageEffect/command_wal_relaxed","Output":"=== RUN   TestCOWPublicContractInvalidOpenHasNoStorageEffect/command_wal_relaxed\n"}
{"Time":"2026-10-05T21:26:59.714759088-10:00","Action":"output","Package":"github.com/snissn/gomap/TreeDB","Test":"TestCOWPublicContractInvalidOpenHasNoStorageEffect/command_wal_relaxed","Output":"--- PASS: TestCOWPublicContractInvalidOpenHasNoStorageEffect/command_wal_relaxed (0.00s)\n"}
{"Time":"2026-10-05T21:26:59.7147628-10:00","Action":"pass","Package":"github.com/snissn/gomap/TreeDB","Test":"TestCOWPublicContractInvalidOpenHasNoStorageEffect/command_wal_relaxed","Elapsed":0}
{"Time":"2026-10-05T21:26:59.714773082-10:00","Action":"run","Package":"github.com/snissn/gomap/TreeDB","Test":"TestCOWPublicContractInvalidOpenHasNoStorageEffect/no_wal_fast"}
{"Time":"2026-10-05T21:26:59.714775042-10:00","Action":"output","Package":"github.com/snissn/gomap/TreeDB","Test":"TestCOWPublicContractInvalidOpenHasNoStorageEffect/no_wal_fast","Output":"=== RUN   TestCOWPublicContractInvalidOpenHasNoStorageEffect/no_wal_fast\n"}
{"Time":"2026-10-05T21:26:59.714853457-10:00","Action":"output","Package":"github.com/snissn/gomap/TreeDB","Test":"TestCOWPublicContractInvalidOpenHasNoStorageEffect/no_wal_fast","Output":"--- PASS: TestCOWPublicContractInvalidOpenHasNoStorageEffect/no_wal_fast (0.00s)\n"}
{"Time":"2026-10-05T21:26:59.714856523-10:00","Action":"pass","Package":"github.com/snissn/gomap/TreeDB","Test":"TestCOWPublicContractInvalidOpenHasNoStorageEffect/no_wal_fast","Elapsed":0}
{"Time":"2026-10-05T21:26:59.714859567-10:00","Action":"output","Package":"github.com/snissn/gomap/TreeDB","Test":"TestCOWPublicContractInvalidOpenHasNoStorageEffect","Output":"--- PASS: TestCOWPublicContractInvalidOpenHasNoStorageEffect (0.00s)\n"}
{"Time":"2026-10-05T21:26:59.714863898-10:00","Action":"pass","Package":"github.com/snissn/gomap/TreeDB","Test":"TestCOWPublicContractInvalidOpenHasNoStorageEffect","Elapsed":0}
{"Time":"2026-10-05T21:26:59.714867404-10:00","Action":"run","Package":"github.com/snissn/gomap/TreeDB","Test":"TestCOWPublicContractCapacityRefusalHasNoPointEffects"}
{"Time":"2026-10-05T21:26:59.71487197-10:00","Action":"output","Package":"github.com/snissn/gomap/TreeDB","Test":"TestCOWPublicContractCapacityRefusalHasNoPointEffects","Output":"=== RUN   TestCOWPublicContractCapacityRefusalHasNoPointEffects\n"}
{"Time":"2026-10-05T21:26:59.714885115-10:00","Action":"run","Package":"github.com/snissn/gomap/TreeDB","Test":"TestCOWPublicContractCapacityRefusalHasNoPointEffects/command_wal_durable"}
{"Time":"2026-10-05T21:26:59.714886801-10:00","Action":"output","Package":"github.com/snissn/gomap/TreeDB","Test":"TestCOWPublicContractCapacityRefusalHasNoPointEffects/command_wal_durable","Output":"=== RUN   TestCOWPublicContractCapacityRefusalHasNoPointEffects/command_wal_durable\n"}
{"Time":"2026-10-05T21:26:59.898677993-10:00","Action":"output","Package":"github.com/snissn/gomap/TreeDB","Test":"TestCOWPublicContractCapacityRefusalHasNoPointEffects/command_wal_durable","Output":"--- PASS: TestCOWPublicContractCapacityRefusalHasNoPointEffects/command_wal_durable (0.18s)\n"}
{"Time":"2026-10-05T21:26:59.898727624-10:00","Action":"pass","Package":"github.com/snissn/gomap/TreeDB","Test":"TestCOWPublicContractCapacityRefusalHasNoPointEffects/command_wal_durable","Elapsed":0.18}
{"Time":"2026-10-05T21:26:59.898738358-10:00","Action":"run","Package":"github.com/snissn/gomap/TreeDB","Test":"TestCOWPublicContractCapacityRefusalHasNoPointEffects/command_wal_relaxed"}
{"Time":"2026-10-05T21:26:59.89874123-10:00","Action":"output","Package":"github.com/snissn/gomap/TreeDB","Test":"TestCOWPublicContractCapacityRefusalHasNoPointEffects/command_wal_relaxed","Output":"=== RUN   TestCOWPublicContractCapacityRefusalHasNoPointEffects/command_wal_relaxed\n"}
{"Time":"2026-10-05T21:27:00.077442096-10:00","Action":"output","Package":"github.com/snissn/gomap/TreeDB","Test":"TestCOWPublicContractCapacityRefusalHasNoPointEffects/command_wal_relaxed","Output":"--- PASS: TestCOWPublicContractCapacityRefusalHasNoPointEffects/command_wal_relaxed (0.18s)\n"}
{"Time":"2026-10-05T21:27:00.077467748-10:00","Action":"pass","Package":"github.com/snissn/gomap/TreeDB","Test":"TestCOWPublicContractCapacityRefusalHasNoPointEffects/command_wal_relaxed","Elapsed":0.18}
{"Time":"2026-10-05T21:27:00.077476088-10:00","Action":"run","Package":"github.com/snissn/gomap/TreeDB","Test":"TestCOWPublicContractCapacityRefusalHasNoPointEffects/no_wal_fast"}
{"Time":"2026-10-05T21:27:00.077479108-10:00","Action":"output","Package":"github.com/snissn/gomap/TreeDB","Test":"TestCOWPublicContractCapacityRefusalHasNoPointEffects/no_wal_fast","Output":"=== RUN   TestCOWPublicContractCapacityRefusalHasNoPointEffects/no_wal_fast\n"}
{"Time":"2026-10-05T21:27:00.223904422-10:00","Action":"output","Package":"github.com/snissn/gomap/TreeDB","Test":"TestCOWPublicContractCapacityRefusalHasNoPointEffects/no_wal_fast","Output":"--- PASS: TestCOWPublicContractCapacityRefusalHasNoPointEffects/no_wal_fast (0.15s)\n"}
{"Time":"2026-10-05T21:27:00.223922947-10:00","Action":"pass","Package":"github.com/snissn/gomap/TreeDB","Test":"TestCOWPublicContractCapacityRefusalHasNoPointEffects/no_wal_fast","Elapsed":0.15}
{"Time":"2026-10-05T21:27:00.22392746-10:00","Action":"output","Package":"github.com/snissn/gomap/TreeDB","Test":"TestCOWPublicContractCapacityRefusalHasNoPointEffects","Output":"--- PASS: TestCOWPublicContractCapacityRefusalHasNoPointEffects (0.51s)\n"}
{"Time":"2026-10-05T21:27:00.223929613-10:00","Action":"pass","Package":"github.com/snissn/gomap/TreeDB","Test":"TestCOWPublicContractCapacityRefusalHasNoPointEffects","Elapsed":0.51}
{"Time":"2026-10-05T21:27:00.224033303-10:00","Action":"run","Package":"github.com/snissn/gomap/TreeDB","Test":"TestCOWPublicCompactIndexIncludesDirtyActiveCut"}
{"Time":"2026-10-05T21:27:00.224036305-10:00","Action":"output","Package":"github.com/snissn/gomap/TreeDB","Test":"TestCOWPublicCompactIndexIncludesDirtyActiveCut","Output":"=== RUN   TestCOWPublicCompactIndexIncludesDirtyActiveCut\n"}
{"Time":"2026-10-05T21:27:00.22406655-10:00","Action":"run","Package":"github.com/snissn/gomap/TreeDB","Test":"TestCOWPublicCompactIndexIncludesDirtyActiveCut/command_wal_durable"}
{"Time":"2026-10-05T21:27:00.224068529-10:00","Action":"output","Package":"github.com/snissn/gomap/TreeDB","Test":"TestCOWPublicCompactIndexIncludesDirtyActiveCut/command_wal_durable","Output":"=== RUN   TestCOWPublicCompactIndexIncludesDirtyActiveCut/command_wal_durable\n"}
{"Time":"2026-10-05T21:27:00.458732426-10:00","Action":"output","Package":"github.com/snissn/gomap/TreeDB","Test":"TestCOWPublicCompactIndexIncludesDirtyActiveCut/command_wal_durable","Output":"--- PASS: TestCOWPublicCompactIndexIncludesDirtyActiveCut/command_wal_durable (0.23s)\n"}
{"Time":"2026-10-05T21:27:00.458753848-10:00","Action":"pass","Package":"github.com/snissn/gomap/TreeDB","Test":"TestCOWPublicCompactIndexIncludesDirtyActiveCut/command_wal_durable","Elapsed":0.23}
{"Time":"2026-10-05T21:27:00.458759396-10:00","Action":"run","Package":"github.com/snissn/gomap/TreeDB","Test":"TestCOWPublicCompactIndexIncludesDirtyActiveCut/command_wal_relaxed"}
{"Time":"2026-10-05T21:27:00.458761248-10:00","Action":"output","Package":"github.com/snissn/gomap/TreeDB","Test":"TestCOWPublicCompactIndexIncludesDirtyActiveCut/command_wal_relaxed","Output":"=== RUN   TestCOWPublicCompactIndexIncludesDirtyActiveCut/command_wal_relaxed\n"}
{"Time":"2026-10-05T21:27:00.68020474-10:00","Action":"output","Package":"github.com/snissn/gomap/TreeDB","Test":"TestCOWPublicCompactIndexIncludesDirtyActiveCut/command_wal_relaxed","Output":"--- PASS: TestCOWPublicCompactIndexIncludesDirtyActiveCut/command_wal_relaxed (0.22s)\n"}
{"Time":"2026-10-05T21:27:00.680226497-10:00","Action":"pass","Package":"github.com/snissn/gomap/TreeDB","Test":"TestCOWPublicCompactIndexIncludesDirtyActiveCut/command_wal_relaxed","Elapsed":0.22}
{"Time":"2026-10-05T21:27:00.680240256-10:00","Action":"run","Package":"github.com/snissn/gomap/TreeDB","Test":"TestCOWPublicCompactIndexIncludesDirtyActiveCut/no_wal_fast"}
{"Time":"2026-10-05T21:27:00.680242173-10:00","Action":"output","Package":"github.com/snissn/gomap/TreeDB","Test":"TestCOWPublicCompactIndexIncludesDirtyActiveCut/no_wal_fast","Output":"=== RUN   TestCOWPublicCompactIndexIncludesDirtyActiveCut/no_wal_fast\n"}
{"Time":"2026-10-05T21:27:00.881253-10:00","Action":"output","Package":"github.com/snissn/gomap/TreeDB","Test":"TestCOWPublicCompactIndexIncludesDirtyActiveCut/no_wal_fast","Output":"--- PASS: TestCOWPublicCompactIndexIncludesDirtyActiveCut/no_wal_fast (0.20s)\n"}
{"Time":"2026-10-05T21:27:00.881273648-10:00","Action":"pass","Package":"github.com/snissn/gomap/TreeDB","Test":"TestCOWPublicCompactIndexIncludesDirtyActiveCut/no_wal_fast","Elapsed":0.2}
{"Time":"2026-10-05T21:27:00.881278712-10:00","Action":"output","Package":"github.com/snissn/gomap/TreeDB","Test":"TestCOWPublicCompactIndexIncludesDirtyActiveCut","Output":"--- PASS: TestCOWPublicCompactIndexIncludesDirtyActiveCut (0.66s)\n"}
{"Time":"2026-10-05T21:27:00.881280925-10:00","Action":"pass","Package":"github.com/snissn/gomap/TreeDB","Test":"TestCOWPublicCompactIndexIncludesDirtyActiveCut","Elapsed":0.66}
{"Time":"2026-10-05T21:27:00.881552961-10:00","Action":"run","Package":"github.com/snissn/gomap/TreeDB","Test":"TestCOWPublicRetentionRefusalDrainAndResume"}
{"Time":"2026-10-05T21:27:00.881555177-10:00","Action":"output","Package":"github.com/snissn/gomap/TreeDB","Test":"TestCOWPublicRetentionRefusalDrainAndResume","Output":"=== RUN   TestCOWPublicRetentionRefusalDrainAndResume\n"}
{"Time":"2026-10-05T21:27:00.88160466-10:00","Action":"run","Package":"github.com/snissn/gomap/TreeDB","Test":"TestCOWPublicRetentionRefusalDrainAndResume/command_wal_durable"}
{"Time":"2026-10-05T21:27:00.881606709-10:00","Action":"output","Package":"github.com/snissn/gomap/TreeDB","Test":"TestCOWPublicRetentionRefusalDrainAndResume/command_wal_durable","Output":"=== RUN   TestCOWPublicRetentionRefusalDrainAndResume/command_wal_durable\n"}
{"Time":"2026-10-05T21:27:11.175141794-10:00","Action":"output","Package":"github.com/snissn/gomap/TreeDB","Test":"TestCOWPublicRetentionRefusalDrainAndResume/command_wal_durable","Output":"    cow_public_retention_test.go:181: COW_PUBLIC_RETENTION {\"accepted_updates\":1398,\"closed\":{\"TotalBytes\":0,\"HistoryBytes\":0,\"ReservedBytes\":0,\"RetiredBytes\":0,\"PeakBytes\":1680784,\"ControlBytes\":0,\"DeferredBytes\":0,\"ExternalBytes\":0,\"Views\":0,\"Generations\":0,\"Sources\":0,\"ExternalLeases\":0},\"drained\":{\"TotalBytes\":1580512,\"HistoryBytes\":1571296,\"ReservedBytes\":8960,\"RetiredBytes\":0,\"PeakBytes\":1608816,\"ControlBytes\":256,\"DeferredBytes\":0,\"ExternalBytes\":8960,\"Views\":0,\"Generations\":2,\"Sources\":0,\"ExternalLeases\":5},\"limits\":{\"MaxViews\":8,\"MaxGenerations\":6,\"MaxSources\":6,\"MaxResources\":32,\"MaxGenerationBytes\":1048576,\"MaxTotalBytes\":536870912,\"MaxRetiredBytes\":536870912,\"MaxInFlightBytes\":67108864},\"plateau\":{\"TotalBytes\":1603440,\"HistoryBytes\":1582368,\"ReservedBytes\":19728,\"RetiredBytes\":11072,\"PeakBytes\":1608816,\"ControlBytes\":256,\"DeferredBytes\":0,\"ExternalBytes\":19728,\"Views\":2,\"Generations\":6,\"Sources\":4,\"ExternalLeases\":13},\"resumed\":{\"TotalBytes\":13360,\"HistoryBytes\":4144,\"ReservedBytes\":8960,\"RetiredB"}
{"Time":"2026-10-05T21:27:11.175178669-10:00","Action":"output","Package":"github.com/snissn/gomap/TreeDB","Test":"TestCOWPublicRetentionRefusalDrainAndResume/command_wal_durable","Output":"ytes\":0,\"PeakBytes\":1680784,\"ControlBytes\":256,\"DeferredBytes\":0,\"ExternalBytes\":8960,\"Views\":0,\"Generations\":2,\"Sources\":0,\"ExternalLeases\":5}}\n"}
{"Time":"2026-10-05T21:27:11.205100437-10:00","Action":"output","Package":"github.com/snissn/gomap/TreeDB","Test":"TestCOWPublicRetentionRefusalDrainAndResume/command_wal_durable","Output":"--- PASS: TestCOWPublicRetentionRefusalDrainAndResume/command_wal_durable (10.32s)\n"}
{"Time":"2026-10-05T21:27:11.205113378-10:00","Action":"pass","Package":"github.com/snissn/gomap/TreeDB","Test":"TestCOWPublicRetentionRefusalDrainAndResume/command_wal_durable","Elapsed":10.32}
{"Time":"2026-10-05T21:27:11.205129177-10:00","Action":"run","Package":"github.com/snissn/gomap/TreeDB","Test":"TestCOWPublicRetentionRefusalDrainAndResume/command_wal_relaxed"}
{"Time":"2026-10-05T21:27:11.20513256-10:00","Action":"output","Package":"github.com/snissn/gomap/TreeDB","Test":"TestCOWPublicRetentionRefusalDrainAndResume/command_wal_relaxed","Output":"=== RUN   TestCOWPublicRetentionRefusalDrainAndResume/command_wal_relaxed\n"}
{"Time":"2026-10-05T21:27:12.624324969-10:00","Action":"output","Package":"github.com/snissn/gomap/TreeDB","Test":"TestCOWPublicRetentionRefusalDrainAndResume/command_wal_relaxed","Output":"    cow_public_retention_test.go:181: COW_PUBLIC_RETENTION {\"accepted_updates\":1398,\"closed\":{\"TotalBytes\":0,\"HistoryBytes\":0,\"ReservedBytes\":0,\"RetiredBytes\":0,\"PeakBytes\":1680784,\"ControlBytes\":0,\"DeferredBytes\":0,\"ExternalBytes\":0,\"Views\":0,\"Generations\":0,\"Sources\":0,\"ExternalLeases\":0},\"drained\":{\"TotalBytes\":1580512,\"HistoryBytes\":1571296,\"ReservedBytes\":8960,\"RetiredBytes\":0,\"PeakBytes\":1608816,\"ControlBytes\":256,\"DeferredBytes\":0,\"ExternalBytes\":8960,\"Views\":0,\"Generations\":2,\"Sources\":0,\"ExternalLeases\":5},\"limits\":{\"MaxViews\":8,\"MaxGenerations\":6,\"MaxSources\":6,\"MaxResources\":32,\"MaxGenerationBytes\":1048576,\"MaxTotalBytes\":536870912,\"MaxRetiredBytes\":536870912,\"MaxInFlightBytes\":67108864},\"plateau\":{\"TotalBytes\":1603440,\"HistoryBytes\":1582368,\"ReservedBytes\":19728,\"RetiredBytes\":11072,\"PeakBytes\":1608816,\"ControlBytes\":256,\"DeferredBytes\":0,\"ExternalBytes\":19728,\"Views\":2,\"Generations\":6,\"Sources\":4,\"ExternalLeases\":13},\"resumed\":{\"TotalBytes\":13360,\"HistoryBytes\":4144,\"ReservedBytes\":8960,\"RetiredB"}
{"Time":"2026-10-05T21:27:12.624351012-10:00","Action":"output","Package":"github.com/snissn/gomap/TreeDB","Test":"TestCOWPublicRetentionRefusalDrainAndResume/command_wal_relaxed","Output":"ytes\":0,\"PeakBytes\":1680784,\"ControlBytes\":256,\"DeferredBytes\":0,\"ExternalBytes\":8960,\"Views\":0,\"Generations\":2,\"Sources\":0,\"ExternalLeases\":5}}\n"}
{"Time":"2026-10-05T21:27:12.653962625-10:00","Action":"output","Package":"github.com/snissn/gomap/TreeDB","Test":"TestCOWPublicRetentionRefusalDrainAndResume/command_wal_relaxed","Output":"--- PASS: TestCOWPublicRetentionRefusalDrainAndResume/command_wal_relaxed (1.45s)\n"}
{"Time":"2026-10-05T21:27:12.653979606-10:00","Action":"pass","Package":"github.com/snissn/gomap/TreeDB","Test":"TestCOWPublicRetentionRefusalDrainAndResume/command_wal_relaxed","Elapsed":1.45}
{"Time":"2026-10-05T21:27:12.65398445-10:00","Action":"run","Package":"github.com/snissn/gomap/TreeDB","Test":"TestCOWPublicRetentionRefusalDrainAndResume/no_wal_fast"}
{"Time":"2026-10-05T21:27:12.653986245-10:00","Action":"output","Package":"github.com/snissn/gomap/TreeDB","Test":"TestCOWPublicRetentionRefusalDrainAndResume/no_wal_fast","Output":"=== RUN   TestCOWPublicRetentionRefusalDrainAndResume/no_wal_fast\n"}
{"Time":"2026-10-05T21:27:13.925325336-10:00","Action":"output","Package":"github.com/snissn/gomap/TreeDB","Test":"TestCOWPublicRetentionRefusalDrainAndResume/no_wal_fast","Output":"    cow_public_retention_test.go:181: COW_PUBLIC_RETENTION {\"accepted_updates\":1398,\"closed\":{\"TotalBytes\":0,\"HistoryBytes\":0,\"ReservedBytes\":0,\"RetiredBytes\":0,\"PeakBytes\":1680784,\"ControlBytes\":0,\"DeferredBytes\":0,\"ExternalBytes\":0,\"Views\":0,\"Generations\":0,\"Sources\":0,\"ExternalLeases\":0},\"drained\":{\"TotalBytes\":1580512,\"HistoryBytes\":1571296,\"ReservedBytes\":8960,\"RetiredBytes\":0,\"PeakBytes\":1607760,\"ControlBytes\":256,\"DeferredBytes\":0,\"ExternalBytes\":8960,\"Views\":0,\"Generations\":2,\"Sources\":0,\"ExternalLeases\":5},\"limits\":{\"MaxViews\":8,\"MaxGenerations\":6,\"MaxSources\":6,\"MaxResources\":32,\"MaxGenerationBytes\":1048576,\"MaxTotalBytes\":536870912,\"MaxRetiredBytes\":536870912,\"MaxInFlightBytes\":67108864},\"plateau\":{\"TotalBytes\":1603440,\"HistoryBytes\":1582368,\"ReservedBytes\":19728,\"RetiredBytes\":11072,\"PeakBytes\":1607760,\"ControlBytes\":256,\"DeferredBytes\":0,\"ExternalBytes\":19728,\"Views\":2,\"Generations\":6,\"Sources\":4,\"ExternalLeases\":13},\"resumed\":{\"TotalBytes\":13360,\"HistoryBytes\":4144,\"ReservedBytes\":8960,\"RetiredB"}
{"Time":"2026-10-05T21:27:13.925349393-10:00","Action":"output","Package":"github.com/snissn/gomap/TreeDB","Test":"TestCOWPublicRetentionRefusalDrainAndResume/no_wal_fast","Output":"ytes\":0,\"PeakBytes\":1680784,\"ControlBytes\":256,\"DeferredBytes\":0,\"ExternalBytes\":8960,\"Views\":0,\"Generations\":2,\"Sources\":0,\"ExternalLeases\":5}}\n"}
{"Time":"2026-10-05T21:27:13.926137458-10:00","Action":"output","Package":"github.com/snissn/gomap/TreeDB","Test":"TestCOWPublicRetentionRefusalDrainAndResume/no_wal_fast","Output":"--- PASS: TestCOWPublicRetentionRefusalDrainAndResume/no_wal_fast (1.27s)\n"}
{"Time":"2026-10-05T21:27:13.926142968-10:00","Action":"pass","Package":"github.com/snissn/gomap/TreeDB","Test":"TestCOWPublicRetentionRefusalDrainAndResume/no_wal_fast","Elapsed":1.27}
{"Time":"2026-10-05T21:27:13.926147034-10:00","Action":"output","Package":"github.com/snissn/gomap/TreeDB","Test":"TestCOWPublicRetentionRefusalDrainAndResume","Output":"--- PASS: TestCOWPublicRetentionRefusalDrainAndResume (13.04s)\n"}
{"Time":"2026-10-05T21:27:13.926149139-10:00","Action":"pass","Package":"github.com/snissn/gomap/TreeDB","Test":"TestCOWPublicRetentionRefusalDrainAndResume","Elapsed":13.04}
{"Time":"2026-10-05T21:27:13.926247337-10:00","Action":"run","Package":"github.com/snissn/gomap/TreeDB","Test":"TestCOWPublicEmptyBatchWriteAndSync"}
{"Time":"2026-10-05T21:27:13.926249412-10:00","Action":"output","Package":"github.com/snissn/gomap/TreeDB","Test":"TestCOWPublicEmptyBatchWriteAndSync","Output":"=== RUN   TestCOWPublicEmptyBatchWriteAndSync\n"}
{"Time":"2026-10-05T21:27:13.926263893-10:00","Action":"run","Package":"github.com/snissn/gomap/TreeDB","Test":"TestCOWPublicEmptyBatchWriteAndSync/command_wal_durable"}
{"Time":"2026-10-05T21:27:13.926265861-10:00","Action":"output","Package":"github.com/snissn/gomap/TreeDB","Test":"TestCOWPublicEmptyBatchWriteAndSync/command_wal_durable","Output":"=== RUN   TestCOWPublicEmptyBatchWriteAndSync/command_wal_durable\n"}
{"Time":"2026-10-05T21:27:14.117949798-10:00","Action":"output","Package":"github.com/snissn/gomap/TreeDB","Test":"TestCOWPublicEmptyBatchWriteAndSync/command_wal_durable","Output":"--- PASS: TestCOWPublicEmptyBatchWriteAndSync/command_wal_durable (0.19s)\n"}
{"Time":"2026-10-05T21:27:14.11796929-10:00","Action":"pass","Package":"github.com/snissn/gomap/TreeDB","Test":"TestCOWPublicEmptyBatchWriteAndSync/command_wal_durable","Elapsed":0.19}
{"Time":"2026-10-05T21:27:14.117975002-10:00","Action":"run","Package":"github.com/snissn/gomap/TreeDB","Test":"TestCOWPublicEmptyBatchWriteAndSync/command_wal_relaxed"}
{"Time":"2026-10-05T21:27:14.117977283-10:00","Action":"output","Package":"github.com/snissn/gomap/TreeDB","Test":"TestCOWPublicEmptyBatchWriteAndSync/command_wal_relaxed","Output":"=== RUN   TestCOWPublicEmptyBatchWriteAndSync/command_wal_relaxed\n"}
{"Time":"2026-10-05T21:27:14.306649231-10:00","Action":"output","Package":"github.com/snissn/gomap/TreeDB","Test":"TestCOWPublicEmptyBatchWriteAndSync/command_wal_relaxed","Output":"--- PASS: TestCOWPublicEmptyBatchWriteAndSync/command_wal_relaxed (0.19s)\n"}
{"Time":"2026-10-05T21:27:14.306670991-10:00","Action":"pass","Package":"github.com/snissn/gomap/TreeDB","Test":"TestCOWPublicEmptyBatchWriteAndSync/command_wal_relaxed","Elapsed":0.19}
{"Time":"2026-10-05T21:27:14.306676709-10:00","Action":"run","Package":"github.com/snissn/gomap/TreeDB","Test":"TestCOWPublicEmptyBatchWriteAndSync/no_wal_fast"}
{"Time":"2026-10-05T21:27:14.306678524-10:00","Action":"output","Package":"github.com/snissn/gomap/TreeDB","Test":"TestCOWPublicEmptyBatchWriteAndSync/no_wal_fast","Output":"=== RUN   TestCOWPublicEmptyBatchWriteAndSync/no_wal_fast\n"}
{"Time":"2026-10-05T21:27:14.473830393-10:00","Action":"output","Package":"github.com/snissn/gomap/TreeDB","Test":"TestCOWPublicEmptyBatchWriteAndSync/no_wal_fast","Output":"--- PASS: TestCOWPublicEmptyBatchWriteAndSync/no_wal_fast (0.17s)\n"}
{"Time":"2026-10-05T21:27:14.473853611-10:00","Action":"pass","Package":"github.com/snissn/gomap/TreeDB","Test":"TestCOWPublicEmptyBatchWriteAndSync/no_wal_fast","Elapsed":0.17}
{"Time":"2026-10-05T21:27:14.473858025-10:00","Action":"output","Package":"github.com/snissn/gomap/TreeDB","Test":"TestCOWPublicEmptyBatchWriteAndSync","Output":"--- PASS: TestCOWPublicEmptyBatchWriteAndSync (0.55s)\n"}
{"Time":"2026-10-05T21:27:14.473860204-10:00","Action":"pass","Package":"github.com/snissn/gomap/TreeDB","Test":"TestCOWPublicEmptyBatchWriteAndSync","Elapsed":0.55}
{"Time":"2026-10-05T21:27:14.47389691-10:00","Action":"run","Package":"github.com/snissn/gomap/TreeDB","Test":"TestCOWPublicEmptyCheckpointLeafRegistrationProgress"}
{"Time":"2026-10-05T21:27:14.473901009-10:00","Action":"output","Package":"github.com/snissn/gomap/TreeDB","Test":"TestCOWPublicEmptyCheckpointLeafRegistrationProgress","Output":"=== RUN   TestCOWPublicEmptyCheckpointLeafRegistrationProgress\n"}
{"Time":"2026-10-05T21:27:14.473915113-10:00","Action":"run","Package":"github.com/snissn/gomap/TreeDB","Test":"TestCOWPublicEmptyCheckpointLeafRegistrationProgress/command_wal_durable"}
{"Time":"2026-10-05T21:27:14.473919489-10:00","Action":"output","Package":"github.com/snissn/gomap/TreeDB","Test":"TestCOWPublicEmptyCheckpointLeafRegistrationProgress/command_wal_durable","Output":"=== RUN   TestCOWPublicEmptyCheckpointLeafRegistrationProgress/command_wal_durable\n"}
{"Time":"2026-10-05T21:27:14.854841375-10:00","Action":"output","Package":"github.com/snissn/gomap/TreeDB","Test":"TestCOWPublicEmptyCheckpointLeafRegistrationProgress/command_wal_durable","Output":"--- PASS: TestCOWPublicEmptyCheckpointLeafRegistrationProgress/command_wal_durable (0.38s)\n"}
{"Time":"2026-10-05T21:27:14.854870617-10:00","Action":"pass","Package":"github.com/snissn/gomap/TreeDB","Test":"TestCOWPublicEmptyCheckpointLeafRegistrationProgress/command_wal_durable","Elapsed":0.38}
{"Time":"2026-10-05T21:27:14.854887235-10:00","Action":"run","Package":"github.com/snissn/gomap/TreeDB","Test":"TestCOWPublicEmptyCheckpointLeafRegistrationProgress/command_wal_relaxed"}
{"Time":"2026-10-05T21:27:14.85489099-10:00","Action":"output","Package":"github.com/snissn/gomap/TreeDB","Test":"TestCOWPublicEmptyCheckpointLeafRegistrationProgress/command_wal_relaxed","Output":"=== RUN   TestCOWPublicEmptyCheckpointLeafRegistrationProgress/command_wal_relaxed\n"}
{"Time":"2026-10-05T21:27:15.201760749-10:00","Action":"output","Package":"github.com/snissn/gomap/TreeDB","Test":"TestCOWPublicEmptyCheckpointLeafRegistrationProgress/command_wal_relaxed","Output":"--- PASS: TestCOWPublicEmptyCheckpointLeafRegistrationProgress/command_wal_relaxed (0.35s)\n"}
{"Time":"2026-10-05T21:27:15.201784241-10:00","Action":"pass","Package":"github.com/snissn/gomap/TreeDB","Test":"TestCOWPublicEmptyCheckpointLeafRegistrationProgress/command_wal_relaxed","Elapsed":0.35}
{"Time":"2026-10-05T21:27:15.201798718-10:00","Action":"run","Package":"github.com/snissn/gomap/TreeDB","Test":"TestCOWPublicEmptyCheckpointLeafRegistrationProgress/no_wal_fast"}
{"Time":"2026-10-05T21:27:15.201800581-10:00","Action":"output","Package":"github.com/snissn/gomap/TreeDB","Test":"TestCOWPublicEmptyCheckpointLeafRegistrationProgress/no_wal_fast","Output":"=== RUN   TestCOWPublicEmptyCheckpointLeafRegistrationProgress/no_wal_fast\n"}
{"Time":"2026-10-05T21:27:15.464957065-10:00","Action":"output","Package":"github.com/snissn/gomap/TreeDB","Test":"TestCOWPublicEmptyCheckpointLeafRegistrationProgress/no_wal_fast","Output":"--- PASS: TestCOWPublicEmptyCheckpointLeafRegistrationProgress/no_wal_fast (0.26s)\n"}
{"Time":"2026-10-05T21:27:15.464984537-10:00","Action":"pass","Package":"github.com/snissn/gomap/TreeDB","Test":"TestCOWPublicEmptyCheckpointLeafRegistrationProgress/no_wal_fast","Elapsed":0.26}
{"Time":"2026-10-05T21:27:15.464990427-10:00","Action":"output","Package":"github.com/snissn/gomap/TreeDB","Test":"TestCOWPublicEmptyCheckpointLeafRegistrationProgress","Output":"--- PASS: TestCOWPublicEmptyCheckpointLeafRegistrationProgress (0.99s)\n"}
{"Time":"2026-10-05T21:27:15.46499263-10:00","Action":"pass","Package":"github.com/snissn/gomap/TreeDB","Test":"TestCOWPublicEmptyCheckpointLeafRegistrationProgress","Elapsed":0.99}
{"Time":"2026-10-05T21:27:15.467858823-10:00","Action":"run","Package":"github.com/snissn/gomap/TreeDB","Test":"TestDurabilityProfilePublicEntrypointInventory"}
{"Time":"2026-10-05T21:27:15.467870136-10:00","Action":"output","Package":"github.com/snissn/gomap/TreeDB","Test":"TestDurabilityProfilePublicEntrypointInventory","Output":"=== RUN   TestDurabilityProfilePublicEntrypointInventory\n"}
{"Time":"2026-10-05T21:27:15.516210239-10:00","Action":"output","Package":"github.com/snissn/gomap/TreeDB","Test":"TestDurabilityProfilePublicEntrypointInventory","Output":"--- PASS: TestDurabilityProfilePublicEntrypointInventory (0.05s)\n"}
{"Time":"2026-10-05T21:27:15.516241212-10:00","Action":"pass","Package":"github.com/snissn/gomap/TreeDB","Test":"TestDurabilityProfilePublicEntrypointInventory","Elapsed":0.05}
{"Time":"2026-10-05T21:27:15.525069395-10:00","Action":"output","Package":"github.com/snissn/gomap/TreeDB","Output":"PASS\n"}
{"Time":"2026-10-05T21:27:15.533286768-10:00","Action":"output","Package":"github.com/snissn/gomap/TreeDB","Output":"ok  \tgithub.com/snissn/gomap/TreeDB\t28.580s\n"}
{"Time":"2026-10-05T21:27:15.533312343-10:00","Action":"pass","Package":"github.com/snissn/gomap/TreeDB","Elapsed":28.581}
