{"Action":"start","Package":"github.com/snissn/gomap/TreeDB/db"}
{"Action":"output","Package":"github.com/snissn/gomap/TreeDB/db","Output":"TestSnapshotGet_ReturnsSafeCopyForValueLogPointer\n"}
{"Action":"output","Package":"github.com/snissn/gomap/TreeDB/db","Output":"TestRegisterCloseHookAfterRunCloseHooksIsIgnored\n"}
{"Action":"output","Package":"github.com/snissn/gomap/TreeDB/db","Output":"TestRegisterCloseHookBeforeRunsBeforeOrdinaryHooks\n"}
{"Action":"output","Package":"github.com/snissn/gomap/TreeDB/db","Output":"TestRegisterCloseHookIfOpenAfterSetupRunsUnderAcceptedRegistration\n"}
{"Action":"output","Package":"github.com/snissn/gomap/TreeDB/db","Output":"TestRegisterCloseHookIfOpenAfterSetupCanDeclineHook\n"}
{"Action":"output","Package":"github.com/snissn/gomap/TreeDB/db","Output":"TestReadAPIsWhileClosing_DoNotPanic\n"}
{"Action":"output","Package":"github.com/snissn/gomap/TreeDB/db","Output":"TestClosedDB_AcquireSnapshot\n"}
{"Action":"output","Package":"github.com/snissn/gomap/TreeDB/db","Output":"TestClosedDB_Close\n"}
{"Action":"output","Package":"github.com/snissn/gomap/TreeDB/db","Output":"TestClosedDB_Commit\n"}
{"Action":"output","Package":"github.com/snissn/gomap/TreeDB/db","Output":"TestClosedDB_Prune\n"}
{"Action":"output","Package":"github.com/snissn/gomap/TreeDB/db","Output":"TestClosedDB_Pager\n"}
{"Action":"output","Package":"github.com/snissn/gomap/TreeDB/db","Output":"TestClosedDB_Zipper\n"}
{"Action":"output","Package":"github.com/snissn/gomap/TreeDB/db","Output":"TestClosedDB_InlineThreshold\n"}
{"Action":"output","Package":"github.com/snissn/gomap/TreeDB/db","Output":"TestClosedDB_InlineThresholdForKey\n"}
{"Action":"output","Package":"github.com/snissn/gomap/TreeDB/db","Output":"TestClosedDB_State\n"}
{"Action":"output","Package":"github.com/snissn/gomap/TreeDB/db","Output":"TestClosedDB_RefreshValueLogSet\n"}
{"Action":"output","Package":"github.com/snissn/gomap/TreeDB/db","Output":"TestClosedDB_MarkValueLogZombie\n"}
{"Action":"output","Package":"github.com/snissn/gomap/TreeDB/db","Output":"TestClosedDB_CompactIndex\n"}
{"Action":"output","Package":"github.com/snissn/gomap/TreeDB/db","Output":"TestClosedDB_VacuumIndexOnline\n"}
{"Action":"output","Package":"github.com/snissn/gomap/TreeDB/db","Output":"TestClosedDB_ValueLogRewriteOnline\n"}
{"Action":"output","Package":"github.com/snissn/gomap/TreeDB/db","Output":"TestClosedDB_NewBatch\n"}
{"Action":"output","Package":"github.com/snissn/gomap/TreeDB/db","Output":"TestClosedDB_NewBatchWithSize\n"}
{"Action":"output","Package":"github.com/snissn/gomap/TreeDB/db","Output":"TestClosedDB_ValueLogGC\n"}
{"Action":"output","Package":"github.com/snissn/gomap/TreeDB/db","Output":"TestClosedDB_FragmentationReport\n"}
{"Action":"output","Package":"github.com/snissn/gomap/TreeDB/db","Output":"TestClosedDB_Get\n"}
{"Action":"output","Package":"github.com/snissn/gomap/TreeDB/db","Output":"TestClosedDB_GetMany\n"}
{"Action":"output","Package":"github.com/snissn/gomap/TreeDB/db","Output":"TestClosedDB_GetManyView\n"}
{"Action":"output","Package":"github.com/snissn/gomap/TreeDB/db","Output":"TestClosedDB_GetUnsafe\n"}
{"Action":"output","Package":"github.com/snissn/gomap/TreeDB/db","Output":"TestClosedDB_Dir\n"}
{"Action":"output","Package":"github.com/snissn/gomap/TreeDB/db","Output":"TestClosedDB_GetAppend\n"}
{"Action":"output","Package":"github.com/snissn/gomap/TreeDB/db","Output":"TestClosedDB_Has\n"}
{"Action":"output","Package":"github.com/snissn/gomap/TreeDB/db","Output":"TestClosedDB_Set\n"}
{"Action":"output","Package":"github.com/snissn/gomap/TreeDB/db","Output":"TestClosedDB_SetSync\n"}
{"Action":"output","Package":"github.com/snissn/gomap/TreeDB/db","Output":"TestClosedDB_Delete\n"}
{"Action":"output","Package":"github.com/snissn/gomap/TreeDB/db","Output":"TestClosedDB_DeleteSync\n"}
{"Action":"output","Package":"github.com/snissn/gomap/TreeDB/db","Output":"TestClosedDB_Update\n"}
{"Action":"output","Package":"github.com/snissn/gomap/TreeDB/db","Output":"TestClosedDB_UpdateSync\n"}
{"Action":"output","Package":"github.com/snissn/gomap/TreeDB/db","Output":"TestClosedDB_Iterator\n"}
{"Action":"output","Package":"github.com/snissn/gomap/TreeDB/db","Output":"TestClosedDB_IteratorWithOptions\n"}
{"Action":"output","Package":"github.com/snissn/gomap/TreeDB/db","Output":"TestClosedDB_ReverseIterator\n"}
{"Action":"output","Package":"github.com/snissn/gomap/TreeDB/db","Output":"TestClosedDB_ReverseIteratorWithOptions\n"}
{"Action":"output","Package":"github.com/snissn/gomap/TreeDB/db","Output":"TestClosedDB_PublishSystemRootIterator\n"}
{"Action":"output","Package":"github.com/snissn/gomap/TreeDB/db","Output":"TestClosedDB_PublishOrderedRootIterator\n"}
{"Action":"output","Package":"github.com/snissn/gomap/TreeDB/db","Output":"TestClosedDB_PublishOrderedRootGroup\n"}
{"Action":"output","Package":"github.com/snissn/gomap/TreeDB/db","Output":"TestClosedDB_PublishOrderedRootDeltaGroupWithSystemBuilder\n"}
{"Action":"output","Package":"github.com/snissn/gomap/TreeDB/db","Output":"TestClosedDB_PublishOrderedRootDeltaGroupWithPreflightMaintenanceSystemDeltaBuilder\n"}
{"Action":"output","Package":"github.com/snissn/gomap/TreeDB/db","Output":"TestClosedDB_PublishOrderedRootDeltaBatchGroupWithSystemDeltaBuilder\n"}
{"Action":"output","Package":"github.com/snissn/gomap/TreeDB/db","Output":"TestClosedDB_Stats\n"}
{"Action":"output","Package":"github.com/snissn/gomap/TreeDB/db","Output":"TestClosedDB_Print\n"}
{"Action":"output","Package":"github.com/snissn/gomap/TreeDB/db","Output":"TestDurableCandidateSnapshotRetainsExactConstructorBeforeAdmission\n"}
{"Action":"output","Package":"github.com/snissn/gomap/TreeDB/db","Output":"TestDurableCandidateSnapshotCreatorSurvivesDatabaseClose\n"}
{"Action":"output","Package":"github.com/snissn/gomap/TreeDB/db","Output":"TestDurableCandidateSnapshotCutoverRefusalBalancesOriginalLifetime\n"}
{"Action":"output","Package":"github.com/snissn/gomap/TreeDB/db","Output":"TestDurableCandidateSnapshotRefusesBeforeBirthOnClosedOrStrictOwner\n"}
{"Action":"output","Package":"github.com/snissn/gomap/TreeDB/db","Output":"TestDurableCandidateSnapshotCapturesRealStableIndexToken\n"}
{"Action":"output","Package":"github.com/snissn/gomap/TreeDB/db","Output":"TestDBFailedOpenReturnsActualIndexCleanupOwner\n"}
{"Action":"output","Package":"github.com/snissn/gomap/TreeDB/db","Output":"TestDBHeldSnapshotCreatorSurvivesCloseAndScrubsAtActualTerminal\n"}
{"Action":"output","Package":"github.com/snissn/gomap/TreeDB/db","Output":"TestDBGhostKeepsActualIndexAcrossPhysicalCloseFailure\n"}
{"Action":"output","Package":"github.com/snissn/gomap/TreeDB/db","Output":"TestDBPagerJoinDropsMaintenanceTeardownAndWriteGates\n"}
{"Action":"output","Package":"github.com/snissn/gomap/TreeDB/db","Output":"TestDBPhysicallyClosedIndexRemainsActualOwnerUntilRuntimeTerminal\n"}
{"Action":"output","Package":"github.com/snissn/gomap/TreeDB/db","Output":"TestDBPendingCloseKeepsNamespaceUntilActualIndexRetry\n"}
{"Action":"output","Package":"github.com/snissn/gomap/TreeDB/db","Output":"TestDBGhostOrdinaryScavengeKeepsPreparedCOWCustodyUntilRetry\n"}
{"Action":"output","Package":"github.com/snissn/gomap/TreeDB/db","Output":"TestDBGhostOrdinaryScavengeRemovesHealthyExactOwner\n"}
{"Action":"output","Package":"github.com/snissn/gomap/TreeDB/db","Output":"TestSnapshotAllocationAdmissionBeforeWrapperAndRegistry\n"}
{"Action":"output","Package":"github.com/snissn/gomap/TreeDB/db","Output":"TestSnapshotAllocationAdmissionFixedCohortPressure\n"}
{"Action":"output","Package":"github.com/snissn/gomap/TreeDB/db","Output":"TestSnapshotAllocationAdmissionRequiresSharedLeafPinSet\n"}
{"Action":"output","Package":"github.com/snissn/gomap/TreeDB/db","Output":"TestSnapshotOriginalCompletionWaitsForHeldReadAndScrub\n"}
{"Action":"output","Package":"github.com/snissn/gomap/TreeDB/db","Output":"TestSnapshotOriginalCompletionReentrantCloseAndPanicUncertainty\n"}
{"Action":"output","Package":"github.com/snissn/gomap/TreeDB/db","Output":"TestSnapshotOriginalCompletionCounterOnce\n"}
{"Action":"output","Package":"github.com/snissn/gomap/TreeDB/db","Output":"TestPrivatePointConstructorChurnAndPublicControlNoRefund\n"}
{"Action":"output","Package":"github.com/snissn/gomap/TreeDB/db","Output":"TestScanConstructorPrivateOriginAndUnownedRefusal\n"}
{"Action":"output","Package":"github.com/snissn/gomap/TreeDB/db","Output":"TestPrivateSnapshotFailedCloseRetainsExactBackingUntilReaderExit\n"}
{"Action":"output","Package":"github.com/snissn/gomap/TreeDB/db","Output":"TestSnapshotCleanupReentrantDBCloseRefusesBeforePhysicalTeardown\n"}
{"Action":"output","Package":"github.com/snissn/gomap/TreeDB/db","Output":"TestSnapshotCleanupConcurrentDBCloseDoesNotWaitForOwnCallback\n"}
{"Action":"output","Package":"github.com/snissn/gomap/TreeDB/db","Output":"TestSnapshotCleanupPanicLeavesActualDBOwnerAndNoCallbackReplay\n"}
{"Action":"output","Package":"github.com/snissn/gomap/TreeDB/db","Output":"TestStableSnapshotTokenSetReleaseRetriesHeldIteratorWithoutCounterReplay\n"}
{"Action":"output","Package":"github.com/snissn/gomap/TreeDB/db","Output":"TestSnapshotClosedSurfaceRejectsReadsAndInvalidatesAllIterators\n"}
{"Action":"output","Package":"github.com/snissn/gomap/TreeDB/db","Output":"TestSnapshotForegroundReadLifetimeFollowsBoundIterator\n"}
{"Action":"output","Package":"github.com/snissn/gomap/TreeDB/db","Output":"TestSnapshotDetachForegroundReadUsesOperationScopedLifetime\n"}
{"Action":"output","Package":"github.com/snissn/gomap/TreeDB/db","Output":"TestSnapshotForegroundReadConcurrentCloseEndsOnce\n"}
{"Action":"output","Package":"github.com/snissn/gomap/TreeDB/db","Output":"TestSnapshotReadCallbackCanCloseOwner\n"}
{"Action":"output","Package":"github.com/snissn/gomap/TreeDB/db","Output":"TestSnapshotRootReaderCallbackCanCloseOwner\n"}
{"Action":"output","Package":"github.com/snissn/gomap/TreeDB/db","Output":"TestSnapshotIteratorCreationSerializesCloseAndRelease\n"}
{"Action":"output","Package":"github.com/snissn/gomap/TreeDB/db","Output":"TestSnapshotIteratorCreationRejectsStaleGeneration\n"}
{"Action":"output","Package":"github.com/snissn/gomap/TreeDB/db","Output":"TestSnapshotIteratorCreationRejectsClosedHandleAfterNewAcquisition\n"}
{"Action":"output","Package":"github.com/snissn/gomap/TreeDB/db","Output":"TestSnapshotIteratorDoubleCloseCannotMutateDetachedOwner\n"}
{"Action":"output","Package":"github.com/snissn/gomap/TreeDB/db","Output":"TestSnapshot_HasManyAndHasPrefixes\n"}
{"Action":"output","Package":"github.com/snissn/gomap/TreeDB/db","Output":"TestSnapshot_HasManyAtRootAndHasPrefixesAtRoot\n"}
{"Action":"output","Package":"github.com/snissn/gomap/TreeDB/db","Output":"TestSnapshotReaderAtRootGetAppend\n"}
{"Action":"output","Package":"github.com/snissn/gomap/TreeDB/db","Output":"TestSnapshotTreeAtRootCachesRootTrees\n"}
{"Action":"output","Package":"github.com/snissn/gomap/TreeDB/db","Output":"TestSnapshotTreeAtRootConcurrentCacheAccess\n"}
{"Action":"output","Package":"github.com/snissn/gomap/TreeDB/db","Output":"TestSnapshot_HasAnySortedAtRootRecordsPerItemFallback\n"}
{"Action":"output","Package":"github.com/snissn/gomap/TreeDB/db","Output":"TestSnapshot_HasAnySortedAtRootFallbackDedupesDuplicateKeys\n"}
{"Action":"output","Package":"github.com/snissn/gomap/TreeDB/db","Output":"TestSnapshotRootProbesSkipTombstones\n"}
{"Action":"output","Package":"github.com/snissn/gomap/TreeDB/db","Output":"TestDBAndSnapshotStateTokenIsCoherentImmutableAndAllocationFree\n"}
{"Action":"output","Package":"github.com/snissn/gomap/TreeDB/db","Output":"TestAcquireSnapshot_UsesPublishedCoherentView\n"}
{"Action":"output","Package":"github.com/snissn/gomap/TreeDB/db","Output":"TestMinPinnedSnapshotCommitSeqTracksCurrentAndRetiredGenerations\n"}
{"Action":"output","Package":"github.com/snissn/gomap/TreeDB/db","Output":"TestMinPinnedSnapshotCommitSeqProtectsInFlightSnapshotAcquire\n"}
{"Action":"output","Package":"github.com/snissn/gomap/TreeDB/db","Output":"TestMinPinnedSnapshotCommitSeqRescansAcquireCompletedDuringScan\n"}
{"Action":"output","Package":"github.com/snissn/gomap/TreeDB/db","Output":"TestMinPinnedSnapshotCommitSeqToleratesShortSnapshotAcquireChurn\n"}
{"Action":"output","Package":"github.com/snissn/gomap/TreeDB/db","Output":"TestAcquireSnapshot_ReleasesPinnedValueLogSetOnRegistryNil\n"}
{"Action":"output","Package":"github.com/snissn/gomap/TreeDB/db","Output":"TestAcquireSnapshot_ReturnsNilWhenDBIsClosing\n"}
{"Action":"output","Package":"github.com/snissn/gomap/TreeDB/db","Output":"TestAcquireSnapshot_CurrentLeafGenerationViewOnlyPinsWhenItTurnsStale\n"}
{"Action":"output","Package":"github.com/snissn/gomap/TreeDB/db","Output":"TestAcquireSnapshot_SharedLeafGenerationPinSetAmortizesPins\n"}
{"Action":"output","Package":"github.com/snissn/gomap/TreeDB/db","Output":"TestAcquireSnapshot_SharedLeafGenerationPinSet_RemainsPinnedAcrossPublish\n"}
{"Action":"output","Package":"github.com/snissn/gomap/TreeDB/db","Output":"TestAcquireSnapshot_ManualLeafGenerationViewFallbackStillPinsPerSnapshot\n"}
{"Action":"output","Package":"github.com/snissn/gomap/TreeDB/db","Output":"TestAcquireSnapshot_DoesNotLeakLeafGenerationPinsOnRegistryNil\n"}
{"Action":"output","Package":"github.com/snissn/gomap/TreeDB/db","Output":"TestSnapshotPool_PutClearsLeafGenerationRefs\n"}
{"Action":"output","Package":"github.com/snissn/gomap/TreeDB/db","Output":"TestSnapshotReleaseLeafGenerationPins_ClearsRefBackingArray\n"}
{"Action":"output","Package":"github.com/snissn/gomap/TreeDB/db","Output":"TestStableIndexCallbackOriginalOnlyBothPublicClonePaths\n"}
{"Action":"output","Package":"github.com/snissn/gomap/TreeDB/db","Output":"TestStableIndexCallbackConstructorFailureLeavesSnapshotResponsibility\n"}
{"Action":"output","Package":"github.com/snissn/gomap/TreeDB/db","Output":"TestStableIndexCallbackKnownEnvironmentClassPrepaid\n"}
{"Action":"output","Package":"github.com/snissn/gomap/TreeDB/db","Output":"TestStableResourceCaptureLeaseRetainSerializesWithRelease\n"}
{"Action":"pass","Package":"github.com/snissn/gomap/TreeDB/db"}
