{"Action":"start","Package":"github.com/snissn/gomap/TreeDB/internal/rootpublication"}
{"Action":"output","Package":"github.com/snissn/gomap/TreeDB/internal/rootpublication","Output":"TestEnqueueBuiltRejectsForeignReleasedAndNestedLeasesBeforeCandidateMutation\n"}
{"Action":"output","Package":"github.com/snissn/gomap/TreeDB/internal/rootpublication","Output":"TestStableTerminalReportMissingConsumerPreservesCOWAndActualOwners\n"}
{"Action":"output","Package":"github.com/snissn/gomap/TreeDB/internal/rootpublication","Output":"TestStableTerminalReportCleanupFailureHandoffNeverConsumesCOWTwice\n"}
{"Action":"output","Package":"github.com/snissn/gomap/TreeDB/internal/rootpublication","Output":"TestStableTerminalReportEndsBeforeACKAndProtectsFinishingReservation\n"}
{"Action":"output","Package":"github.com/snissn/gomap/TreeDB/internal/rootpublication","Output":"TestStableTerminalCandidateAbandonPreflightsActualClosureBeforeCOW\n"}
{"Action":"output","Package":"github.com/snissn/gomap/TreeDB/internal/rootpublication","Output":"TestStableResourceTokenPinsIdentityRegistryUntilExactRelease\n"}
{"Action":"output","Package":"github.com/snissn/gomap/TreeDB/internal/rootpublication","Output":"TestMergeAppendOnlyLogicalObligationsSharedMutableKindsAreMutationLocal\n"}
{"Action":"output","Package":"github.com/snissn/gomap/TreeDB/internal/rootpublication","Output":"TestMergeAppendOnlyLogicalObligationsCrossKindCoalescingChecks\n"}
{"Action":"output","Package":"github.com/snissn/gomap/TreeDB/internal/rootpublication","Output":"TestStableResourceEntryRopeDeepAppendTraversalAndReleaseAreIterative\n"}
{"Action":"output","Package":"github.com/snissn/gomap/TreeDB/internal/rootpublication","Output":"TestMergeAppendOnlyLogicalObligationsRejectsScopedEntryWithoutObligations\n"}
{"Action":"output","Package":"github.com/snissn/gomap/TreeDB/internal/rootpublication","Output":"TestMergeAppendOnlyLogicalObligationsKeepsSmallBuilderLinear\n"}
{"Action":"output","Package":"github.com/snissn/gomap/TreeDB/internal/rootpublication","Output":"TestMergeAppendOnlyLogicalObligationsPhysicalCollisionIsMutationLocal\n"}
{"Action":"output","Package":"github.com/snissn/gomap/TreeDB/internal/rootpublication","Output":"TestMergeAppendOnlyLogicalObligationsRepeatedCollisionDoesNotRetainProducerTokens\n"}
{"Action":"output","Package":"github.com/snissn/gomap/TreeDB/internal/rootpublication","Output":"TestMergeAppendOnlyLogicalObligationsMixedDistinctAndCollisionIsAtomic\n"}
{"Action":"output","Package":"github.com/snissn/gomap/TreeDB/internal/rootpublication","Output":"TestMergeAppendOnlyLogicalObligationsLateMixedConflictLeavesInputsUnchanged\n"}
{"Action":"output","Package":"github.com/snissn/gomap/TreeDB/internal/rootpublication","Output":"TestMergeAppendOnlyLogicalObligationsCollisionReleaseOrders\n"}
{"Action":"output","Package":"github.com/snissn/gomap/TreeDB/internal/rootpublication","Output":"TestMergeAppendOnlyLogicalObligationsAmbiguousPhysicalCandidatesUseExactFallback\n"}
{"Action":"output","Package":"github.com/snissn/gomap/TreeDB/internal/rootpublication","Output":"TestMergeAppendOnlyLogicalObligationsCrossKindCollisionUsesExactFallback\n"}
{"Action":"output","Package":"github.com/snissn/gomap/TreeDB/internal/rootpublication","Output":"TestMergeAppendOnlyLogicalObligationsRepresentativeReplacementUsesExactFallback\n"}
{"Action":"output","Package":"github.com/snissn/gomap/TreeDB/internal/rootpublication","Output":"TestMergeAppendOnlyLogicalObligationsRejectsLogicalConflictBeforePhysicalCoalesce\n"}
{"Action":"output","Package":"github.com/snissn/gomap/TreeDB/internal/rootpublication","Output":"TestMergeAppendOnlyLogicalObligationsRepeatedDistinctSegmentsStayMutationLocal4371\n"}
{"Action":"output","Package":"github.com/snissn/gomap/TreeDB/internal/rootpublication","Output":"TestMergeAppendOnlyLogicalObligationsRejectsDistinctOverlap4371\n"}
{"Action":"output","Package":"github.com/snissn/gomap/TreeDB/internal/rootpublication","Output":"TestStableSetCheckedReleaseRetainsUnfinishedRoleAndSkipsConsumedToken\n"}
{"Action":"output","Package":"github.com/snissn/gomap/TreeDB/internal/rootpublication","Output":"TestStableBuilderNestedCleanupFailuresKeepBothActualOwners\n"}
{"Action":"output","Package":"github.com/snissn/gomap/TreeDB/internal/rootpublication","Output":"TestStableBuilderCleanupPanicIsUncertainAndNotReplayed\n"}
{"Action":"output","Package":"github.com/snissn/gomap/TreeDB/internal/rootpublication","Output":"TestStableSetOperationAllowsReentrantStateButRefusesReleaseBeforeEffects\n"}
{"Action":"output","Package":"github.com/snissn/gomap/TreeDB/internal/rootpublication","Output":"TestStableCheckedTokenReentrantReleaseIsBusyAndRetryConsumesOnce\n"}
{"Action":"output","Package":"github.com/snissn/gomap/TreeDB/internal/rootpublication","Output":"TestStableConcatCleanupPreservesCompleteChildErrorWithoutReplay\n"}
{"Action":"output","Package":"github.com/snissn/gomap/TreeDB/internal/rootpublication","Output":"TestStableResourceTokenSyncUsesPinnedIdentityAfterRenameRecreate\n"}
{"Action":"output","Package":"github.com/snissn/gomap/TreeDB/internal/rootpublication","Output":"TestCloneStableResourceSetUsesExactHandlesAndIndependentPins\n"}
{"Action":"output","Package":"github.com/snissn/gomap/TreeDB/internal/rootpublication","Output":"TestCloneStableResourceSetFiltersExactLogicalObligationClosure\n"}
{"Action":"output","Package":"github.com/snissn/gomap/TreeDB/internal/rootpublication","Output":"TestCloneStableResourceSetReportsPhysicalAndLogicalWorkSeparately\n"}
{"Action":"output","Package":"github.com/snissn/gomap/TreeDB/internal/rootpublication","Output":"TestStableResourceSetRejectsDataStableNamespaceUnstable\n"}
{"Action":"output","Package":"github.com/snissn/gomap/TreeDB/internal/rootpublication","Output":"TestStableResourceNamespaceRequiresExactLinkedChild\n"}
{"Action":"output","Package":"github.com/snissn/gomap/TreeDB/internal/rootpublication","Output":"TestStableResourceNamespaceAcceptsExactLinkedChild\n"}
{"Action":"output","Package":"github.com/snissn/gomap/TreeDB/internal/rootpublication","Output":"TestStableResourceMetricsSeparateFileAndNamespaceOperations\n"}
{"Action":"output","Package":"github.com/snissn/gomap/TreeDB/internal/rootpublication","Output":"TestStableResourceBuilderDistinctPhysicalLookupWorkIsBounded\n"}
{"Action":"output","Package":"github.com/snissn/gomap/TreeDB/internal/rootpublication","Output":"TestStableResourceSetDependencyManifestEncodingReusesRetainedEntries\n"}
{"Action":"output","Package":"github.com/snissn/gomap/TreeDB/internal/rootpublication","Output":"TestStableResourceSetDependencyManifestSurvivesCoalescingAndRelease\n"}
{"Action":"output","Package":"github.com/snissn/gomap/TreeDB/internal/rootpublication","Output":"TestStableResourceBuilderMergeDistinctPhysicalLookupWorkIsBounded\n"}
{"Action":"output","Package":"github.com/snissn/gomap/TreeDB/internal/rootpublication","Output":"TestStableResourceBuilderRepresentativeReplacementUpdatesLogicalLookup\n"}
{"Action":"output","Package":"github.com/snissn/gomap/TreeDB/internal/rootpublication","Output":"TestStableResourceBuilderClosureWorkSnapshotConcurrentWithAdd\n"}
{"Action":"output","Package":"github.com/snissn/gomap/TreeDB/internal/rootpublication","Output":"TestCloneStableResourceSetSharesCustomSyncHandle\n"}
{"Action":"output","Package":"github.com/snissn/gomap/TreeDB/internal/rootpublication","Output":"TestStableResourceSetRetainsRotatedIdentitiesAndGreatestFrontier\n"}
{"Action":"output","Package":"github.com/snissn/gomap/TreeDB/internal/rootpublication","Output":"TestStableResourceSetUnionsExactRIDMembershipAndExposesCoalescedDescriptor\n"}
{"Action":"output","Package":"github.com/snissn/gomap/TreeDB/internal/rootpublication","Output":"TestStableResourceSetRejectsConflictingLogicalObligationAtomically\n"}
{"Action":"output","Package":"github.com/snissn/gomap/TreeDB/internal/rootpublication","Output":"TestStableResourceSetLargeLogicalObligationIndexRejectsConflictAtomically\n"}
{"Action":"output","Package":"github.com/snissn/gomap/TreeDB/internal/rootpublication","Output":"TestStableResourceSetRejectedLogicalObligationBatchDoesNotLeakEarlierAddition\n"}
{"Action":"output","Package":"github.com/snissn/gomap/TreeDB/internal/rootpublication","Output":"TestStableResourceSetRejectedLargeLogicalObligationBatchDoesNotLeakEarlierAddition\n"}
{"Action":"output","Package":"github.com/snissn/gomap/TreeDB/internal/rootpublication","Output":"TestStableResourceTokenCapturesSingleLogicalObligationByValue\n"}
{"Action":"output","Package":"github.com/snissn/gomap/TreeDB/internal/rootpublication","Output":"TestStableResourceTokenCapturesExactRIDMembershipByValue\n"}
{"Action":"output","Package":"github.com/snissn/gomap/TreeDB/internal/rootpublication","Output":"TestStableResourceTokenRejectsRIDSummaryWithoutExactMembership\n"}
{"Action":"output","Package":"github.com/snissn/gomap/TreeDB/internal/rootpublication","Output":"TestStableResourceSetSyncUsesCoalescedGreatestFrontier\n"}
{"Action":"output","Package":"github.com/snissn/gomap/TreeDB/internal/rootpublication","Output":"TestStableResourceSetLogicalClonePreservesContentCertificate\n"}
{"Action":"output","Package":"github.com/snissn/gomap/TreeDB/internal/rootpublication","Output":"TestStableResourceSetMergeFrozenUnsyncedChildPreservesSyncRequirement\n"}
{"Action":"output","Package":"github.com/snissn/gomap/TreeDB/internal/rootpublication","Output":"TestStableResourceSetAlreadySyncedTokenDoesNotCoverAdvancedCoalescedFrontier\n"}
{"Action":"output","Package":"github.com/snissn/gomap/TreeDB/internal/rootpublication","Output":"TestStableResourceTokenSyncedRIDCoverage\n"}
{"Action":"output","Package":"github.com/snissn/gomap/TreeDB/internal/rootpublication","Output":"TestStableResourceSetRejectsFrontierIdentityDigestAndGenerationConflicts\n"}
{"Action":"output","Package":"github.com/snissn/gomap/TreeDB/internal/rootpublication","Output":"TestStableResourceNestedUnionMustResolveEveryRequiredChild\n"}
{"Action":"output","Package":"github.com/snissn/gomap/TreeDB/internal/rootpublication","Output":"TestBuilderMergeReleasesDroppedDuplicateChildPin\n"}
{"Action":"output","Package":"github.com/snissn/gomap/TreeDB/internal/rootpublication","Output":"TestBuilderMergeDuplicateChildPinStressDoesNotGrowDescriptors\n"}
{"Action":"output","Package":"github.com/snissn/gomap/TreeDB/internal/rootpublication","Output":"TestBuilderMergeConflictRetainsBothOwnersTransactionally\n"}
{"Action":"output","Package":"github.com/snissn/gomap/TreeDB/internal/rootpublication","Output":"TestStableResourceDefaultFlushDoesNotFsync\n"}
{"Action":"output","Package":"github.com/snissn/gomap/TreeDB/internal/rootpublication","Output":"TestStableResourceSetConcurrentReadsAndRelease\n"}
{"Action":"output","Package":"github.com/snissn/gomap/TreeDB/internal/rootpublication","Output":"TestStableResourceMetricsDistinguishCoveredSyncAttemptFromPhysicalFileSync\n"}
{"Action":"output","Package":"github.com/snissn/gomap/TreeDB/internal/rootpublication","Output":"TestStableResourceTokenPinnedReadRemainsUsable\n"}
{"Action":"output","Package":"github.com/snissn/gomap/TreeDB/internal/rootpublication","Output":"TestStableResourcePublicationDebtCoverage\n"}
{"Action":"output","Package":"github.com/snissn/gomap/TreeDB/internal/rootpublication","Output":"TestStableResourcePublicationDebtRetainsIndexedOwnership\n"}
{"Action":"output","Package":"github.com/snissn/gomap/TreeDB/internal/rootpublication","Output":"TestStableResourceSetExtrasReleasedEvidence\n"}
{"Action":"output","Package":"github.com/snissn/gomap/TreeDB/internal/rootpublication","Output":"TestStableResourcePrioritiesPreserveFNVByteStream\n"}
{"Action":"output","Package":"github.com/snissn/gomap/TreeDB/internal/rootpublication","Output":"TestStableResourceInventoryHasNoUnknownOwnerCells\n"}
{"Action":"output","Package":"github.com/snissn/gomap/TreeDB/internal/rootpublication","Output":"TestStableMetadataNilCloneRejectsWithoutAccountRead\n"}
{"Action":"output","Package":"github.com/snissn/gomap/TreeDB/internal/rootpublication","Output":"TestStableMetadataGenericSetClonesRefuseBeforeObserveOrClone\n"}
{"Action":"output","Package":"github.com/snissn/gomap/TreeDB/internal/rootpublication","Output":"TestConsumedStableResourceUnionRefusesFlatAndDirectoryInputs\n"}
{"Action":"output","Package":"github.com/snissn/gomap/TreeDB/internal/rootpublication","Output":"TestCloneStableResourceForSelector\n"}
{"Action":"output","Package":"github.com/snissn/gomap/TreeDB/internal/rootpublication","Output":"TestCloneStableResourceForSelectorRejectsReleasedSource\n"}
{"Action":"output","Package":"github.com/snissn/gomap/TreeDB/internal/rootpublication","Output":"TestCloneStableResourceForSelectorPinsIdentityAndRejectsNamespaceRebound\n"}
{"Action":"output","Package":"github.com/snissn/gomap/TreeDB/internal/rootpublication","Output":"TestStablePreparedTransferExclusiveClosureAndCleanup\n"}
{"Action":"output","Package":"github.com/snissn/gomap/TreeDB/internal/rootpublication","Output":"TestStablePreparedTransferSurvivingCloneRefusesIncompleteClosure\n"}
{"Action":"output","Package":"github.com/snissn/gomap/TreeDB/internal/rootpublication","Output":"TestStableTerminalReservedGateRetryUsesImmutableGenerationAndNoLateDebit\n"}
{"Action":"output","Package":"github.com/snissn/gomap/TreeDB/internal/rootpublication","Output":"TestStableTerminalReservedBackingChargesCurrentAndFutureRegistryBorrowers\n"}
{"Action":"output","Package":"github.com/snissn/gomap/TreeDB/internal/rootpublication","Output":"TestStableTerminalReservedWholeInputRefusesBeforeConstructorEffects\n"}
{"Action":"output","Package":"github.com/snissn/gomap/TreeDB/internal/rootpublication","Output":"TestTerminalDeleteReservationRefusesForeignDuplicateAndReleasedPinsBeforeDebit\n"}
{"Action":"output","Package":"github.com/snissn/gomap/TreeDB/internal/rootpublication","Output":"TestStableTerminalWholeDBGroupRefusalBeforePublication\n"}
{"Action":"output","Package":"github.com/snissn/gomap/TreeDB/internal/rootpublication","Output":"TestStableTerminalCommittedPartialDBCleanupKeepsOwnerAndCOWOnce\n"}
{"Action":"output","Package":"github.com/snissn/gomap/TreeDB/internal/rootpublication","Output":"TestStableTerminalAliasRoleRejectedBeforeCreditAndPublication\n"}
{"Action":"output","Package":"github.com/snissn/gomap/TreeDB/internal/rootpublication","Output":"TestTokenOperationReleaseWaitsForActualAdmittedAliases\n"}
{"Action":"output","Package":"github.com/snissn/gomap/TreeDB/internal/rootpublication","Output":"TestTokenOperationReentrantReleaseAndCallbackPanicCustody\n"}
{"Action":"output","Package":"github.com/snissn/gomap/TreeDB/internal/rootpublication","Output":"TestTokenConcreteProviderBothClonePathsAfterOriginalOwnerClose\n"}
{"Action":"output","Package":"github.com/snissn/gomap/TreeDB/internal/rootpublication","Output":"TestTokenCallbackOriginNeverBecomesOwnedAfterScrub\n"}
{"Action":"output","Package":"github.com/snissn/gomap/TreeDB/internal/rootpublication","Output":"TestBuilderDisposalCallbacksOutsideLinearIndexedAndViewGates\n"}
{"Action":"output","Package":"github.com/snissn/gomap/TreeDB/internal/rootpublication","Output":"TestTokenCloneRefusalBalancesOriginalCreatorAndObservation\n"}
{"Action":"output","Package":"github.com/snissn/gomap/TreeDB/internal/rootpublication","Output":"TestBuilderNestedViewMergeDisposalOutsideParentAndChildGates\n"}
{"Action":"output","Package":"github.com/snissn/gomap/TreeDB/internal/rootpublication","Output":"TestTokenOrdinaryMetadataAdmissionConcurrentRelease\n"}
{"Action":"output","Package":"github.com/snissn/gomap/TreeDB/internal/rootpublication","Output":"TestTokenPhaseOneKnownControlClasses\n"}
{"Action":"output","Package":"github.com/snissn/gomap/TreeDB/internal/rootpublication","Output":"TestTokenSharedCloneWithoutRegistryRetainsNilReleaseEnvironment\n"}
{"Action":"output","Package":"github.com/snissn/gomap/TreeDB/internal/rootpublication","Output":"TestTokenPhysicalCloneWithoutRegistryRetainsNilReleaseEnvironment\n"}
{"Action":"pass","Package":"github.com/snissn/gomap/TreeDB/internal/rootpublication"}
