{"Action":"start","Package":"github.com/snissn/gomap/TreeDB"}
{"Action":"output","Package":"github.com/snissn/gomap/TreeDB","Output":"TestPublicCloseDropsLifecycleGateAndRefusesReentrantCloseRead\n"}
{"Action":"output","Package":"github.com/snissn/gomap/TreeDB","Output":"TestPublicPendingConstructorRetainsActualChildOnCloseError\n"}
{"Action":"output","Package":"github.com/snissn/gomap/TreeDB","Output":"TestSnapshotGetManyViewClosedSnapshotBoundary\n"}
{"Action":"output","Package":"github.com/snissn/gomap/TreeDB","Output":"TestAcquireSnapshot_IncludesCachedWrites\n"}
{"Action":"output","Package":"github.com/snissn/gomap/TreeDB","Output":"TestAcquireSnapshot_IncludesCachedWrites_ValuePointers\n"}
{"Action":"output","Package":"github.com/snissn/gomap/TreeDB","Output":"TestAcquireSnapshot_HasManyAndHasPrefixesIncludeCachedWrites\n"}
{"Action":"output","Package":"github.com/snissn/gomap/TreeDB","Output":"TestAcquireSnapshot_BackendFastPathAfterCheckpointIsStable\n"}
{"Action":"output","Package":"github.com/snissn/gomap/TreeDB","Output":"TestAcquireSnapshot_BackendFastPathAllocsAreBounded\n"}
{"Action":"output","Package":"github.com/snissn/gomap/TreeDB","Output":"TestAcquireSnapshot_ConcurrentFastPathAcquireCloseWithCheckpoints\n"}
{"Action":"output","Package":"github.com/snissn/gomap/TreeDB","Output":"TestAcquireSnapshot_MutableCachedWritesUseCachedSnapshot\n"}
{"Action":"output","Package":"github.com/snissn/gomap/TreeDB","Output":"TestSnapshotIterateUsesPinnedView\n"}
{"Action":"output","Package":"github.com/snissn/gomap/TreeDB","Output":"TestSnapshotIterateBackendFastPathUsesPinnedView\n"}
{"Action":"output","Package":"github.com/snissn/gomap/TreeDB","Output":"TestSnapshotIterateNilCallbackFailsClosed\n"}
{"Action":"output","Package":"github.com/snissn/gomap/TreeDB","Output":"TestSnapshotIteratorSeekContract\n"}
{"Action":"output","Package":"github.com/snissn/gomap/TreeDB","Output":"TestSnapshotIteratorSeekRandomizedOracle\n"}
{"Action":"output","Package":"github.com/snissn/gomap/TreeDB","Output":"TestSnapshotCloseInvalidatesOutstandingIterator\n"}
{"Action":"output","Package":"github.com/snissn/gomap/TreeDB","Output":"TestSnapshotIteratorSeekAfterReopen\n"}
{"Action":"output","Package":"github.com/snissn/gomap/TreeDB","Output":"TestSnapshotIteratorEmptyDomainSeekRemainsEmpty\n"}
{"Action":"output","Package":"github.com/snissn/gomap/TreeDB","Output":"TestSnapshotIteratorOpenEndedLowerBoundSeekRemainsEmpty\n"}
{"Action":"output","Package":"github.com/snissn/gomap/TreeDB","Output":"TestSnapshotIteratorOpenEndedLowerBoundSeekClampsToDomain\n"}
{"Action":"pass","Package":"github.com/snissn/gomap/TreeDB"}
